######################################################################################################################
#                                            EXPERIMENTAL PROTOCOL REPORT                                            #
######################################################################################################################
# DATE      : 2026-05-18                                                                                             #
# TIME      : 08-22                                                                                                  #
# DATASET   : MNIST digits stratified                                                                                #
# CLASSIFIER: SimpleCNNBaseline                                                                                      #
# SUBSET    : 1/5                                                                                                    #
# SPLITS    : train=921, val=231, test=288                                                                           #
# TRAINING  : epochs=50, batch_size=64, lr=0.0010, device=cpu                                                        #
# ARCHITECT.: 16x16 grayscale -> Conv2d(1,16,3,pad=1) -> ReLU -> MaxPool2d(2) -> Conv2d(16,32,3,pad=1) -> ReLU ->    #
#             MaxPool2d(2) -> Flatten -> Linear(512,64) -> ReLU -> Linear(64, num_classes)                           #
# MODEL     : num_classes=10                                                                                         #
# TORCHINFO SUMMARY:                                                                                                 #
# =================================================================                                                  #
# Layer (type:depth-idx)                   Param #                                                                   #
# =================================================================                                                  #
# SimpleCNNBaseline                        --                                                                        #
# ├─Sequential: 1-1                        --                                                                        #
# │    └─Conv2d: 2-1                       160                                                                       #
# │    └─ReLU: 2-2                         --                                                                        #
# │    └─MaxPool2d: 2-3                    --                                                                        #
# │    └─Conv2d: 2-4                       4,640                                                                     #
# │    └─ReLU: 2-5                         --                                                                        #
# │    └─MaxPool2d: 2-6                    --                                                                        #
# ├─Sequential: 1-2                        --                                                                        #
# │    └─Flatten: 2-7                      --                                                                        #
# │    └─Linear: 2-8                       32,832                                                                    #
# │    └─ReLU: 2-9                         --                                                                        #
# │    └─Linear: 2-10                      650                                                                       #
# =================================================================                                                  #
# Total params: 38,282                                                                                               #
# Trainable params: 38,282                                                                                           #
# Non-trainable params: 0                                                                                            #
# =================================================================                                                  #
######################################################################################################################

+---------+--------+--------+--------+--------+--------+--------+--------+--------+--------+--------+
|  Epoch  | TrLoss | TrAcc  | TrPrec | TrRec  |  TrF1  | VaLoss | VaAcc  | VaPrec | VaRec  |  VaF1  |
+=========+========+========+========+========+========+========+========+========+========+========+
|  001/050|  2.2897|  0.1107|  0.0610|  0.1107|  0.0515|  2.2535|  0.1558|  0.0317|  0.1558|  0.0527|
|  002/050|  2.2117|  0.2845|  0.3335|  0.2845|  0.2046|  2.1370|  0.3030|  0.2527|  0.3030|  0.2210|
|  003/050|  2.0282|  0.3561|  0.5360|  0.3561|  0.2980|  1.8444|  0.5325|  0.6856|  0.5325|  0.5037|
|  004/050|  1.6363|  0.5820|  0.6198|  0.5820|  0.5728|  1.3816|  0.6320|  0.6823|  0.6320|  0.6233|
|  005/050|  1.1947|  0.6873|  0.6895|  0.6873|  0.6830|  1.0039|  0.7186|  0.7636|  0.7186|  0.7192|
|  006/050|  0.8756|  0.7307|  0.7350|  0.7307|  0.7303|  0.8252|  0.7359|  0.7539|  0.7359|  0.7289|
|  007/050|  0.7578|  0.7774|  0.7792|  0.7774|  0.7768|  0.6776|  0.8095|  0.8304|  0.8095|  0.8061|
|  008/050|  0.6554|  0.7959|  0.7971|  0.7959|  0.7952|  0.6448|  0.7792|  0.8144|  0.7792|  0.7807|
|  009/050|  0.5470|  0.8230|  0.8283|  0.8230|  0.8242|  0.5532|  0.8312|  0.8457|  0.8312|  0.8300|
|  010/050|  0.4891|  0.8578|  0.8585|  0.8578|  0.8574|  0.5439|  0.8312|  0.8589|  0.8312|  0.8252|
|  011/050|  0.4550|  0.8534|  0.8549|  0.8534|  0.8532|  0.4561|  0.8831|  0.8893|  0.8831|  0.8835|
|  012/050|  0.3907|  0.8784|  0.8784|  0.8784|  0.8778|  0.4431|  0.8571|  0.8790|  0.8571|  0.8607|
|  013/050|  0.3778|  0.8903|  0.8915|  0.8903|  0.8897|  0.4489|  0.8615|  0.8701|  0.8615|  0.8627|
|  014/050|  0.3297|  0.9088|  0.9103|  0.9088|  0.9090|  0.3858|  0.8701|  0.8825|  0.8701|  0.8715|
|  015/050|  0.3155|  0.9218|  0.9226|  0.9218|  0.9219|  0.3771|  0.8701|  0.8820|  0.8701|  0.8701|
|  016/050|  0.2847|  0.9197|  0.9204|  0.9197|  0.9194|  0.3883|  0.8831|  0.8898|  0.8831|  0.8818|
|  017/050|  0.2773|  0.9251|  0.9250|  0.9251|  0.9249|  0.3543|  0.8831|  0.8885|  0.8831|  0.8832|
|  018/050|  0.2516|  0.9262|  0.9268|  0.9262|  0.9260|  0.3514|  0.8961|  0.9010|  0.8961|  0.8946|
|  019/050|  0.2633|  0.9197|  0.9195|  0.9197|  0.9194|  0.3437|  0.9004|  0.9050|  0.9004|  0.8995|
|  020/050|  0.2397|  0.9381|  0.9381|  0.9381|  0.9380|  0.3407|  0.9004|  0.9072|  0.9004|  0.9019|
|  021/050|  0.2323|  0.9370|  0.9373|  0.9370|  0.9371|  0.3245|  0.8874|  0.8944|  0.8874|  0.8870|
|  022/050|  0.2152|  0.9501|  0.9503|  0.9501|  0.9501|  0.3132|  0.9004|  0.9033|  0.9004|  0.8990|
|  023/050|  0.1982|  0.9468|  0.9475|  0.9468|  0.9469|  0.3005|  0.9264|  0.9275|  0.9264|  0.9255|
|  024/050|  0.1792|  0.9544|  0.9546|  0.9544|  0.9544|  0.3145|  0.9091|  0.9123|  0.9091|  0.9077|
|  025/050|  0.1825|  0.9457|  0.9461|  0.9457|  0.9457|  0.3082|  0.9091|  0.9111|  0.9091|  0.9086|
|  026/050|  0.1613|  0.9609|  0.9610|  0.9609|  0.9608|  0.2779|  0.9048|  0.9068|  0.9048|  0.9048|
|  027/050|  0.1477|  0.9598|  0.9600|  0.9598|  0.9598|  0.2938|  0.8961|  0.8985|  0.8961|  0.8944|
|  028/050|  0.1471|  0.9587|  0.9590|  0.9587|  0.9588|  0.2692|  0.9091|  0.9123|  0.9091|  0.9093|
|  029/050|  0.1389|  0.9674|  0.9679|  0.9674|  0.9675|  0.2959|  0.9091|  0.9108|  0.9091|  0.9080|
|  030/050|  0.1444|  0.9653|  0.9656|  0.9653|  0.9652|  0.2925|  0.9004|  0.9021|  0.9004|  0.8996|
|  031/050|  0.1333|  0.9674|  0.9674|  0.9674|  0.9673|  0.2686|  0.9264|  0.9281|  0.9264|  0.9262|
|  032/050|  0.1321|  0.9663|  0.9666|  0.9663|  0.9664|  0.3067|  0.8831|  0.8954|  0.8831|  0.8839|
|  033/050|  0.1227|  0.9642|  0.9644|  0.9642|  0.9642|  0.2873|  0.9221|  0.9257|  0.9221|  0.9221|
|  034/050|  0.1255|  0.9642|  0.9646|  0.9642|  0.9642|  0.2961|  0.9091|  0.9143|  0.9091|  0.9094|
|  035/050|  0.1193|  0.9642|  0.9643|  0.9642|  0.9640|  0.2889|  0.8961|  0.9061|  0.8961|  0.8972|
|  036/050|  0.1051|  0.9718|  0.9720|  0.9718|  0.9718|  0.3096|  0.8918|  0.9112|  0.8918|  0.8949|
+---------+--------+--------+--------+--------+--------+--------+--------+--------+--------+--------+

######################################################################################################################
#                                                    TEST RESULTS                                                    #
######################################################################################################################
# LOSS      : 0.2897                                                                                                 #
# ACCURACY  : 0.8854                                                                                                 #
# PRECISION : 0.8903                                                                                                 #
# RECALL    : 0.8854                                                                                                 #
# F1        : 0.8857                                                                                                 #
# CONFUSION MATRIX:                                                                                                  #
# [[24  0  0  0  0  0  2  0  2  1]                                                                                   #
#  [ 0 28  0  0  0  0  1  0  0  0]                                                                                   #
#  [ 0  1 25  2  0  0  0  0  1  0]                                                                                   #
#  [ 0  1  0 25  0  1  0  2  0  0]                                                                                   #
#  [ 0  0  0  0 24  0  1  0  0  3]                                                                                   #
#  [ 1  1  1  0  0 24  0  0  1  0]                                                                                   #
#  [ 1  0  1  0  0  0 25  0  2  0]                                                                                   #
#  [ 0  1  0  0  0  0  0 27  0  1]                                                                                   #
#  [ 0  0  0  2  0  0  0  1 25  1]                                                                                   #
#  [ 0  0  0  0  0  0  0  1  0 28]]                                                                                  #
######################################################################################################################
