######################################################################################################################
#                                            EXPERIMENTAL PROTOCOL REPORT                                            #
######################################################################################################################
# DATE      : 2026-08-13                                                                                             #
# TIME      : 14-55                                                                                                  #
# DATASET   : MNIST digits stratified                                                                                #
# CLASSIFIER: Dense classifier                                                                                       #
# SUBSET    : 3/5                                                                                                    #
# SPLITS    : train=921, val=231, test=288                                                                           #
# TRAINING  : epochs=50, batch_size=16, device=cpu, qnn_lr=0.0010, head_lr=0.0100, dataset_id=cifar_rgb,             #
#             experiment_group=baseline, model_family=classical, encoding_id=raw_pixels, model_id=dense_classifier   #
# MODEL     : num_classes=10, num_qubits=0, num_layers=0                                                             #
# TORCHINFO SUMMARY:                                                                                                 #
# torchinfo.summary unavailable: No module named 'torchinfo'                                                         #
######################################################################################################################

+---------+--------+--------+--------+--------+--------+--------+--------+--------+--------+--------+
|  Epoch  | TrLoss | TrAcc  | TrPrec | TrRec  |  TrF1  | VaLoss | VaAcc  | VaPrec | VaRec  |  VaF1  |
+=========+========+========+========+========+========+========+========+========+========+========+
|  001/050| -0.1003|  0.0923|  0.0415|  0.0923|  0.0421| -0.0962|  0.0996|  0.0099|  0.0996|  0.0180|
|  002/050| -0.1021|  0.0999|  0.0100|  0.0999|  0.0182| -0.1056|  0.0996|  0.0172|  0.0996|  0.0236|
|  003/050| -0.1324|  0.1292|  0.0327|  0.1292|  0.0459| -0.1306|  0.1299|  0.0258|  0.1299|  0.0431|
|  004/050| -0.1459|  0.1455|  0.0418|  0.1455|  0.0610| -0.1413|  0.1558|  0.0441|  0.1558|  0.0630|
|  005/050| -0.1591|  0.1574|  0.0322|  0.1574|  0.0533| -0.1470|  0.1515|  0.0327|  0.1515|  0.0527|
|  006/050| -0.1637|  0.1672|  0.0468|  0.1672|  0.0633| -0.1505|  0.1602|  0.0355|  0.1602|  0.0567|
|  007/050| -0.1550|  0.1531|  0.0343|  0.1531|  0.0545| -0.1449|  0.1515|  0.0317|  0.1515|  0.0519|
|  008/050| -0.1592|  0.1607|  0.0320|  0.1607|  0.0533| -0.1537|  0.1602|  0.0367|  0.1602|  0.0577|
|  009/050| -0.1633|  0.1661|  0.0350|  0.1661|  0.0572| -0.1380|  0.1472|  0.0296|  0.1472|  0.0492|
|  010/050| -0.1775|  0.1813|  0.0383|  0.1813|  0.0627| -0.1400|  0.1472|  0.0299|  0.1472|  0.0495|
|  011/050| -0.1779|  0.1759|  0.0373|  0.1759|  0.0609| -0.1431|  0.1515|  0.0311|  0.1515|  0.0513|
|  012/050| -0.1766|  0.1781|  0.0372|  0.1781|  0.0612| -0.1496|  0.1558|  0.0336|  0.1558|  0.0544|
|  013/050| -0.1777|  0.1792|  0.0377|  0.1792|  0.0618| -0.1468|  0.1515|  0.0318|  0.1515|  0.0520|
+---------+--------+--------+--------+--------+--------+--------+--------+--------+--------+--------+

######################################################################################################################
#                                                    TEST RESULTS                                                    #
######################################################################################################################
# LOSS      : -0.1733                                                                                                #
# ACCURACY  : 0.1736                                                                                                 #
# PRECISION : 0.0444                                                                                                 #
# RECALL    : 0.1736                                                                                                 #
# F1        : 0.0677                                                                                                 #
# CONFUSION MATRIX:                                                                                                  #
# [[ 0  0  0 21  0  0  0  0  8  0]                                                                                   #
#  [ 0  0  0 21  0  0  0  0  8  0]                                                                                   #
#  [ 0  0  0 25  0  0  0  0  4  0]                                                                                   #
#  [ 0  0  0 27  0  0  0  0  2  0]                                                                                   #
#  [ 0  0  0 24  0  0  0  0  4  0]                                                                                   #
#  [ 0  0  0 26  0  0  0  0  2  0]                                                                                   #
#  [ 0  0  0 27  0  0  0  0  2  0]                                                                                   #
#  [ 0  0  0 25  0  0  0  0  4  0]                                                                                   #
#  [ 0  0  0  6  0  0  0  0 23  0]                                                                                   #
#  [ 0  0  0 13  0  0  0  0 16  0]]                                                                                  #
######################################################################################################################
