######################################################################################################################
#                                            EXPERIMENTAL PROTOCOL REPORT                                            #
######################################################################################################################
# DATE      : 2026-08-13                                                                                             #
# TIME      : 14-55                                                                                                  #
# DATASET   : MNIST digits stratified                                                                                #
# CLASSIFIER: Dense classifier                                                                                       #
# SUBSET    : 4/5                                                                                                    #
# SPLITS    : train=921, val=231, test=288                                                                           #
# TRAINING  : epochs=50, batch_size=16, device=cpu, qnn_lr=0.0010, head_lr=0.0100, dataset_id=cifar_rgb,             #
#             experiment_group=baseline, model_family=classical, encoding_id=raw_pixels, model_id=dense_classifier   #
# MODEL     : num_classes=10, num_qubits=0, num_layers=0                                                             #
# TORCHINFO SUMMARY:                                                                                                 #
# torchinfo.summary unavailable: No module named 'torchinfo'                                                         #
######################################################################################################################

+---------+--------+--------+--------+--------+--------+--------+--------+--------+--------+--------+
|  Epoch  | TrLoss | TrAcc  | TrPrec | TrRec  |  TrF1  | VaLoss | VaAcc  | VaPrec | VaRec  |  VaF1  |
+=========+========+========+========+========+========+========+========+========+========+========+
|  001/050| -0.0951|  0.0934|  0.0400|  0.0934|  0.0323| -0.1019|  0.0996|  0.0099|  0.0996|  0.0180|
|  002/050| -0.1316|  0.1292|  0.0372|  0.1292|  0.0535| -0.1537|  0.1602|  0.0396|  0.1602|  0.0603|
|  003/050| -0.1544|  0.1607|  0.0880|  0.1607|  0.0615| -0.1436|  0.1472|  0.0483|  0.1472|  0.0632|
|  004/050| -0.1617|  0.1661|  0.1278|  0.1661|  0.0730| -0.1654|  0.1732|  0.0445|  0.1732|  0.0675|
|  005/050| -0.1701|  0.1737|  0.2390|  0.1737|  0.0724| -0.1732|  0.1775|  0.0728|  0.1775|  0.0709|
|  006/050| -0.1683|  0.1672|  0.1497|  0.1672|  0.0733| -0.1610|  0.1688|  0.0533|  0.1688|  0.0702|
|  007/050| -0.1685|  0.1694|  0.2298|  0.1694|  0.0752| -0.1770|  0.1991|  0.1125|  0.1991|  0.0992|
|  008/050| -0.1600|  0.1629|  0.2490|  0.1629|  0.0758| -0.1590|  0.1645|  0.0352|  0.1645|  0.0576|
|  009/050| -0.1806|  0.1770|  0.1652|  0.1770|  0.0940| -0.1729|  0.1775|  0.0502|  0.1775|  0.0775|
|  010/050| -0.1779|  0.1824|  0.2045|  0.1824|  0.0885| -0.1755|  0.1775|  0.0578|  0.1775|  0.0858|
|  011/050| -0.1897|  0.1976|  0.1831|  0.1976|  0.1012| -0.1786|  0.1861|  0.0738|  0.1861|  0.0948|
|  012/050| -0.1908|  0.1922|  0.1427|  0.1922|  0.1066| -0.1815|  0.1818|  0.0856|  0.1818|  0.0963|
|  013/050| -0.1968|  0.1987|  0.1728|  0.1987|  0.1020| -0.1851|  0.1861|  0.0567|  0.1861|  0.0832|
|  014/050| -0.1995|  0.2063|  0.2635|  0.2063|  0.1010| -0.1710|  0.1861|  0.0719|  0.1861|  0.0962|
|  015/050| -0.2017|  0.1998|  0.1805|  0.1998|  0.1145| -0.1680|  0.1775|  0.1044|  0.1775|  0.0823|
|  016/050| -0.2001|  0.2030|  0.1755|  0.2030|  0.1121| -0.1736|  0.1818|  0.0785|  0.1818|  0.0975|
|  017/050| -0.1977|  0.2074|  0.1544|  0.2074|  0.1241| -0.1416|  0.1515|  0.0472|  0.1515|  0.0640|
|  018/050| -0.1698|  0.1705|  0.1385|  0.1705|  0.0656| -0.1594|  0.1645|  0.0391|  0.1645|  0.0616|
+---------+--------+--------+--------+--------+--------+--------+--------+--------+--------+--------+

######################################################################################################################
#                                                    TEST RESULTS                                                    #
######################################################################################################################
# LOSS      : -0.1873                                                                                                #
# ACCURACY  : 0.1910                                                                                                 #
# PRECISION : 0.0578                                                                                                 #
# RECALL    : 0.1910                                                                                                 #
# F1        : 0.0853                                                                                                 #
# CONFUSION MATRIX:                                                                                                  #
# [[ 0  0 12  2  0  0  0  0  0 15]                                                                                   #
#  [ 0  0  9  3  0  0  0  0  0 17]                                                                                   #
#  [ 0  0 25  3  0  0  0  0  0  1]                                                                                   #
#  [ 0  0 15  8  0  0  0  0  0  6]                                                                                   #
#  [ 0  0 21  5  0  0  0  0  0  2]                                                                                   #
#  [ 0  0 14  6  0  0  0  0  0  8]                                                                                   #
#  [ 0  0 16  7  0  0  0  0  0  6]                                                                                   #
#  [ 0  0 12  7  0  0  0  0  0 10]                                                                                   #
#  [ 0  0 13  1  0  0  0  0  0 15]                                                                                   #
#  [ 0  0  5  2  0  0  0  0  0 22]]                                                                                  #
######################################################################################################################
