######################################################################################################################
#                                            EXPERIMENTAL PROTOCOL REPORT                                            #
######################################################################################################################
# DATE      : 2026-08-13                                                                                             #
# TIME      : 14-55                                                                                                  #
# DATASET   : MNIST digits stratified                                                                                #
# CLASSIFIER: Dense classifier                                                                                       #
# SUBSET    : 5/5                                                                                                    #
# SPLITS    : train=921, val=231, test=288                                                                           #
# TRAINING  : epochs=50, batch_size=16, device=cpu, qnn_lr=0.0010, head_lr=0.0100, dataset_id=cifar_rgb,             #
#             experiment_group=baseline, model_family=classical, encoding_id=raw_pixels, model_id=dense_classifier   #
# MODEL     : num_classes=10, num_qubits=0, num_layers=0                                                             #
# TORCHINFO SUMMARY:                                                                                                 #
# torchinfo.summary unavailable: No module named 'torchinfo'                                                         #
######################################################################################################################

+---------+--------+--------+--------+--------+--------+--------+--------+--------+--------+--------+
|  Epoch  | TrLoss | TrAcc  | TrPrec | TrRec  |  TrF1  | VaLoss | VaAcc  | VaPrec | VaRec  |  VaF1  |
+=========+========+========+========+========+========+========+========+========+========+========+
|  001/050| -0.1166|  0.1151|  0.0334|  0.1151|  0.0424| -0.1590|  0.1602|  0.0320|  0.1602|  0.0530|
|  002/050| -0.1490|  0.1596|  0.0327|  0.1596|  0.0540| -0.1476|  0.1472|  0.0348|  0.1472|  0.0532|
|  003/050| -0.1611|  0.1683|  0.0833|  0.1683|  0.0597| -0.1589|  0.1558|  0.0319|  0.1558|  0.0522|
|  004/050| -0.1636|  0.1694|  0.0609|  0.1694|  0.0674| -0.1454|  0.1255|  0.0509|  0.1255|  0.0717|
|  005/050| -0.1767|  0.1835|  0.1008|  0.1835|  0.0867| -0.1693|  0.1645|  0.0347|  0.1645|  0.0571|
|  006/050| -0.1864|  0.1976|  0.1387|  0.1976|  0.1076| -0.1782|  0.1775|  0.1563|  0.1775|  0.0871|
|  007/050| -0.1897|  0.1933|  0.2581|  0.1933|  0.0986| -0.1810|  0.1775|  0.1565|  0.1775|  0.0877|
|  008/050| -0.1977|  0.2052|  0.1865|  0.2052|  0.1206| -0.1823|  0.1818|  0.1254|  0.1818|  0.0941|
|  009/050| -0.1994|  0.2041|  0.2629|  0.2041|  0.1095| -0.1764|  0.1775|  0.1613|  0.1775|  0.0871|
|  010/050| -0.2028|  0.2074|  0.2016|  0.2074|  0.1166| -0.1865|  0.1948|  0.2263|  0.1948|  0.1065|
|  011/050| -0.2160|  0.2204|  0.1629|  0.2204|  0.1270| -0.2027|  0.2035|  0.2316|  0.2035|  0.1275|
|  012/050| -0.1871|  0.1944|  0.1219|  0.1944|  0.1292| -0.1961|  0.2078|  0.0732|  0.2078|  0.0994|
|  013/050| -0.1918|  0.1998|  0.2578|  0.1998|  0.1038| -0.1833|  0.1818|  0.1988|  0.1818|  0.0900|
|  014/050| -0.2036|  0.2085|  0.1705|  0.2085|  0.1123| -0.2293|  0.2381|  0.2019|  0.2381|  0.1388|
|  015/050| -0.1847|  0.1878|  0.1019|  0.1878|  0.1259| -0.1012|  0.0996|  0.0099|  0.0996|  0.0180|
|  016/050| -0.1004|  0.0999|  0.0100|  0.0999|  0.0181| -0.1012|  0.0996|  0.0099|  0.0996|  0.0180|
|  017/050| -0.1002|  0.1010|  0.1099|  0.1010|  0.0203| -0.1012|  0.0996|  0.0099|  0.0996|  0.0180|
|  018/050| -0.1011|  0.1010|  0.1099|  0.1010|  0.0203| -0.1012|  0.0996|  0.0099|  0.0996|  0.0180|
|  019/050| -0.1003|  0.1010|  0.1099|  0.1010|  0.0203| -0.1012|  0.0996|  0.0099|  0.0996|  0.0180|
+---------+--------+--------+--------+--------+--------+--------+--------+--------+--------+--------+

######################################################################################################################
#                                                    TEST RESULTS                                                    #
######################################################################################################################
# LOSS      : -0.1980                                                                                                #
# ACCURACY  : 0.1944                                                                                                 #
# PRECISION : 0.0689                                                                                                 #
# RECALL    : 0.1944                                                                                                 #
# F1        : 0.0988                                                                                                 #
# CONFUSION MATRIX:                                                                                                  #
# [[20  1  0  0  8  0  0  0  0  0]                                                                                   #
#  [ 9 15  0  0  4  0  1  0  0  0]                                                                                   #
#  [ 4  1  0  2 22  0  0  0  0  0]                                                                                   #
#  [ 4  2  0  0 23  0  0  0  0  0]                                                                                   #
#  [ 3  3  0  1 21  0  0  0  0  0]                                                                                   #
#  [ 1  4  0  6 17  0  0  0  0  0]                                                                                   #
#  [ 0  7  0  0 22  0  0  0  0  0]                                                                                   #
#  [ 3  4  0  2 20  0  0  0  0  0]                                                                                   #
#  [24  3  0  0  2  0  0  0  0  0]                                                                                   #
#  [ 5 15  0  1  8  0  0  0  0  0]]                                                                                  #
######################################################################################################################
