######################################################################################################################
#                                            EXPERIMENTAL PROTOCOL REPORT                                            #
######################################################################################################################
# DATE      : 2026-08-13                                                                                             #
# TIME      : 14-55                                                                                                  #
# DATASET   : MNIST digits stratified                                                                                #
# CLASSIFIER: Dense classifier                                                                                       #
# SUBSET    : 2/5                                                                                                    #
# SPLITS    : train=921, val=231, test=288                                                                           #
# TRAINING  : epochs=50, batch_size=16, device=cpu, qnn_lr=0.0010, head_lr=0.0100, dataset_id=cifar_rgb,             #
#             experiment_group=baseline, model_family=classical, encoding_id=raw_pixels, model_id=dense_classifier   #
# MODEL     : num_classes=10, num_qubits=0, num_layers=0                                                             #
# TORCHINFO SUMMARY:                                                                                                 #
# torchinfo.summary unavailable: No module named 'torchinfo'                                                         #
######################################################################################################################

+---------+--------+--------+--------+--------+--------+--------+--------+--------+--------+--------+
|  Epoch  | TrLoss | TrAcc  | TrPrec | TrRec  |  TrF1  | VaLoss | VaAcc  | VaPrec | VaRec  |  VaF1  |
+=========+========+========+========+========+========+========+========+========+========+========+
|  001/050| -0.0946|  0.0934|  0.0739|  0.0934|  0.0243| -0.1060|  0.1039|  0.0108|  0.1039|  0.0196|
|  002/050| -0.0997|  0.0977|  0.0296|  0.0977|  0.0340| -0.0946|  0.0996|  0.0099|  0.0996|  0.0180|
|  003/050| -0.1005|  0.0999|  0.0215|  0.0999|  0.0231| -0.1317|  0.1385|  0.0297|  0.1385|  0.0475|
|  004/050| -0.1074|  0.1064|  0.0210|  0.1064|  0.0328| -0.1062|  0.1039|  0.0109|  0.1039|  0.0197|
|  005/050| -0.1121|  0.1086|  0.1303|  0.1086|  0.0462| -0.1214|  0.1255|  0.0440|  0.1255|  0.0554|
|  006/050| -0.1153|  0.1151|  0.0388|  0.1151|  0.0566| -0.1874|  0.1905|  0.0581|  0.1905|  0.0888|
|  007/050| -0.1611|  0.1716|  0.0544|  0.1716|  0.0788| -0.1675|  0.1558|  0.0535|  0.1558|  0.0613|
|  008/050| -0.1812|  0.1878|  0.0588|  0.1878|  0.0886| -0.1743|  0.1602|  0.0585|  0.1602|  0.0753|
|  009/050| -0.1946|  0.2030|  0.0613|  0.2030|  0.0940| -0.1797|  0.1732|  0.0649|  0.1732|  0.0740|
|  010/050| -0.1917|  0.1976|  0.0612|  0.1976|  0.0918| -0.1911|  0.1861|  0.0643|  0.1861|  0.0878|
|  011/050| -0.2031|  0.2085|  0.0658|  0.2085|  0.0981| -0.1822|  0.1732|  0.0623|  0.1732|  0.0771|
|  012/050| -0.1979|  0.2020|  0.0617|  0.2020|  0.0936| -0.2098|  0.1991|  0.0635|  0.1991|  0.0952|
|  013/050| -0.2095|  0.2193|  0.0662|  0.2193|  0.1015| -0.2077|  0.2035|  0.0626|  0.2035|  0.0953|
|  014/050| -0.2122|  0.2204|  0.0677|  0.2204|  0.1032| -0.2057|  0.2035|  0.0671|  0.2035|  0.0986|
|  015/050| -0.2159|  0.2226|  0.0686|  0.2226|  0.1037| -0.2015|  0.2035|  0.0689|  0.2035|  0.0991|
|  016/050| -0.2154|  0.2172|  0.0661|  0.2172|  0.1009| -0.2019|  0.1991|  0.0622|  0.1991|  0.0930|
|  017/050| -0.2229|  0.2324|  0.0713|  0.2324|  0.1078| -0.1772|  0.1732|  0.0686|  0.1732|  0.0642|
+---------+--------+--------+--------+--------+--------+--------+--------+--------+--------+--------+

######################################################################################################################
#                                                    TEST RESULTS                                                    #
######################################################################################################################
# LOSS      : -0.1819                                                                                                #
# ACCURACY  : 0.1875                                                                                                 #
# PRECISION : 0.1562                                                                                                 #
# RECALL    : 0.1875                                                                                                 #
# F1        : 0.0918                                                                                                 #
# CONFUSION MATRIX:                                                                                                  #
# [[ 0 18  0  0  0 11  0  0  0  0]                                                                                   #
#  [ 0 18  0  0  0  7  4  0  0  0]                                                                                   #
#  [ 0  5  0  0  0  7 17  0  0  0]                                                                                   #
#  [ 0  7  0  1  0 10 11  0  0  0]                                                                                   #
#  [ 0  5  0  0  0 11 12  0  0  0]                                                                                   #
#  [ 0  4  0  0  0 14 10  0  0  0]                                                                                   #
#  [ 0  3  0  0  0  5 21  0  0  0]                                                                                   #
#  [ 0  7  0  0  0  8 14  0  0  0]                                                                                   #
#  [ 0 22  0  0  0  4  3  0  0  0]                                                                                   #
#  [ 0 24  0  0  0  2  3  0  0  0]]                                                                                  #
######################################################################################################################
