######################################################################################################################
#                                            EXPERIMENTAL PROTOCOL REPORT                                            #
######################################################################################################################
# DATE      : 2026-07-01                                                                                             #
# TIME      : 15-31                                                                                                  #
# DATASET   : MNIST digits stratified                                                                                #
# CLASSIFIER: CNN + FRQI + QNN + Dense                                                                               #
# SUBSET    : 5/5                                                                                                    #
# SPLITS    : train=921, val=231, test=288                                                                           #
# TRAINING  : epochs=50, batch_size=16, device=cpu, qnn_lr=0.0010, head_lr=0.0100, cnn_lr=0.0010,                    #
#             convolution_depth=2, encoding_method=frqi                                                              #
# MODEL     : num_classes=10, num_qubits=5, num_layers=1                                                             #
# TORCHINFO SUMMARY:                                                                                                 #
# =================================================================                                                  #
# Layer (type:depth-idx)                   Param #                                                                   #
# =================================================================                                                  #
# Sequential                               --                                                                        #
# ├─Sequential: 1-1                        --                                                                        #
# │    └─Conv2d: 2-1                       80                                                                        #
# │    └─BatchNorm2d: 2-2                  16                                                                        #
# │    └─ReLU: 2-3                         --                                                                        #
# │    └─MaxPool2d: 2-4                    --                                                                        #
# │    └─Conv2d: 2-5                       1,168                                                                     #
# │    └─BatchNorm2d: 2-6                  32                                                                        #
# │    └─ReLU: 2-7                         --                                                                        #
# │    └─MaxPool2d: 2-8                    --                                                                        #
# ├─VQCLayerForCNNFeatureMaps: 1-2         240                                                                       #
# ├─Flatten: 1-3                           --                                                                        #
# ├─Linear: 1-4                            5,130                                                                     #
# ├─LogSoftmax: 1-5                        --                                                                        #
# =================================================================                                                  #
# Total params: 6,666                                                                                                #
# Trainable params: 6,666                                                                                            #
# Non-trainable params: 0                                                                                            #
# =================================================================                                                  #
######################################################################################################################

+---------+--------+--------+--------+--------+--------+--------+--------+--------+--------+--------+
|  Epoch  | TrLoss | TrAcc  | TrPrec | TrRec  |  TrF1  | VaLoss | VaAcc  | VaPrec | VaRec  |  VaF1  |
+=========+========+========+========+========+========+========+========+========+========+========+
|  001/050|  1.9563|  0.4571|  0.4564|  0.4571|  0.4560|  1.3443|  0.5498|  0.7008|  0.5498|  0.5222|
|  002/050|  1.1726|  0.6450|  0.6416|  0.6450|  0.6428|  1.3212|  0.5931|  0.7234|  0.5931|  0.5767|
|  003/050|  1.0858|  0.6667|  0.6649|  0.6667|  0.6653|  1.2694|  0.6450|  0.7444|  0.6450|  0.6436|
|  004/050|  0.9636|  0.7047|  0.7047|  0.7047|  0.7042|  1.1912|  0.6364|  0.7029|  0.6364|  0.6392|
|  005/050|  1.6213|  0.6048|  0.6056|  0.6048|  0.6047|  1.5370|  0.6234|  0.6523|  0.6234|  0.6030|
|  006/050|  1.4740|  0.6526|  0.6521|  0.6526|  0.6517|  1.8960|  0.5411|  0.6372|  0.5411|  0.5276|
|  007/050|  1.3857|  0.6602|  0.6591|  0.6602|  0.6594|  1.5757|  0.6017|  0.6723|  0.6017|  0.5897|
|  008/050|  1.2391|  0.6699|  0.6676|  0.6699|  0.6685|  1.1493|  0.6667|  0.6949|  0.6667|  0.6628|
|  009/050|  1.0969|  0.7036|  0.7018|  0.7036|  0.7022|  1.5318|  0.6364|  0.6969|  0.6364|  0.6403|
|  010/050|  1.2087|  0.6895|  0.6899|  0.6895|  0.6892|  1.4222|  0.6623|  0.7176|  0.6623|  0.6678|
|  011/050|  1.2421|  0.6797|  0.6788|  0.6797|  0.6788|  1.9321|  0.5887|  0.5924|  0.5887|  0.5599|
|  012/050|  1.1793|  0.6884|  0.6886|  0.6884|  0.6881|  1.7128|  0.5758|  0.6976|  0.5758|  0.5705|
|  013/050|  1.3201|  0.6895|  0.6880|  0.6895|  0.6886|  1.5495|  0.6234|  0.6469|  0.6234|  0.6214|
+---------+--------+--------+--------+--------+--------+--------+--------+--------+--------+--------+

######################################################################################################################
#                                                    TEST RESULTS                                                    #
######################################################################################################################
# LOSS      : 1.1181                                                                                                 #
# ACCURACY  : 0.6875                                                                                                 #
# PRECISION : 0.7211                                                                                                 #
# RECALL    : 0.6875                                                                                                 #
# F1        : 0.6901                                                                                                 #
# CONFUSION MATRIX:                                                                                                  #
# [[24  0  1  1  0  1  1  0  0  1]                                                                                   #
#  [ 0 26  1  0  0  1  0  0  0  1]                                                                                   #
#  [ 0  0 21  5  0  2  0  0  1  0]                                                                                   #
#  [ 0  0  4 18  0  3  0  2  0  2]                                                                                   #
#  [ 0  0  0  0 17  5  1  2  0  3]                                                                                   #
#  [ 3  0  1  4  0 17  0  0  2  1]                                                                                   #
#  [ 1  0  6  0  1  3 16  2  0  0]                                                                                   #
#  [ 0  0  0  0  0  0  0 25  0  4]                                                                                   #
#  [ 0  1  1  1  1  7  0  3 13  2]                                                                                   #
#  [ 0  0  0  2  1  1  0  3  1 21]]                                                                                  #
######################################################################################################################
