######################################################################################################################
#                                            EXPERIMENTAL PROTOCOL REPORT                                            #
######################################################################################################################
# DATE      : 2026-08-16                                                                                             #
# TIME      : 21-59                                                                                                  #
# DATASET   : MNIST digits stratified                                                                                #
# CLASSIFIER: CNN + Dense                                                                                            #
# SUBSET    : 4/5                                                                                                    #
# SPLITS    : train=921, val=231, test=288                                                                           #
# TRAINING  : epochs=50, batch_size=64, device=cpu, qnn_lr=0.0010, head_lr=0.0100, dataset_id=cifar_rgb,             #
#             experiment_group=baseline, model_family=classical, encoding_id=raw_pixels, model_id=cnn_classifier     #
# MODEL     : num_classes=10, num_qubits=0, num_layers=0                                                             #
# TORCHINFO SUMMARY:                                                                                                 #
# =================================================================                                                  #
# Layer (type:depth-idx)                   Param #                                                                   #
# =================================================================                                                  #
# CNNClassifier                            --                                                                        #
# ├─Sequential: 1-1                        --                                                                        #
# │    └─Conv2d: 2-1                       448                                                                       #
# │    └─ReLU: 2-2                         --                                                                        #
# │    └─MaxPool2d: 2-3                    --                                                                        #
# │    └─Conv2d: 2-4                       4,640                                                                     #
# │    └─ReLU: 2-5                         --                                                                        #
# │    └─MaxPool2d: 2-6                    --                                                                        #
# ├─Sequential: 1-2                        --                                                                        #
# │    └─Flatten: 2-7                      --                                                                        #
# │    └─Linear: 2-8                       131,136                                                                   #
# │    └─ReLU: 2-9                         --                                                                        #
# │    └─Linear: 2-10                      650                                                                       #
# │    └─LogSoftmax: 2-11                  --                                                                        #
# =================================================================                                                  #
# Total params: 136,874                                                                                              #
# Trainable params: 136,874                                                                                          #
# Non-trainable params: 0                                                                                            #
# =================================================================                                                  #
######################################################################################################################

+---------+--------+--------+--------+--------+--------+--------+--------+--------+--------+--------+
|  Epoch  | TrLoss | TrAcc  | TrPrec | TrRec  |  TrF1  | VaLoss | VaAcc  | VaPrec | VaRec  |  VaF1  |
+=========+========+========+========+========+========+========+========+========+========+========+
|  001/050|  2.3027|  0.1021|  0.0433|  0.1021|  0.0503|  2.2847|  0.1775|  0.0754|  0.1775|  0.1040|
|  002/050|  2.2315|  0.1759|  0.1288|  0.1759|  0.1250|  2.1839|  0.2165|  0.1044|  0.2165|  0.1228|
|  003/050|  2.0830|  0.2389|  0.3141|  0.2389|  0.1693|  2.0822|  0.2121|  0.2372|  0.2121|  0.1753|
|  004/050|  1.9909|  0.2530|  0.2439|  0.2530|  0.2172|  2.0604|  0.2251|  0.2074|  0.2251|  0.1763|
|  005/050|  1.9344|  0.2964|  0.2945|  0.2964|  0.2771|  1.9845|  0.2900|  0.2921|  0.2900|  0.2483|
|  006/050|  1.8918|  0.3355|  0.3299|  0.3355|  0.3167|  1.8987|  0.3463|  0.3365|  0.3463|  0.3302|
|  007/050|  1.8095|  0.3768|  0.3760|  0.3768|  0.3621|  1.8946|  0.3333|  0.3815|  0.3333|  0.2837|
|  008/050|  1.7375|  0.3931|  0.3907|  0.3931|  0.3831|  1.8430|  0.3506|  0.3522|  0.3506|  0.3232|
|  009/050|  1.7160|  0.3898|  0.3848|  0.3898|  0.3800|  1.8472|  0.3333|  0.3591|  0.3333|  0.3095|
|  010/050|  1.6441|  0.4202|  0.4213|  0.4202|  0.4082|  1.7903|  0.3290|  0.3732|  0.3290|  0.3322|
|  011/050|  1.5996|  0.4419|  0.4412|  0.4419|  0.4324|  1.7543|  0.3723|  0.4160|  0.3723|  0.3642|
|  012/050|  1.5710|  0.4376|  0.4362|  0.4376|  0.4347|  1.7495|  0.3766|  0.4603|  0.3766|  0.3491|
|  013/050|  1.5133|  0.4745|  0.4835|  0.4745|  0.4684|  1.7021|  0.3853|  0.3869|  0.3853|  0.3777|
|  014/050|  1.4954|  0.4691|  0.4732|  0.4691|  0.4636|  1.6888|  0.4069|  0.4274|  0.4069|  0.4055|
|  015/050|  1.4656|  0.4788|  0.4796|  0.4788|  0.4754|  1.7394|  0.3723|  0.4668|  0.3723|  0.3487|
|  016/050|  1.4712|  0.4734|  0.4784|  0.4734|  0.4710|  1.7570|  0.3896|  0.4821|  0.3896|  0.3941|
|  017/050|  1.4139|  0.5027|  0.5044|  0.5027|  0.4974|  1.6829|  0.4199|  0.4398|  0.4199|  0.4080|
|  018/050|  1.3930|  0.5049|  0.5053|  0.5049|  0.5003|  1.7915|  0.3896|  0.4661|  0.3896|  0.3960|
|  019/050|  1.3662|  0.5016|  0.5015|  0.5016|  0.4986|  1.6842|  0.4242|  0.4353|  0.4242|  0.4155|
|  020/050|  1.3410|  0.5396|  0.5372|  0.5396|  0.5358|  1.6920|  0.4502|  0.4812|  0.4502|  0.4414|
|  021/050|  1.2999|  0.5244|  0.5247|  0.5244|  0.5234|  1.6390|  0.4329|  0.4569|  0.4329|  0.4184|
|  022/050|  1.2687|  0.5483|  0.5522|  0.5483|  0.5444|  1.6689|  0.4156|  0.4392|  0.4156|  0.4122|
|  023/050|  1.2418|  0.5679|  0.5697|  0.5679|  0.5671|  1.7195|  0.4026|  0.4477|  0.4026|  0.3908|
|  024/050|  1.2150|  0.5635|  0.5615|  0.5635|  0.5607|  1.6618|  0.4113|  0.4506|  0.4113|  0.4120|
|  025/050|  1.1648|  0.5928|  0.5919|  0.5928|  0.5907|  1.6927|  0.4242|  0.4694|  0.4242|  0.4196|
|  026/050|  1.1503|  0.6145|  0.6177|  0.6145|  0.6132|  1.7132|  0.4026|  0.4344|  0.4026|  0.3988|
+---------+--------+--------+--------+--------+--------+--------+--------+--------+--------+--------+

######################################################################################################################
#                                                    TEST RESULTS                                                    #
######################################################################################################################
# LOSS      : 1.6062                                                                                                 #
# ACCURACY  : 0.4028                                                                                                 #
# PRECISION : 0.4418                                                                                                 #
# RECALL    : 0.4028                                                                                                 #
# F1        : 0.3978                                                                                                 #
# CONFUSION MATRIX:                                                                                                  #
# [[ 7  2  3  0  1  0  0  0 13  3]                                                                                   #
#  [ 0 14  0  1  0  0  1  2  2  9]                                                                                   #
#  [ 0  0 10  2  8  2  3  3  1  0]                                                                                   #
#  [ 0  1  2  5  3  5  4  5  4  0]                                                                                   #
#  [ 0  0  6  1 10  0  2  5  4  0]                                                                                   #
#  [ 0  0  1  5  3  8  3  5  1  2]                                                                                   #
#  [ 1  0  2  4  4  0 14  1  1  2]                                                                                   #
#  [ 0  0  1  5  3  2  1 14  1  2]                                                                                   #
#  [ 1  2  1  0  0  0  0  4 19  2]                                                                                   #
#  [ 0  3  0  0  0  0  0  2  9 15]]                                                                                  #
######################################################################################################################
