######################################################################################################################
#                                            EXPERIMENTAL PROTOCOL REPORT                                            #
######################################################################################################################
# DATE      : 2026-08-16                                                                                             #
# TIME      : 21-59                                                                                                  #
# DATASET   : MNIST digits stratified                                                                                #
# CLASSIFIER: CNN + Dense                                                                                            #
# SUBSET    : 1/5                                                                                                    #
# SPLITS    : train=921, val=231, test=288                                                                           #
# TRAINING  : epochs=50, batch_size=64, device=cpu, qnn_lr=0.0010, head_lr=0.0100, dataset_id=cifar_rgb,             #
#             experiment_group=baseline, model_family=classical, encoding_id=raw_pixels, model_id=cnn_classifier     #
# ARCHITECT.: 32x32x3 -> Conv(3,16) -> Pool -> Conv(16,32) -> Pool -> Flatten -> Linear(64) -> Linear(classes)       #
# MODEL     : num_classes=10, num_qubits=0, num_layers=0                                                             #
# TORCHINFO SUMMARY:                                                                                                 #
# =================================================================                                                  #
# Layer (type:depth-idx)                   Param #                                                                   #
# =================================================================                                                  #
# CNNClassifier                            --                                                                        #
# ├─Sequential: 1-1                        --                                                                        #
# │    └─Conv2d: 2-1                       448                                                                       #
# │    └─ReLU: 2-2                         --                                                                        #
# │    └─MaxPool2d: 2-3                    --                                                                        #
# │    └─Conv2d: 2-4                       4,640                                                                     #
# │    └─ReLU: 2-5                         --                                                                        #
# │    └─MaxPool2d: 2-6                    --                                                                        #
# ├─Sequential: 1-2                        --                                                                        #
# │    └─Flatten: 2-7                      --                                                                        #
# │    └─Linear: 2-8                       131,136                                                                   #
# │    └─ReLU: 2-9                         --                                                                        #
# │    └─Linear: 2-10                      650                                                                       #
# │    └─LogSoftmax: 2-11                  --                                                                        #
# =================================================================                                                  #
# Total params: 136,874                                                                                              #
# Trainable params: 136,874                                                                                          #
# Non-trainable params: 0                                                                                            #
# =================================================================                                                  #
######################################################################################################################

+---------+--------+--------+--------+--------+--------+--------+--------+--------+--------+--------+
|  Epoch  | TrLoss | TrAcc  | TrPrec | TrRec  |  TrF1  | VaLoss | VaAcc  | VaPrec | VaRec  |  VaF1  |
+=========+========+========+========+========+========+========+========+========+========+========+
|  001/050|  2.3055|  0.1021|  0.0380|  0.1021|  0.0501|  2.2912|  0.1645|  0.0876|  0.1645|  0.0986|
|  002/050|  2.2512|  0.1650|  0.2153|  0.1650|  0.1071|  2.2137|  0.1732|  0.1351|  0.1732|  0.1025|
|  003/050|  2.1146|  0.2421|  0.3704|  0.2421|  0.1579|  2.0862|  0.2338|  0.2860|  0.2338|  0.1832|
|  004/050|  2.0330|  0.2671|  0.2934|  0.2671|  0.2269|  2.0589|  0.2381|  0.2370|  0.2381|  0.1900|
|  005/050|  1.9621|  0.3018|  0.3033|  0.3018|  0.2854|  1.9885|  0.2814|  0.3547|  0.2814|  0.2500|
|  006/050|  1.8893|  0.3333|  0.3317|  0.3333|  0.3092|  2.0080|  0.2987|  0.3378|  0.2987|  0.2717|
|  007/050|  1.8286|  0.3594|  0.3607|  0.3594|  0.3446|  1.9204|  0.2900|  0.3292|  0.2900|  0.2654|
|  008/050|  1.7577|  0.3920|  0.3963|  0.3920|  0.3862|  1.8828|  0.3463|  0.3269|  0.3463|  0.3261|
|  009/050|  1.7345|  0.3909|  0.3908|  0.3909|  0.3868|  1.9495|  0.2987|  0.3219|  0.2987|  0.2635|
|  010/050|  1.6829|  0.4169|  0.4137|  0.4169|  0.4041|  1.7931|  0.3247|  0.3425|  0.3247|  0.3177|
|  011/050|  1.5916|  0.4593|  0.4641|  0.4593|  0.4557|  1.7731|  0.3853|  0.3864|  0.3853|  0.3743|
|  012/050|  1.5275|  0.4756|  0.4765|  0.4756|  0.4738|  1.7847|  0.3463|  0.3873|  0.3463|  0.3357|
|  013/050|  1.4907|  0.4853|  0.4815|  0.4853|  0.4820|  1.7854|  0.3550|  0.3644|  0.3550|  0.3336|
|  014/050|  1.4640|  0.5005|  0.5035|  0.5005|  0.4984|  1.7360|  0.3636|  0.3800|  0.3636|  0.3602|
|  015/050|  1.4461|  0.5147|  0.5180|  0.5147|  0.5123|  1.7752|  0.3506|  0.3798|  0.3506|  0.3282|
|  016/050|  1.4452|  0.5005|  0.4945|  0.5005|  0.4956|  1.7457|  0.3723|  0.3968|  0.3723|  0.3526|
|  017/050|  1.3853|  0.5407|  0.5441|  0.5407|  0.5380|  1.6998|  0.3983|  0.4225|  0.3983|  0.3997|
|  018/050|  1.3279|  0.5603|  0.5632|  0.5603|  0.5598|  1.7152|  0.3810|  0.3865|  0.3810|  0.3751|
|  019/050|  1.2848|  0.5700|  0.5690|  0.5700|  0.5677|  1.7112|  0.3853|  0.4036|  0.3853|  0.3747|
|  020/050|  1.2318|  0.5983|  0.5992|  0.5983|  0.5960|  1.6969|  0.3939|  0.3963|  0.3939|  0.3888|
|  021/050|  1.2201|  0.5841|  0.5852|  0.5841|  0.5831|  1.7220|  0.3766|  0.4489|  0.3766|  0.3725|
|  022/050|  1.1860|  0.6156|  0.6174|  0.6156|  0.6128|  1.7166|  0.3983|  0.4011|  0.3983|  0.3858|
|  023/050|  1.1603|  0.6308|  0.6329|  0.6308|  0.6294|  1.6931|  0.3810|  0.3855|  0.3810|  0.3711|
|  024/050|  1.1272|  0.6319|  0.6305|  0.6319|  0.6297|  1.7533|  0.3939|  0.4210|  0.3939|  0.3861|
|  025/050|  1.1159|  0.6428|  0.6429|  0.6428|  0.6420|  1.7092|  0.4069|  0.4380|  0.4069|  0.4053|
|  026/050|  1.0217|  0.6732|  0.6725|  0.6732|  0.6713|  1.7160|  0.3896|  0.4048|  0.3896|  0.3855|
|  027/050|  1.0172|  0.6612|  0.6597|  0.6612|  0.6582|  1.7865|  0.4113|  0.4626|  0.4113|  0.4143|
|  028/050|  1.0023|  0.6634|  0.6648|  0.6634|  0.6618|  1.7595|  0.3853|  0.4196|  0.3853|  0.3811|
+---------+--------+--------+--------+--------+--------+--------+--------+--------+--------+--------+

######################################################################################################################
#                                                    TEST RESULTS                                                    #
######################################################################################################################
# LOSS      : 1.6043                                                                                                 #
# ACCURACY  : 0.4201                                                                                                 #
# PRECISION : 0.4299                                                                                                 #
# RECALL    : 0.4201                                                                                                 #
# F1        : 0.4119                                                                                                 #
# CONFUSION MATRIX:                                                                                                  #
# [[19  4  4  0  0  0  0  0  2  0]                                                                                   #
#  [ 5  8  0  0  0  1  1  3  1 10]                                                                                   #
#  [ 3  0  7  3  4  3  3  5  0  1]                                                                                   #
#  [ 2  0  4  9  1  5  3  2  2  1]                                                                                   #
#  [ 2  0  3  2 12  0  6  3  0  0]                                                                                   #
#  [ 0  0  1  7  2 14  1  2  1  0]                                                                                   #
#  [ 0  2  1  5  3  1 14  2  0  1]                                                                                   #
#  [ 2  0  1  2  2  5  2 14  0  1]                                                                                   #
#  [15  3  2  0  0  0  0  0  7  2]                                                                                   #
#  [ 7  2  0  0  0  0  2  1  0 17]]                                                                                  #
######################################################################################################################
