######################################################################################################################
#                                            EXPERIMENTAL PROTOCOL REPORT                                            #
######################################################################################################################
# DATE      : 2026-08-16                                                                                             #
# TIME      : 21-59                                                                                                  #
# DATASET   : MNIST digits stratified                                                                                #
# CLASSIFIER: CNN + Dense                                                                                            #
# SUBSET    : 3/5                                                                                                    #
# SPLITS    : train=921, val=231, test=288                                                                           #
# TRAINING  : epochs=50, batch_size=64, device=cpu, qnn_lr=0.0010, head_lr=0.0100, dataset_id=cifar_rgb,             #
#             experiment_group=baseline, model_family=classical, encoding_id=raw_pixels, model_id=cnn_classifier     #
# MODEL     : num_classes=10, num_qubits=0, num_layers=0                                                             #
# TORCHINFO SUMMARY:                                                                                                 #
# =================================================================                                                  #
# Layer (type:depth-idx)                   Param #                                                                   #
# =================================================================                                                  #
# CNNClassifier                            --                                                                        #
# ├─Sequential: 1-1                        --                                                                        #
# │    └─Conv2d: 2-1                       448                                                                       #
# │    └─ReLU: 2-2                         --                                                                        #
# │    └─MaxPool2d: 2-3                    --                                                                        #
# │    └─Conv2d: 2-4                       4,640                                                                     #
# │    └─ReLU: 2-5                         --                                                                        #
# │    └─MaxPool2d: 2-6                    --                                                                        #
# ├─Sequential: 1-2                        --                                                                        #
# │    └─Flatten: 2-7                      --                                                                        #
# │    └─Linear: 2-8                       131,136                                                                   #
# │    └─ReLU: 2-9                         --                                                                        #
# │    └─Linear: 2-10                      650                                                                       #
# │    └─LogSoftmax: 2-11                  --                                                                        #
# =================================================================                                                  #
# Total params: 136,874                                                                                              #
# Trainable params: 136,874                                                                                          #
# Non-trainable params: 0                                                                                            #
# =================================================================                                                  #
######################################################################################################################

+---------+--------+--------+--------+--------+--------+--------+--------+--------+--------+--------+
|  Epoch  | TrLoss | TrAcc  | TrPrec | TrRec  |  TrF1  | VaLoss | VaAcc  | VaPrec | VaRec  |  VaF1  |
+=========+========+========+========+========+========+========+========+========+========+========+
|  001/050|  2.3033|  0.1086|  0.0419|  0.1086|  0.0498|  2.2864|  0.1991|  0.0672|  0.1991|  0.0973|
|  002/050|  2.2424|  0.1661|  0.2337|  0.1661|  0.0981|  2.2076|  0.2121|  0.1653|  0.2121|  0.1472|
|  003/050|  2.1054|  0.2237|  0.2320|  0.2237|  0.1606|  2.1205|  0.1861|  0.2550|  0.1861|  0.1471|
|  004/050|  2.0148|  0.2443|  0.2296|  0.2443|  0.2096|  2.1332|  0.2381|  0.3326|  0.2381|  0.1772|
|  005/050|  1.9654|  0.2856|  0.2985|  0.2856|  0.2678|  2.0768|  0.2511|  0.2663|  0.2511|  0.2197|
|  006/050|  1.8896|  0.3160|  0.3274|  0.3160|  0.2973|  2.0521|  0.2987|  0.3280|  0.2987|  0.2749|
|  007/050|  1.8310|  0.3322|  0.3335|  0.3322|  0.3120|  2.0291|  0.2900|  0.3329|  0.2900|  0.2621|
|  008/050|  1.7636|  0.3692|  0.3830|  0.3692|  0.3632|  2.0132|  0.2944|  0.2809|  0.2944|  0.2682|
|  009/050|  1.7408|  0.3789|  0.3820|  0.3789|  0.3689|  1.9797|  0.3203|  0.4164|  0.3203|  0.2910|
|  010/050|  1.6800|  0.4159|  0.4180|  0.4159|  0.4034|  1.9509|  0.3247|  0.2923|  0.3247|  0.3009|
|  011/050|  1.6481|  0.4148|  0.4090|  0.4148|  0.4066|  1.8738|  0.3160|  0.3208|  0.3160|  0.2874|
|  012/050|  1.6165|  0.4376|  0.4567|  0.4376|  0.4302|  1.8983|  0.3593|  0.4100|  0.3593|  0.3350|
|  013/050|  1.5488|  0.4506|  0.4544|  0.4506|  0.4478|  1.8599|  0.3377|  0.4170|  0.3377|  0.3169|
|  014/050|  1.5241|  0.4560|  0.4517|  0.4560|  0.4493|  1.8162|  0.3636|  0.3856|  0.3636|  0.3661|
|  015/050|  1.4756|  0.4821|  0.4821|  0.4821|  0.4804|  1.8600|  0.3593|  0.4194|  0.3593|  0.3458|
|  016/050|  1.4628|  0.4712|  0.4602|  0.4712|  0.4575|  1.8361|  0.3333|  0.3384|  0.3333|  0.3272|
|  017/050|  1.4022|  0.5309|  0.5318|  0.5309|  0.5277|  1.8283|  0.3506|  0.3779|  0.3506|  0.3446|
|  018/050|  1.3712|  0.5320|  0.5319|  0.5320|  0.5293|  1.8310|  0.3593|  0.3952|  0.3593|  0.3511|
|  019/050|  1.3646|  0.5266|  0.5292|  0.5266|  0.5242|  1.8366|  0.3680|  0.3703|  0.3680|  0.3572|
+---------+--------+--------+--------+--------+--------+--------+--------+--------+--------+--------+

######################################################################################################################
#                                                    TEST RESULTS                                                    #
######################################################################################################################
# LOSS      : 1.7263                                                                                                 #
# ACCURACY  : 0.4410                                                                                                 #
# PRECISION : 0.4491                                                                                                 #
# RECALL    : 0.4410                                                                                                 #
# F1        : 0.4389                                                                                                 #
# CONFUSION MATRIX:                                                                                                  #
# [[16  5  0  0  1  0  2  1  3  1]                                                                                   #
#  [ 0 19  0  3  0  0  2  0  1  4]                                                                                   #
#  [ 1  3 12  1  1  2  4  4  0  1]                                                                                   #
#  [ 0  3  2 10  2  6  5  0  0  1]                                                                                   #
#  [ 4  1  6  0  5  6  3  1  1  1]                                                                                   #
#  [ 1  0  2  3  4 11  4  2  0  1]                                                                                   #
#  [ 0  2  2  3  3  5 12  2  0  0]                                                                                   #
#  [ 1  0  2  4  3  2  2 13  0  2]                                                                                   #
#  [ 8  1  1  1  0  3  0  0 13  2]                                                                                   #
#  [ 0  6  1  2  0  1  1  1  1 16]]                                                                                  #
######################################################################################################################
