######################################################################################################################
#                                            EXPERIMENTAL PROTOCOL REPORT                                            #
######################################################################################################################
# DATE      : 2026-08-16                                                                                             #
# TIME      : 21-59                                                                                                  #
# DATASET   : MNIST digits stratified                                                                                #
# CLASSIFIER: CNN + Dense                                                                                            #
# SUBSET    : 2/5                                                                                                    #
# SPLITS    : train=921, val=231, test=288                                                                           #
# TRAINING  : epochs=50, batch_size=64, device=cpu, qnn_lr=0.0010, head_lr=0.0100, dataset_id=cifar_rgb,             #
#             experiment_group=baseline, model_family=classical, encoding_id=raw_pixels, model_id=cnn_classifier     #
# MODEL     : num_classes=10, num_qubits=0, num_layers=0                                                             #
# TORCHINFO SUMMARY:                                                                                                 #
# =================================================================                                                  #
# Layer (type:depth-idx)                   Param #                                                                   #
# =================================================================                                                  #
# CNNClassifier                            --                                                                        #
# ├─Sequential: 1-1                        --                                                                        #
# │    └─Conv2d: 2-1                       448                                                                       #
# │    └─ReLU: 2-2                         --                                                                        #
# │    └─MaxPool2d: 2-3                    --                                                                        #
# │    └─Conv2d: 2-4                       4,640                                                                     #
# │    └─ReLU: 2-5                         --                                                                        #
# │    └─MaxPool2d: 2-6                    --                                                                        #
# ├─Sequential: 1-2                        --                                                                        #
# │    └─Flatten: 2-7                      --                                                                        #
# │    └─Linear: 2-8                       131,136                                                                   #
# │    └─ReLU: 2-9                         --                                                                        #
# │    └─Linear: 2-10                      650                                                                       #
# │    └─LogSoftmax: 2-11                  --                                                                        #
# =================================================================                                                  #
# Total params: 136,874                                                                                              #
# Trainable params: 136,874                                                                                          #
# Non-trainable params: 0                                                                                            #
# =================================================================                                                  #
######################################################################################################################

+---------+--------+--------+--------+--------+--------+--------+--------+--------+--------+--------+
|  Epoch  | TrLoss | TrAcc  | TrPrec | TrRec  |  TrF1  | VaLoss | VaAcc  | VaPrec | VaRec  |  VaF1  |
+=========+========+========+========+========+========+========+========+========+========+========+
|  001/050|  2.3030|  0.1053|  0.0624|  0.1053|  0.0538|  2.2833|  0.1602|  0.0787|  0.1602|  0.0818|
|  002/050|  2.2372|  0.1857|  0.1942|  0.1857|  0.1313|  2.1905|  0.1905|  0.0965|  0.1905|  0.1168|
|  003/050|  2.0909|  0.2497|  0.1949|  0.2497|  0.1725|  2.1295|  0.2208|  0.2493|  0.2208|  0.1459|
|  004/050|  1.9769|  0.2736|  0.2855|  0.2736|  0.2298|  1.9942|  0.2554|  0.3632|  0.2554|  0.2021|
|  005/050|  1.9030|  0.2856|  0.3058|  0.2856|  0.2640|  1.9930|  0.2900|  0.2914|  0.2900|  0.2511|
|  006/050|  1.8345|  0.3561|  0.3458|  0.3561|  0.3390|  1.9074|  0.3463|  0.4322|  0.3463|  0.3243|
|  007/050|  1.7662|  0.3681|  0.3268|  0.3681|  0.3360|  1.8641|  0.3636|  0.4035|  0.3636|  0.3434|
|  008/050|  1.7466|  0.3985|  0.3950|  0.3985|  0.3884|  1.8692|  0.3506|  0.3033|  0.3506|  0.2986|
|  009/050|  1.7067|  0.4007|  0.3856|  0.4007|  0.3861|  1.8146|  0.3723|  0.4650|  0.3723|  0.3472|
|  010/050|  1.6349|  0.4452|  0.4481|  0.4452|  0.4312|  1.7490|  0.4199|  0.4372|  0.4199|  0.3998|
|  011/050|  1.5765|  0.4658|  0.4586|  0.4658|  0.4505|  1.7262|  0.3766|  0.3996|  0.3766|  0.3550|
|  012/050|  1.5902|  0.4549|  0.4496|  0.4549|  0.4459|  1.7489|  0.4069|  0.4080|  0.4069|  0.3763|
|  013/050|  1.5417|  0.4680|  0.4760|  0.4680|  0.4642|  1.7607|  0.4113|  0.3979|  0.4113|  0.3813|
|  014/050|  1.5037|  0.4886|  0.4903|  0.4886|  0.4817|  1.6483|  0.4113|  0.4195|  0.4113|  0.4049|
|  015/050|  1.4484|  0.5125|  0.5130|  0.5125|  0.5101|  1.6632|  0.4372|  0.4517|  0.4372|  0.4110|
|  016/050|  1.4576|  0.4973|  0.4934|  0.4973|  0.4922|  1.6852|  0.4069|  0.4184|  0.4069|  0.4027|
|  017/050|  1.4099|  0.4962|  0.4901|  0.4962|  0.4865|  1.7397|  0.3593|  0.4206|  0.3593|  0.3425|
|  018/050|  1.3985|  0.5136|  0.5134|  0.5136|  0.5110|  1.6114|  0.4242|  0.4088|  0.4242|  0.4079|
|  019/050|  1.3370|  0.5385|  0.5340|  0.5385|  0.5337|  1.6613|  0.3896|  0.3815|  0.3896|  0.3739|
|  020/050|  1.3433|  0.5472|  0.5468|  0.5472|  0.5441|  1.6275|  0.4199|  0.4244|  0.4199|  0.4071|
|  021/050|  1.3747|  0.5461|  0.5481|  0.5461|  0.5413|  1.7156|  0.3506|  0.3829|  0.3506|  0.3370|
|  022/050|  1.3290|  0.5505|  0.5540|  0.5505|  0.5496|  1.6753|  0.3853|  0.3850|  0.3853|  0.3592|
|  023/050|  1.2433|  0.5787|  0.5794|  0.5787|  0.5757|  1.6444|  0.4026|  0.3840|  0.4026|  0.3845|
+---------+--------+--------+--------+--------+--------+--------+--------+--------+--------+--------+

######################################################################################################################
#                                                    TEST RESULTS                                                    #
######################################################################################################################
# LOSS      : 1.6181                                                                                                 #
# ACCURACY  : 0.4167                                                                                                 #
# PRECISION : 0.4073                                                                                                 #
# RECALL    : 0.4167                                                                                                 #
# F1        : 0.4010                                                                                                 #
# CONFUSION MATRIX:                                                                                                  #
# [[16  1  2  0  1  0  0  2  4  3]                                                                                   #
#  [ 0 19  0  0  0  4  0  1  2  3]                                                                                   #
#  [ 0  0  2  2 12  2  7  1  1  2]                                                                                   #
#  [ 0  2  1  7  4  5  3  7  0  0]                                                                                   #
#  [ 1  1  1  0 13  0  3  4  5  0]                                                                                   #
#  [ 0  1  2  3  5  6  2  7  2  0]                                                                                   #
#  [ 0  1  0  2  7  2 16  1  0  0]                                                                                   #
#  [ 1  1  1  3  3  0  3 16  0  1]                                                                                   #
#  [10  3  0  0  1  0  2  1 11  1]                                                                                   #
#  [ 1  6  1  2  0  0  1  2  2 14]]                                                                                  #
######################################################################################################################
