######################################################################################################################
#                                            EXPERIMENTAL PROTOCOL REPORT                                            #
######################################################################################################################
# DATE      : 2026-08-16                                                                                             #
# TIME      : 21-59                                                                                                  #
# DATASET   : MNIST digits stratified                                                                                #
# CLASSIFIER: CNN + Dense                                                                                            #
# SUBSET    : 5/5                                                                                                    #
# SPLITS    : train=921, val=231, test=288                                                                           #
# TRAINING  : epochs=50, batch_size=64, device=cpu, qnn_lr=0.0010, head_lr=0.0100, dataset_id=cifar_rgb,             #
#             experiment_group=baseline, model_family=classical, encoding_id=raw_pixels, model_id=cnn_classifier     #
# MODEL     : num_classes=10, num_qubits=0, num_layers=0                                                             #
# TORCHINFO SUMMARY:                                                                                                 #
# =================================================================                                                  #
# Layer (type:depth-idx)                   Param #                                                                   #
# =================================================================                                                  #
# CNNClassifier                            --                                                                        #
# ├─Sequential: 1-1                        --                                                                        #
# │    └─Conv2d: 2-1                       448                                                                       #
# │    └─ReLU: 2-2                         --                                                                        #
# │    └─MaxPool2d: 2-3                    --                                                                        #
# │    └─Conv2d: 2-4                       4,640                                                                     #
# │    └─ReLU: 2-5                         --                                                                        #
# │    └─MaxPool2d: 2-6                    --                                                                        #
# ├─Sequential: 1-2                        --                                                                        #
# │    └─Flatten: 2-7                      --                                                                        #
# │    └─Linear: 2-8                       131,136                                                                   #
# │    └─ReLU: 2-9                         --                                                                        #
# │    └─Linear: 2-10                      650                                                                       #
# │    └─LogSoftmax: 2-11                  --                                                                        #
# =================================================================                                                  #
# Total params: 136,874                                                                                              #
# Trainable params: 136,874                                                                                          #
# Non-trainable params: 0                                                                                            #
# =================================================================                                                  #
######################################################################################################################

+---------+--------+--------+--------+--------+--------+--------+--------+--------+--------+--------+
|  Epoch  | TrLoss | TrAcc  | TrPrec | TrRec  |  TrF1  | VaLoss | VaAcc  | VaPrec | VaRec  |  VaF1  |
+=========+========+========+========+========+========+========+========+========+========+========+
|  001/050|  2.3040|  0.1042|  0.0419|  0.1042|  0.0483|  2.2860|  0.1905|  0.1979|  0.1905|  0.1235|
|  002/050|  2.2414|  0.1824|  0.2504|  0.1824|  0.1477|  2.1897|  0.2294|  0.1479|  0.2294|  0.1720|
|  003/050|  2.0948|  0.2421|  0.2012|  0.2421|  0.1725|  2.0770|  0.2381|  0.2964|  0.2381|  0.2193|
|  004/050|  1.9931|  0.2530|  0.2459|  0.2530|  0.2170|  2.0730|  0.2338|  0.2777|  0.2338|  0.1810|
|  005/050|  1.9615|  0.3018|  0.2938|  0.3018|  0.2843|  2.0461|  0.2597|  0.1914|  0.2597|  0.2076|
|  006/050|  1.8691|  0.3290|  0.3203|  0.3290|  0.3126|  1.9754|  0.2987|  0.3492|  0.2987|  0.2894|
|  007/050|  1.8145|  0.3550|  0.3576|  0.3550|  0.3328|  1.9801|  0.3160|  0.4198|  0.3160|  0.2747|
|  008/050|  1.7781|  0.3616|  0.3590|  0.3616|  0.3533|  1.9567|  0.3160|  0.3623|  0.3160|  0.2941|
|  009/050|  1.7436|  0.3692|  0.3635|  0.3692|  0.3558|  1.9045|  0.3680|  0.4452|  0.3680|  0.3454|
|  010/050|  1.6629|  0.4050|  0.3946|  0.4050|  0.3898|  1.8551|  0.3766|  0.4018|  0.3766|  0.3693|
|  011/050|  1.5867|  0.4593|  0.4537|  0.4593|  0.4485|  1.9117|  0.3463|  0.3974|  0.3463|  0.3372|
|  012/050|  1.5680|  0.4321|  0.4296|  0.4321|  0.4235|  1.8422|  0.3723|  0.4460|  0.3723|  0.3669|
|  013/050|  1.5261|  0.4767|  0.4784|  0.4767|  0.4698|  1.8665|  0.3636|  0.3535|  0.3636|  0.3507|
|  014/050|  1.5036|  0.4908|  0.4920|  0.4908|  0.4867|  1.8201|  0.3983|  0.4031|  0.3983|  0.3916|
|  015/050|  1.4416|  0.4951|  0.4965|  0.4951|  0.4935|  1.8846|  0.3723|  0.4367|  0.3723|  0.3607|
|  016/050|  1.4546|  0.5038|  0.5007|  0.5038|  0.4962|  1.8240|  0.4286|  0.4606|  0.4286|  0.4199|
|  017/050|  1.3623|  0.5407|  0.5453|  0.5407|  0.5365|  1.8377|  0.3723|  0.4375|  0.3723|  0.3735|
|  018/050|  1.3415|  0.5190|  0.5186|  0.5190|  0.5167|  1.8375|  0.3463|  0.3956|  0.3463|  0.3526|
|  019/050|  1.3163|  0.5472|  0.5490|  0.5472|  0.5417|  1.9158|  0.3506|  0.4000|  0.3506|  0.3399|
+---------+--------+--------+--------+--------+--------+--------+--------+--------+--------+--------+

######################################################################################################################
#                                                    TEST RESULTS                                                    #
######################################################################################################################
# LOSS      : 1.7722                                                                                                 #
# ACCURACY  : 0.3681                                                                                                 #
# PRECISION : 0.3810                                                                                                 #
# RECALL    : 0.3681                                                                                                 #
# F1        : 0.3528                                                                                                 #
# CONFUSION MATRIX:                                                                                                  #
# [[23  0  0  1  0  2  0  2  1  0]                                                                                   #
#  [ 4 14  0  1  0  3  2  2  0  3]                                                                                   #
#  [ 1  1  5  1 12  5  1  2  1  0]                                                                                   #
#  [ 3  0  5  4  2  8  3  2  0  2]                                                                                   #
#  [ 0  1  6  1  7  5  3  4  1  0]                                                                                   #
#  [ 1  0  1  4  3 13  3  3  0  0]                                                                                   #
#  [ 0  1  4  3  1  4 15  0  0  1]                                                                                   #
#  [ 5  1  0  3  3  4  1 11  0  1]                                                                                   #
#  [12  3  1  0  0  2  0  0  7  4]                                                                                   #
#  [ 2 10  0  0  1  2  4  3  0  7]]                                                                                  #
######################################################################################################################
