######################################################################################################################
#                                            EXPERIMENTAL PROTOCOL REPORT                                            #
######################################################################################################################
# DATE      : 2026-08-13                                                                                             #
# TIME      : 16-17                                                                                                  #
# DATASET   : MNIST digits stratified                                                                                #
# CLASSIFIER: Dense classifier                                                                                       #
# SUBSET    : 2/5                                                                                                    #
# SPLITS    : train=921, val=231, test=288                                                                           #
# TRAINING  : epochs=50, batch_size=16, device=cpu, qnn_lr=0.0010, head_lr=0.0100, dataset_id=cifar_bw,              #
#             experiment_group=baseline, model_family=classical, encoding_id=raw_pixels, model_id=dense_classifier   #
# MODEL     : num_classes=10, num_qubits=0, num_layers=0                                                             #
# TORCHINFO SUMMARY:                                                                                                 #
# torchinfo.summary unavailable: No module named 'torchinfo'                                                         #
######################################################################################################################

+---------+--------+--------+--------+--------+--------+--------+--------+--------+--------+--------+
|  Epoch  | TrLoss | TrAcc  | TrPrec | TrRec  |  TrF1  | VaLoss | VaAcc  | VaPrec | VaRec  |  VaF1  |
+=========+========+========+========+========+========+========+========+========+========+========+
|  001/050|  2.3141|  0.1281|  0.1159|  0.1281|  0.1103|  2.2565|  0.1126|  0.0504|  0.1126|  0.0514|
|  002/050|  2.2269|  0.1748|  0.1887|  0.1748|  0.1489|  2.2302|  0.1385|  0.0443|  0.1385|  0.0633|
|  003/050|  2.1886|  0.1911|  0.2274|  0.1911|  0.1611|  2.2197|  0.1732|  0.2219|  0.1732|  0.1111|
|  004/050|  2.1708|  0.1813|  0.1721|  0.1813|  0.1496|  2.1636|  0.2121|  0.1290|  0.2121|  0.1572|
|  005/050|  2.1514|  0.1922|  0.2033|  0.1922|  0.1613|  2.1318|  0.2251|  0.1776|  0.2251|  0.1794|
|  006/050|  2.1286|  0.2139|  0.1993|  0.2139|  0.1863|  2.1519|  0.2035|  0.1833|  0.2035|  0.1639|
|  007/050|  2.1118|  0.2096|  0.1733|  0.2096|  0.1793|  2.1238|  0.2208|  0.3026|  0.2208|  0.1968|
|  008/050|  2.0916|  0.2182|  0.2135|  0.2182|  0.1943|  2.1110|  0.2294|  0.2031|  0.2294|  0.1789|
|  009/050|  2.0868|  0.2237|  0.2099|  0.2237|  0.2003|  2.0826|  0.2338|  0.1756|  0.2338|  0.1750|
|  010/050|  2.0485|  0.2400|  0.2157|  0.2400|  0.2133|  2.0879|  0.2641|  0.2754|  0.2641|  0.2031|
|  011/050|  2.0523|  0.2660|  0.2371|  0.2660|  0.2280|  2.0751|  0.2511|  0.2974|  0.2511|  0.2099|
|  012/050|  2.0350|  0.2476|  0.2453|  0.2476|  0.2226|  2.0622|  0.2511|  0.2318|  0.2511|  0.2104|
|  013/050|  2.0323|  0.2497|  0.2281|  0.2497|  0.2185|  2.0612|  0.2554|  0.1915|  0.2554|  0.2061|
|  014/050|  2.0110|  0.2736|  0.2628|  0.2736|  0.2544|  2.0676|  0.2641|  0.2983|  0.2641|  0.2245|
|  015/050|  2.0212|  0.2584|  0.2489|  0.2584|  0.2388|  2.0676|  0.2511|  0.2530|  0.2511|  0.2241|
|  016/050|  2.0046|  0.2541|  0.2598|  0.2541|  0.2357|  2.0398|  0.2987|  0.3157|  0.2987|  0.2552|
|  017/050|  1.9993|  0.2769|  0.2746|  0.2769|  0.2512|  2.0401|  0.2771|  0.2632|  0.2771|  0.2565|
|  018/050|  1.9792|  0.2758|  0.2600|  0.2758|  0.2581|  2.0802|  0.2424|  0.2808|  0.2424|  0.2057|
|  019/050|  1.9687|  0.2910|  0.2842|  0.2910|  0.2632|  2.0660|  0.2294|  0.1603|  0.2294|  0.1797|
|  020/050|  1.9723|  0.2823|  0.2637|  0.2823|  0.2490|  2.0419|  0.2597|  0.2178|  0.2597|  0.2203|
|  021/050|  1.9518|  0.3018|  0.3013|  0.3018|  0.2827|  2.0877|  0.2814|  0.2155|  0.2814|  0.2195|
+---------+--------+--------+--------+--------+--------+--------+--------+--------+--------+--------+

######################################################################################################################
#                                                    TEST RESULTS                                                    #
######################################################################################################################
# LOSS      : 2.1066                                                                                                 #
# ACCURACY  : 0.2535                                                                                                 #
# PRECISION : 0.2625                                                                                                 #
# RECALL    : 0.2535                                                                                                 #
# F1        : 0.2275                                                                                                 #
# CONFUSION MATRIX:                                                                                                  #
# [[ 5  3  1  1  5  6  1  1  4  2]                                                                                   #
#  [ 2 13  0  0  1  5  0  0  5  3]                                                                                   #
#  [ 5  3  1  3  7  5  0  1  2  2]                                                                                   #
#  [ 2  4  1  9  1  7  1  2  1  1]                                                                                   #
#  [ 3  1  1  2  8  7  0  1  5  0]                                                                                   #
#  [ 2  3  0  3  4 13  0  2  1  0]                                                                                   #
#  [ 1  5  0  5  1 12  1  1  2  1]                                                                                   #
#  [10  3  0  1  6  4  0  2  1  2]                                                                                   #
#  [ 3  4  0  4  0  3  0  1  8  6]                                                                                   #
#  [ 1  9  0  1  0  2  0  0  3 13]]                                                                                  #
######################################################################################################################
