######################################################################################################################
#                                            EXPERIMENTAL PROTOCOL REPORT                                            #
######################################################################################################################
# DATE      : 2026-08-13                                                                                             #
# TIME      : 16-17                                                                                                  #
# DATASET   : MNIST digits stratified                                                                                #
# CLASSIFIER: Dense classifier                                                                                       #
# SUBSET    : 5/5                                                                                                    #
# SPLITS    : train=921, val=231, test=288                                                                           #
# TRAINING  : epochs=50, batch_size=16, device=cpu, qnn_lr=0.0010, head_lr=0.0100, dataset_id=cifar_bw,              #
#             experiment_group=baseline, model_family=classical, encoding_id=raw_pixels, model_id=dense_classifier   #
# MODEL     : num_classes=10, num_qubits=0, num_layers=0                                                             #
# TORCHINFO SUMMARY:                                                                                                 #
# torchinfo.summary unavailable: No module named 'torchinfo'                                                         #
######################################################################################################################

+---------+--------+--------+--------+--------+--------+--------+--------+--------+--------+--------+
|  Epoch  | TrLoss | TrAcc  | TrPrec | TrRec  |  TrF1  | VaLoss | VaAcc  | VaPrec | VaRec  |  VaF1  |
+=========+========+========+========+========+========+========+========+========+========+========+
|  001/050|  2.3226|  0.1173|  0.1255|  0.1173|  0.1068|  2.2414|  0.1429|  0.0714|  0.1429|  0.0714|
|  002/050|  2.2169|  0.1564|  0.1547|  0.1564|  0.1364|  2.1992|  0.1775|  0.1733|  0.1775|  0.1123|
|  003/050|  2.1896|  0.1661|  0.1830|  0.1661|  0.1557|  2.1707|  0.1818|  0.2171|  0.1818|  0.1371|
|  004/050|  2.1642|  0.1868|  0.1803|  0.1868|  0.1679|  2.1650|  0.1905|  0.1355|  0.1905|  0.1445|
|  005/050|  2.1325|  0.2182|  0.2089|  0.2182|  0.2028|  2.1414|  0.2251|  0.2087|  0.2251|  0.1835|
|  006/050|  2.1050|  0.2215|  0.2141|  0.2215|  0.2086|  2.1264|  0.1861|  0.1386|  0.1861|  0.1386|
|  007/050|  2.0972|  0.2237|  0.2273|  0.2237|  0.2045|  2.1277|  0.2294|  0.2892|  0.2294|  0.1970|
|  008/050|  2.0856|  0.2302|  0.2089|  0.2302|  0.2126|  2.1163|  0.2251|  0.2560|  0.2251|  0.1670|
|  009/050|  2.0674|  0.2356|  0.2328|  0.2356|  0.2260|  2.1084|  0.2381|  0.1745|  0.2381|  0.1873|
|  010/050|  2.0507|  0.2400|  0.2278|  0.2400|  0.2297|  2.1346|  0.2121|  0.1329|  0.2121|  0.1559|
|  011/050|  2.0167|  0.2649|  0.2474|  0.2649|  0.2472|  2.1045|  0.2294|  0.2148|  0.2294|  0.2015|
|  012/050|  2.0094|  0.2606|  0.2525|  0.2606|  0.2471|  2.0971|  0.2381|  0.2252|  0.2381|  0.2193|
|  013/050|  2.0075|  0.2573|  0.2448|  0.2573|  0.2452|  2.1027|  0.2424|  0.2243|  0.2424|  0.2214|
|  014/050|  1.9854|  0.2725|  0.2711|  0.2725|  0.2662|  2.0927|  0.2554|  0.2416|  0.2554|  0.2230|
|  015/050|  1.9930|  0.2790|  0.2657|  0.2790|  0.2656|  2.1014|  0.2121|  0.1573|  0.2121|  0.1758|
|  016/050|  1.9559|  0.2953|  0.2893|  0.2953|  0.2847|  2.0990|  0.2424|  0.2181|  0.2424|  0.2231|
|  017/050|  1.9511|  0.2997|  0.2889|  0.2997|  0.2897|  2.0936|  0.2294|  0.2402|  0.2294|  0.2036|
|  018/050|  1.9374|  0.2975|  0.2983|  0.2975|  0.2884|  2.1376|  0.2424|  0.2146|  0.2424|  0.2123|
|  019/050|  1.9550|  0.2845|  0.2670|  0.2845|  0.2687|  2.1207|  0.2035|  0.1687|  0.2035|  0.1661|
+---------+--------+--------+--------+--------+--------+--------+--------+--------+--------+--------+

######################################################################################################################
#                                                    TEST RESULTS                                                    #
######################################################################################################################
# LOSS      : 2.1037                                                                                                 #
# ACCURACY  : 0.2569                                                                                                 #
# PRECISION : 0.1994                                                                                                 #
# RECALL    : 0.2569                                                                                                 #
# F1        : 0.2053                                                                                                 #
# CONFUSION MATRIX:                                                                                                  #
# [[ 0  1 16  0  0  4  0  1  6  1]                                                                                   #
#  [ 0 11  2  3  0  1  0  2  6  4]                                                                                   #
#  [ 1  1 19  0  0  4  0  0  3  1]                                                                                   #
#  [ 4  1  7  2  1  6  0  5  2  1]                                                                                   #
#  [ 1  1  8  0  0 10  0  2  6  0]                                                                                   #
#  [ 3  0  6  2  0 13  1  1  2  0]                                                                                   #
#  [ 0  4  8  2  0 11  0  2  2  0]                                                                                   #
#  [ 2  0  7  6  0  4  2  6  2  0]                                                                                   #
#  [ 2  2  4  0  0  2  0  0 18  1]                                                                                   #
#  [ 3 10  0  1  1  3  1  1  4  5]]                                                                                  #
######################################################################################################################
