######################################################################################################################
#                                            EXPERIMENTAL PROTOCOL REPORT                                            #
######################################################################################################################
# DATE      : 2026-08-13                                                                                             #
# TIME      : 16-17                                                                                                  #
# DATASET   : MNIST digits stratified                                                                                #
# CLASSIFIER: Dense classifier                                                                                       #
# SUBSET    : 1/5                                                                                                    #
# SPLITS    : train=921, val=231, test=288                                                                           #
# TRAINING  : epochs=50, batch_size=16, device=cpu, qnn_lr=0.0010, head_lr=0.0100, dataset_id=cifar_bw,              #
#             experiment_group=baseline, model_family=classical, encoding_id=raw_pixels, model_id=dense_classifier   #
# ARCHITECT.: 32x32 -> Flatten(1024) -> Linear(1024, num_classes) -> Softmax                                         #
# MODEL     : num_classes=10, num_qubits=0, num_layers=0                                                             #
# TORCHINFO SUMMARY:                                                                                                 #
# torchinfo.summary unavailable: No module named 'torchinfo'                                                         #
######################################################################################################################

+---------+--------+--------+--------+--------+--------+--------+--------+--------+--------+--------+
|  Epoch  | TrLoss | TrAcc  | TrPrec | TrRec  |  TrF1  | VaLoss | VaAcc  | VaPrec | VaRec  |  VaF1  |
+=========+========+========+========+========+========+========+========+========+========+========+
|  001/050|  2.3212|  0.1260|  0.1252|  0.1260|  0.1104|  2.2559|  0.1688|  0.1440|  0.1688|  0.0971|
|  002/050|  2.2503|  0.1270|  0.0987|  0.1270|  0.0986|  2.2145|  0.1688|  0.1040|  0.1688|  0.1198|
|  003/050|  2.2149|  0.1748|  0.1756|  0.1748|  0.1565|  2.2156|  0.1515|  0.1741|  0.1515|  0.0961|
|  004/050|  2.1796|  0.1868|  0.1794|  0.1868|  0.1678|  2.1679|  0.2381|  0.2423|  0.2381|  0.2165|
|  005/050|  2.1665|  0.2085|  0.1999|  0.2085|  0.1928|  2.1655|  0.1905|  0.2161|  0.1905|  0.1663|
|  006/050|  2.1233|  0.2085|  0.1833|  0.2085|  0.1871|  2.1563|  0.1948|  0.1932|  0.1948|  0.1675|
|  007/050|  2.1091|  0.2193|  0.2120|  0.2193|  0.2033|  2.1368|  0.2641|  0.2431|  0.2641|  0.2355|
|  008/050|  2.1147|  0.2378|  0.2250|  0.2378|  0.2184|  2.1368|  0.2641|  0.2621|  0.2641|  0.2309|
|  009/050|  2.0698|  0.2606|  0.2563|  0.2606|  0.2403|  2.1253|  0.2208|  0.2591|  0.2208|  0.1959|
|  010/050|  2.0500|  0.2562|  0.2406|  0.2562|  0.2401|  2.1131|  0.2208|  0.1778|  0.2208|  0.1684|
|  011/050|  2.0320|  0.2638|  0.2660|  0.2638|  0.2497|  2.1130|  0.2208|  0.2499|  0.2208|  0.2099|
|  012/050|  2.0038|  0.2617|  0.2679|  0.2617|  0.2531|  2.1156|  0.2597|  0.2554|  0.2597|  0.2355|
|  013/050|  2.0050|  0.2747|  0.2778|  0.2747|  0.2673|  2.0860|  0.2597|  0.2527|  0.2597|  0.2299|
|  014/050|  1.9835|  0.2877|  0.2783|  0.2877|  0.2764|  2.1017|  0.2121|  0.2271|  0.2121|  0.1887|
|  015/050|  1.9769|  0.2953|  0.2915|  0.2953|  0.2814|  2.0908|  0.2814|  0.2842|  0.2814|  0.2766|
|  016/050|  1.9547|  0.2834|  0.2795|  0.2834|  0.2753|  2.0758|  0.2857|  0.2677|  0.2857|  0.2671|
|  017/050|  1.9362|  0.2932|  0.2794|  0.2932|  0.2802|  2.0835|  0.2900|  0.2638|  0.2900|  0.2500|
|  018/050|  1.9361|  0.3149|  0.3086|  0.3149|  0.3080|  2.1251|  0.2900|  0.3174|  0.2900|  0.2679|
|  019/050|  1.8890|  0.3246|  0.3264|  0.3246|  0.3193|  2.0999|  0.2381|  0.2238|  0.2381|  0.2111|
|  020/050|  1.8920|  0.3170|  0.3122|  0.3170|  0.3096|  2.0915|  0.2511|  0.2390|  0.2511|  0.2306|
|  021/050|  1.8884|  0.3170|  0.3158|  0.3170|  0.3100|  2.1072|  0.2381|  0.2511|  0.2381|  0.2273|
+---------+--------+--------+--------+--------+--------+--------+--------+--------+--------+--------+

######################################################################################################################
#                                                    TEST RESULTS                                                    #
######################################################################################################################
# LOSS      : 2.0334                                                                                                 #
# ACCURACY  : 0.2361                                                                                                 #
# PRECISION : 0.2529                                                                                                 #
# RECALL    : 0.2361                                                                                                 #
# F1        : 0.2234                                                                                                 #
# CONFUSION MATRIX:                                                                                                  #
# [[ 5  4  2  3  1  0  1  6  3  4]                                                                                   #
#  [ 1 10  0  1  1  1  0  2  2 11]                                                                                   #
#  [ 7  0  4  1  2  4  1  9  1  0]                                                                                   #
#  [ 4  1  4  4  1  4  1  5  1  4]                                                                                   #
#  [ 5  1  4  4  5  2  0  5  1  1]                                                                                   #
#  [ 4  2  0  3  2 11  0  6  0  0]                                                                                   #
#  [ 3  4  0  4  1  9  2  4  0  2]                                                                                   #
#  [ 1  1  0  8  2  6  0 10  0  1]                                                                                   #
#  [ 1  5  2  0  2  3  0  4  4  8]                                                                                   #
#  [ 2  5  1  1  0  1  1  5  0 13]]                                                                                  #
######################################################################################################################
