######################################################################################################################
#                                            EXPERIMENTAL PROTOCOL REPORT                                            #
######################################################################################################################
# DATE      : 2026-08-13                                                                                             #
# TIME      : 16-17                                                                                                  #
# DATASET   : MNIST digits stratified                                                                                #
# CLASSIFIER: Dense classifier                                                                                       #
# SUBSET    : 4/5                                                                                                    #
# SPLITS    : train=921, val=231, test=288                                                                           #
# TRAINING  : epochs=50, batch_size=16, device=cpu, qnn_lr=0.0010, head_lr=0.0100, dataset_id=cifar_bw,              #
#             experiment_group=baseline, model_family=classical, encoding_id=raw_pixels, model_id=dense_classifier   #
# MODEL     : num_classes=10, num_qubits=0, num_layers=0                                                             #
# TORCHINFO SUMMARY:                                                                                                 #
# torchinfo.summary unavailable: No module named 'torchinfo'                                                         #
######################################################################################################################

+---------+--------+--------+--------+--------+--------+--------+--------+--------+--------+--------+
|  Epoch  | TrLoss | TrAcc  | TrPrec | TrRec  |  TrF1  | VaLoss | VaAcc  | VaPrec | VaRec  |  VaF1  |
+=========+========+========+========+========+========+========+========+========+========+========+
|  001/050|  2.3163|  0.1379|  0.1434|  0.1379|  0.1251|  2.2550|  0.1472|  0.0913|  0.1472|  0.0863|
|  002/050|  2.2418|  0.1509|  0.1455|  0.1509|  0.1334|  2.2103|  0.1645|  0.1184|  0.1645|  0.1140|
|  003/050|  2.1994|  0.1868|  0.1660|  0.1868|  0.1628|  2.1767|  0.2208|  0.1431|  0.2208|  0.1562|
|  004/050|  2.1710|  0.1998|  0.1924|  0.1998|  0.1776|  2.1749|  0.1818|  0.1846|  0.1818|  0.1115|
|  005/050|  2.1532|  0.1922|  0.1614|  0.1922|  0.1596|  2.1351|  0.2294|  0.2784|  0.2294|  0.1630|
|  006/050|  2.1303|  0.2193|  0.2030|  0.2193|  0.1927|  2.1262|  0.2424|  0.1684|  0.2424|  0.1646|
|  007/050|  2.1153|  0.2085|  0.1976|  0.2085|  0.1848|  2.1085|  0.2035|  0.3324|  0.2035|  0.1661|
|  008/050|  2.1098|  0.2074|  0.1844|  0.2074|  0.1891|  2.1099|  0.2468|  0.2181|  0.2468|  0.2049|
|  009/050|  2.0942|  0.2345|  0.2131|  0.2345|  0.2097|  2.1024|  0.2424|  0.1957|  0.2424|  0.1755|
|  010/050|  2.0739|  0.2291|  0.2122|  0.2291|  0.2043|  2.1099|  0.2338|  0.2518|  0.2338|  0.2061|
|  011/050|  2.0798|  0.2465|  0.2498|  0.2465|  0.2311|  2.0886|  0.2294|  0.1314|  0.2294|  0.1570|
|  012/050|  2.0364|  0.2432|  0.2290|  0.2432|  0.2226|  2.0612|  0.2381|  0.1973|  0.2381|  0.2025|
|  013/050|  2.0546|  0.2584|  0.2469|  0.2584|  0.2408|  2.0780|  0.2468|  0.2232|  0.2468|  0.2056|
|  014/050|  2.0089|  0.2725|  0.2541|  0.2725|  0.2560|  2.0390|  0.2251|  0.1803|  0.2251|  0.1747|
|  015/050|  1.9931|  0.2704|  0.2559|  0.2704|  0.2516|  2.0553|  0.2424|  0.2005|  0.2424|  0.2149|
|  016/050|  1.9787|  0.2541|  0.2404|  0.2541|  0.2367|  2.0652|  0.2078|  0.1979|  0.2078|  0.1823|
|  017/050|  1.9717|  0.2899|  0.2835|  0.2899|  0.2790|  2.0835|  0.2208|  0.1902|  0.2208|  0.1911|
|  018/050|  1.9633|  0.2823|  0.2765|  0.2823|  0.2701|  2.0714|  0.2294|  0.2093|  0.2294|  0.1767|
|  019/050|  1.9419|  0.3018|  0.2878|  0.3018|  0.2836|  2.0382|  0.2294|  0.2203|  0.2294|  0.2111|
|  020/050|  1.9346|  0.3084|  0.3022|  0.3084|  0.2931|  2.0347|  0.2251|  0.1790|  0.2251|  0.1940|
|  021/050|  1.9225|  0.2877|  0.2746|  0.2877|  0.2749|  2.0361|  0.2381|  0.2130|  0.2381|  0.2130|
|  022/050|  1.9169|  0.2942|  0.2963|  0.2942|  0.2770|  2.0553|  0.2554|  0.2385|  0.2554|  0.2099|
|  023/050|  1.9371|  0.2921|  0.2939|  0.2921|  0.2817|  2.0365|  0.2554|  0.2571|  0.2554|  0.2357|
|  024/050|  1.9015|  0.2986|  0.2976|  0.2986|  0.2918|  2.0405|  0.2554|  0.2791|  0.2554|  0.2251|
|  025/050|  1.9027|  0.2801|  0.2716|  0.2801|  0.2631|  2.0260|  0.2511|  0.2334|  0.2511|  0.2180|
|  026/050|  1.8853|  0.3073|  0.2984|  0.3073|  0.2940|  2.0266|  0.2814|  0.3006|  0.2814|  0.2573|
|  027/050|  1.8885|  0.3008|  0.2926|  0.3008|  0.2877|  2.0457|  0.2381|  0.2542|  0.2381|  0.2343|
|  028/050|  1.8412|  0.3290|  0.3274|  0.3290|  0.3206|  2.0532|  0.2294|  0.2178|  0.2294|  0.2029|
|  029/050|  1.8226|  0.3301|  0.3238|  0.3301|  0.3213|  2.0424|  0.2684|  0.2817|  0.2684|  0.2356|
|  030/050|  1.8031|  0.3333|  0.3231|  0.3333|  0.3220|  2.0766|  0.2381|  0.2604|  0.2381|  0.2296|
+---------+--------+--------+--------+--------+--------+--------+--------+--------+--------+--------+

######################################################################################################################
#                                                    TEST RESULTS                                                    #
######################################################################################################################
# LOSS      : 2.0516                                                                                                 #
# ACCURACY  : 0.2639                                                                                                 #
# PRECISION : 0.2855                                                                                                 #
# RECALL    : 0.2639                                                                                                 #
# F1        : 0.2557                                                                                                 #
# CONFUSION MATRIX:                                                                                                  #
# [[ 8  2  7  1  1  1  1  3  3  2]                                                                                   #
#  [ 1  8  1  2  0  1  1  0  4 11]                                                                                   #
#  [ 2  0  9  3  1  5  0  6  2  1]                                                                                   #
#  [ 3  2  3  6  1  8  0  1  3  2]                                                                                   #
#  [ 3  0  8  4  6  4  0  1  1  1]                                                                                   #
#  [ 1  0  6  0  2 10  0  4  2  3]                                                                                   #
#  [ 2  2  6  1  3  4  2  3  6  0]                                                                                   #
#  [ 0  2  5  8  1  2  0  7  0  4]                                                                                   #
#  [ 5  2  4  2  1  3  1  1  5  5]                                                                                   #
#  [ 2  4  1  1  0  1  0  0  5 15]]                                                                                  #
######################################################################################################################
