######################################################################################################################
#                                            EXPERIMENTAL PROTOCOL REPORT                                            #
######################################################################################################################
# DATE      : 2026-08-13                                                                                             #
# TIME      : 16-17                                                                                                  #
# DATASET   : MNIST digits stratified                                                                                #
# CLASSIFIER: Dense classifier                                                                                       #
# SUBSET    : 3/5                                                                                                    #
# SPLITS    : train=921, val=231, test=288                                                                           #
# TRAINING  : epochs=50, batch_size=16, device=cpu, qnn_lr=0.0010, head_lr=0.0100, dataset_id=cifar_bw,              #
#             experiment_group=baseline, model_family=classical, encoding_id=raw_pixels, model_id=dense_classifier   #
# MODEL     : num_classes=10, num_qubits=0, num_layers=0                                                             #
# TORCHINFO SUMMARY:                                                                                                 #
# torchinfo.summary unavailable: No module named 'torchinfo'                                                         #
######################################################################################################################

+---------+--------+--------+--------+--------+--------+--------+--------+--------+--------+--------+
|  Epoch  | TrLoss | TrAcc  | TrPrec | TrRec  |  TrF1  | VaLoss | VaAcc  | VaPrec | VaRec  |  VaF1  |
+=========+========+========+========+========+========+========+========+========+========+========+
|  001/050|  2.2963|  0.1227|  0.1228|  0.1227|  0.1154|  2.2726|  0.1515|  0.1115|  0.1515|  0.0938|
|  002/050|  2.2279|  0.1498|  0.1488|  0.1498|  0.1439|  2.2376|  0.1948|  0.1280|  0.1948|  0.1452|
|  003/050|  2.1881|  0.2009|  0.1806|  0.2009|  0.1721|  2.2044|  0.1602|  0.2366|  0.1602|  0.1340|
|  004/050|  2.1384|  0.2182|  0.2301|  0.2182|  0.2062|  2.2063|  0.2381|  0.2457|  0.2381|  0.2042|
|  005/050|  2.1475|  0.1846|  0.1571|  0.1846|  0.1618|  2.2285|  0.1732|  0.1535|  0.1732|  0.1263|
|  006/050|  2.1423|  0.2193|  0.2038|  0.2193|  0.1855|  2.1885|  0.2208|  0.1882|  0.2208|  0.1865|
|  007/050|  2.1093|  0.2172|  0.2177|  0.2172|  0.2095|  2.2134|  0.1948|  0.2411|  0.1948|  0.1559|
|  008/050|  2.0972|  0.2345|  0.2158|  0.2345|  0.2097|  2.2037|  0.2165|  0.1720|  0.2165|  0.1653|
|  009/050|  2.0703|  0.2562|  0.2461|  0.2562|  0.2339|  2.2019|  0.1905|  0.1576|  0.1905|  0.1485|
|  010/050|  2.0647|  0.2432|  0.2231|  0.2432|  0.2192|  2.1866|  0.2035|  0.1563|  0.2035|  0.1637|
|  011/050|  2.0557|  0.2595|  0.2475|  0.2595|  0.2401|  2.2065|  0.1688|  0.1505|  0.1688|  0.1404|
|  012/050|  2.0340|  0.2584|  0.2660|  0.2584|  0.2441|  2.1838|  0.1775|  0.2222|  0.1775|  0.1484|
|  013/050|  2.0504|  0.2454|  0.2176|  0.2454|  0.2161|  2.2003|  0.1905|  0.1652|  0.1905|  0.1578|
|  014/050|  2.0191|  0.2801|  0.2694|  0.2801|  0.2617|  2.1952|  0.1948|  0.1787|  0.1948|  0.1718|
|  015/050|  2.0080|  0.2606|  0.2540|  0.2606|  0.2480|  2.2600|  0.1948|  0.1645|  0.1948|  0.1665|
|  016/050|  1.9991|  0.2953|  0.2904|  0.2953|  0.2805|  2.1982|  0.1775|  0.1917|  0.1775|  0.1597|
|  017/050|  1.9812|  0.2845|  0.2738|  0.2845|  0.2681|  2.2310|  0.1732|  0.1423|  0.1732|  0.1409|
+---------+--------+--------+--------+--------+--------+--------+--------+--------+--------+--------+

######################################################################################################################
#                                                    TEST RESULTS                                                    #
######################################################################################################################
# LOSS      : 2.1114                                                                                                 #
# ACCURACY  : 0.2292                                                                                                 #
# PRECISION : 0.1619                                                                                                 #
# RECALL    : 0.2292                                                                                                 #
# F1        : 0.1837                                                                                                 #
# CONFUSION MATRIX:                                                                                                  #
# [[ 6  0  0  1  0  2  1 10  6  3]                                                                                   #
#  [ 3  0  0  2  0  2  2  2 10  8]                                                                                   #
#  [12  0  0  4  0  2  2  6  3  0]                                                                                   #
#  [ 6  0  0  5  1  4  2  5  4  2]                                                                                   #
#  [ 7  0  0  2  0  2  3  8  3  3]                                                                                   #
#  [ 2  0  0  3  0  7  4 10  2  0]                                                                                   #
#  [ 2  0  0  1  0  4  4  9  5  4]                                                                                   #
#  [ 6  0  0  2  0  1  3 14  2  1]                                                                                   #
#  [ 5  0  0  1  0  6  0  0 13  4]                                                                                   #
#  [ 3  0  0  1  0  1  1  1  5 17]]                                                                                  #
######################################################################################################################
