######################################################################################################################
#                                            EXPERIMENTAL PROTOCOL REPORT                                            #
######################################################################################################################
# DATE      : 2026-07-01                                                                                             #
# TIME      : 15-31                                                                                                  #
# DATASET   : MNIST digits stratified                                                                                #
# CLASSIFIER: CNN + FRQI + QNN + Dense                                                                               #
# SUBSET    : 3/5                                                                                                    #
# SPLITS    : train=921, val=231, test=288                                                                           #
# TRAINING  : epochs=50, batch_size=16, device=cpu, qnn_lr=0.0010, head_lr=0.0100, cnn_lr=0.0010,                    #
#             convolution_depth=2, encoding_method=frqi                                                              #
# MODEL     : num_classes=10, num_qubits=5, num_layers=1                                                             #
# TORCHINFO SUMMARY:                                                                                                 #
# =================================================================                                                  #
# Layer (type:depth-idx)                   Param #                                                                   #
# =================================================================                                                  #
# Sequential                               --                                                                        #
# ├─Sequential: 1-1                        --                                                                        #
# │    └─Conv2d: 2-1                       80                                                                        #
# │    └─BatchNorm2d: 2-2                  16                                                                        #
# │    └─ReLU: 2-3                         --                                                                        #
# │    └─MaxPool2d: 2-4                    --                                                                        #
# │    └─Conv2d: 2-5                       1,168                                                                     #
# │    └─BatchNorm2d: 2-6                  32                                                                        #
# │    └─ReLU: 2-7                         --                                                                        #
# │    └─MaxPool2d: 2-8                    --                                                                        #
# ├─VQCLayerForCNNFeatureMaps: 1-2         240                                                                       #
# ├─Flatten: 1-3                           --                                                                        #
# ├─Linear: 1-4                            5,130                                                                     #
# ├─LogSoftmax: 1-5                        --                                                                        #
# =================================================================                                                  #
# Total params: 6,666                                                                                                #
# Trainable params: 6,666                                                                                            #
# Non-trainable params: 0                                                                                            #
# =================================================================                                                  #
######################################################################################################################

+---------+--------+--------+--------+--------+--------+--------+--------+--------+--------+--------+
|  Epoch  | TrLoss | TrAcc  | TrPrec | TrRec  |  TrF1  | VaLoss | VaAcc  | VaPrec | VaRec  |  VaF1  |
+=========+========+========+========+========+========+========+========+========+========+========+
|  001/050|  1.9391|  0.4625|  0.4620|  0.4625|  0.4612|  1.5985|  0.5584|  0.6442|  0.5584|  0.5327|
|  002/050|  1.2374|  0.6059|  0.6028|  0.6059|  0.6037|  2.3172|  0.5238|  0.4100|  0.5238|  0.4235|
|  003/050|  1.4190|  0.5950|  0.5946|  0.5950|  0.5945|  1.6555|  0.5628|  0.5817|  0.5628|  0.5440|
|  004/050|  1.2038|  0.6580|  0.6553|  0.6580|  0.6561|  1.2365|  0.6537|  0.7119|  0.6537|  0.6475|
|  005/050|  1.4621|  0.6211|  0.6216|  0.6211|  0.6209|  1.4642|  0.6364|  0.7193|  0.6364|  0.6429|
|  006/050|  1.2821|  0.6536|  0.6545|  0.6536|  0.6537|  1.5978|  0.5844|  0.6754|  0.5844|  0.5648|
|  007/050|  1.2800|  0.6808|  0.6788|  0.6808|  0.6795|  1.6095|  0.6277|  0.6944|  0.6277|  0.6081|
|  008/050|  1.2455|  0.6786|  0.6798|  0.6786|  0.6788|  1.4170|  0.6234|  0.6946|  0.6234|  0.6289|
|  009/050|  1.5025|  0.6526|  0.6550|  0.6526|  0.6529|  2.0965|  0.5584|  0.6883|  0.5584|  0.5478|
+---------+--------+--------+--------+--------+--------+--------+--------+--------+--------+--------+

######################################################################################################################
#                                                    TEST RESULTS                                                    #
######################################################################################################################
# LOSS      : 1.3677                                                                                                 #
# ACCURACY  : 0.6181                                                                                                 #
# PRECISION : 0.7021                                                                                                 #
# RECALL    : 0.6181                                                                                                 #
# F1        : 0.6248                                                                                                 #
# CONFUSION MATRIX:                                                                                                  #
# [[19  0  1  3  0  2  0  0  3  1]                                                                                   #
#  [ 0 28  0  0  0  0  0  0  1  0]                                                                                   #
#  [ 0  1 14  9  0  1  1  0  2  1]                                                                                   #
#  [ 0  2  0 23  0  1  0  2  0  1]                                                                                   #
#  [ 0  0  0  2 11  1  0  1  1 12]                                                                                   #
#  [ 1  0  0 14  0 13  0  0  0  0]                                                                                   #
#  [ 4  0  0  6  1  0 17  0  0  1]                                                                                   #
#  [ 0  3  0  1  0  0  0 19  1  5]                                                                                   #
#  [ 0  2  0  9  1  3  1  0 12  1]                                                                                   #
#  [ 0  0  0  3  0  0  0  3  1 22]]                                                                                  #
######################################################################################################################
