######################################################################################################################
#                                            EXPERIMENTAL PROTOCOL REPORT                                            #
######################################################################################################################
# DATE      : 2026-07-01                                                                                             #
# TIME      : 15-31                                                                                                  #
# DATASET   : MNIST digits stratified                                                                                #
# CLASSIFIER: CNN + FRQI + QNN + Dense                                                                               #
# SUBSET    : 2/5                                                                                                    #
# SPLITS    : train=921, val=231, test=288                                                                           #
# TRAINING  : epochs=50, batch_size=16, device=cpu, qnn_lr=0.0010, head_lr=0.0100, cnn_lr=0.0010,                    #
#             convolution_depth=2, encoding_method=frqi                                                              #
# MODEL     : num_classes=10, num_qubits=5, num_layers=1                                                             #
# TORCHINFO SUMMARY:                                                                                                 #
# =================================================================                                                  #
# Layer (type:depth-idx)                   Param #                                                                   #
# =================================================================                                                  #
# Sequential                               --                                                                        #
# ├─Sequential: 1-1                        --                                                                        #
# │    └─Conv2d: 2-1                       80                                                                        #
# │    └─BatchNorm2d: 2-2                  16                                                                        #
# │    └─ReLU: 2-3                         --                                                                        #
# │    └─MaxPool2d: 2-4                    --                                                                        #
# │    └─Conv2d: 2-5                       1,168                                                                     #
# │    └─BatchNorm2d: 2-6                  32                                                                        #
# │    └─ReLU: 2-7                         --                                                                        #
# │    └─MaxPool2d: 2-8                    --                                                                        #
# ├─VQCLayerForCNNFeatureMaps: 1-2         240                                                                       #
# ├─Flatten: 1-3                           --                                                                        #
# ├─Linear: 1-4                            5,130                                                                     #
# ├─LogSoftmax: 1-5                        --                                                                        #
# =================================================================                                                  #
# Total params: 6,666                                                                                                #
# Trainable params: 6,666                                                                                            #
# Non-trainable params: 0                                                                                            #
# =================================================================                                                  #
######################################################################################################################

+---------+--------+--------+--------+--------+--------+--------+--------+--------+--------+--------+
|  Epoch  | TrLoss | TrAcc  | TrPrec | TrRec  |  TrF1  | VaLoss | VaAcc  | VaPrec | VaRec  |  VaF1  |
+=========+========+========+========+========+========+========+========+========+========+========+
|  001/050|  2.1003|  0.4441|  0.4436|  0.4441|  0.4430|  1.3696|  0.5671|  0.5521|  0.5671|  0.5388|
|  002/050|  1.1245|  0.6482|  0.6444|  0.6482|  0.6453|  1.9237|  0.4632|  0.6978|  0.4632|  0.4332|
|  003/050|  1.2912|  0.6308|  0.6312|  0.6308|  0.6308|  1.4330|  0.5887|  0.7075|  0.5887|  0.5731|
|  004/050|  1.1604|  0.6743|  0.6709|  0.6743|  0.6723|  1.0339|  0.6970|  0.7293|  0.6970|  0.7025|
|  005/050|  1.3862|  0.6656|  0.6661|  0.6656|  0.6653|  1.5281|  0.6190|  0.7073|  0.6190|  0.5919|
|  006/050|  1.4247|  0.6580|  0.6549|  0.6580|  0.6559|  1.6749|  0.5887|  0.6538|  0.5887|  0.5631|
|  007/050|  1.2024|  0.7003|  0.7010|  0.7003|  0.7003|  1.7624|  0.6580|  0.6348|  0.6580|  0.6218|
|  008/050|  1.1578|  0.6949|  0.6953|  0.6949|  0.6948|  1.3161|  0.6580|  0.7314|  0.6580|  0.6628|
|  009/050|  1.1894|  0.7025|  0.7036|  0.7025|  0.7029|  1.3616|  0.6623|  0.7715|  0.6623|  0.6608|
+---------+--------+--------+--------+--------+--------+--------+--------+--------+--------+--------+

######################################################################################################################
#                                                    TEST RESULTS                                                    #
######################################################################################################################
# LOSS      : 0.8841                                                                                                 #
# ACCURACY  : 0.7153                                                                                                 #
# PRECISION : 0.7589                                                                                                 #
# RECALL    : 0.7153                                                                                                 #
# F1        : 0.7263                                                                                                 #
# CONFUSION MATRIX:                                                                                                  #
# [[22  0  1  0  0  2  0  0  2  2]                                                                                   #
#  [ 0 23  0  0  4  1  0  0  0  1]                                                                                   #
#  [ 1  0 24  1  0  2  0  0  1  0]                                                                                   #
#  [ 0  0  2 18  0  5  0  0  2  2]                                                                                   #
#  [ 0  0  1  0 18  3  0  0  1  5]                                                                                   #
#  [ 1  0  2  0  2 21  0  0  1  1]                                                                                   #
#  [ 1  0  0  0  2  0 23  0  3  0]                                                                                   #
#  [ 0  0  0  0  1  0  0 22  0  6]                                                                                   #
#  [ 0  1  1  1  0  3  0  0 15  8]                                                                                   #
#  [ 0  0  0  0  5  2  0  2  0 20]]                                                                                  #
######################################################################################################################
