######################################################################################################################
#                                            EXPERIMENTAL PROTOCOL REPORT                                            #
######################################################################################################################
# DATE      : 2026-07-01                                                                                             #
# TIME      : 15-31                                                                                                  #
# DATASET   : MNIST digits stratified                                                                                #
# CLASSIFIER: CNN + FRQI + QNN + Dense                                                                               #
# SUBSET    : 1/5                                                                                                    #
# SPLITS    : train=921, val=231, test=288                                                                           #
# TRAINING  : epochs=50, batch_size=16, device=cpu, qnn_lr=0.0010, head_lr=0.0100, cnn_lr=0.0010,                    #
#             convolution_depth=2, encoding_method=frqi                                                              #
# ARCHITECT.: CNN -> GEQIE(FRQI, feature_maps) -> VQC -> Dense -> LogSoftmax                                         #
# MODEL     : num_classes=10, num_qubits=5, num_layers=1                                                             #
# TORCHINFO SUMMARY:                                                                                                 #
# =================================================================                                                  #
# Layer (type:depth-idx)                   Param #                                                                   #
# =================================================================                                                  #
# Sequential                               --                                                                        #
# ├─Sequential: 1-1                        --                                                                        #
# │    └─Conv2d: 2-1                       80                                                                        #
# │    └─BatchNorm2d: 2-2                  16                                                                        #
# │    └─ReLU: 2-3                         --                                                                        #
# │    └─MaxPool2d: 2-4                    --                                                                        #
# │    └─Conv2d: 2-5                       1,168                                                                     #
# │    └─BatchNorm2d: 2-6                  32                                                                        #
# │    └─ReLU: 2-7                         --                                                                        #
# │    └─MaxPool2d: 2-8                    --                                                                        #
# ├─VQCLayerForCNNFeatureMaps: 1-2         240                                                                       #
# ├─Flatten: 1-3                           --                                                                        #
# ├─Linear: 1-4                            5,130                                                                     #
# ├─LogSoftmax: 1-5                        --                                                                        #
# =================================================================                                                  #
# Total params: 6,666                                                                                                #
# Trainable params: 6,666                                                                                            #
# Non-trainable params: 0                                                                                            #
# =================================================================                                                  #
######################################################################################################################

+---------+--------+--------+--------+--------+--------+--------+--------+--------+--------+--------+
|  Epoch  | TrLoss | TrAcc  | TrPrec | TrRec  |  TrF1  | VaLoss | VaAcc  | VaPrec | VaRec  |  VaF1  |
+=========+========+========+========+========+========+========+========+========+========+========+
|  001/050|  2.0130|  0.4549|  0.4527|  0.4549|  0.4525|  1.2966|  0.5931|  0.6160|  0.5931|  0.5644|
|  002/050|  1.1934|  0.6254|  0.6239|  0.6254|  0.6238|  1.4457|  0.5108|  0.7485|  0.5108|  0.5018|
|  003/050|  1.0845|  0.6775|  0.6799|  0.6775|  0.6783|  1.7190|  0.4978|  0.5601|  0.4978|  0.4738|
|  004/050|  1.3324|  0.6243|  0.6245|  0.6243|  0.6237|  1.0553|  0.6494|  0.6944|  0.6494|  0.6483|
|  005/050|  1.5470|  0.6069|  0.6053|  0.6069|  0.6055|  1.8561|  0.5325|  0.7225|  0.5325|  0.5217|
|  006/050|  1.3533|  0.6580|  0.6585|  0.6580|  0.6580|  1.1091|  0.6883|  0.7246|  0.6883|  0.6762|
|  007/050|  1.2949|  0.6699|  0.6710|  0.6699|  0.6703|  1.8725|  0.5887|  0.6713|  0.5887|  0.5652|
|  008/050|  1.2903|  0.6710|  0.6713|  0.6710|  0.6710|  1.2081|  0.6883|  0.7289|  0.6883|  0.6736|
|  009/050|  1.2340|  0.6819|  0.6817|  0.6819|  0.6814|  1.3055|  0.6623|  0.6741|  0.6623|  0.6429|
+---------+--------+--------+--------+--------+--------+--------+--------+--------+--------+--------+

######################################################################################################################
#                                                    TEST RESULTS                                                    #
######################################################################################################################
# LOSS      : 1.4116                                                                                                 #
# ACCURACY  : 0.5694                                                                                                 #
# PRECISION : 0.6049                                                                                                 #
# RECALL    : 0.5694                                                                                                 #
# F1        : 0.5603                                                                                                 #
# CONFUSION MATRIX:                                                                                                  #
# [[22  0  0  4  1  0  0  0  1  1]                                                                                   #
#  [ 0 26  1  1  0  0  0  1  0  0]                                                                                   #
#  [ 3  1 17  5  1  2  0  0  0  0]                                                                                   #
#  [ 1  1  2 16  0  3  0  1  1  4]                                                                                   #
#  [ 0  0  0  0 17  2  0  0  0  9]                                                                                   #
#  [ 3  1  0  7  0  9  0  2  3  3]                                                                                   #
#  [ 1  1  5  1  4  4  9  0  3  1]                                                                                   #
#  [ 0  0  0  1  2  1  0 21  0  4]                                                                                   #
#  [ 1  1  3  6  2  3  0  2  7  4]                                                                                   #
#  [ 0  0  3  1  2  0  0  3  0 20]]                                                                                  #
######################################################################################################################
