######################################################################################################################
#                                            EXPERIMENTAL PROTOCOL REPORT                                            #
######################################################################################################################
# DATE      : 2026-07-01                                                                                             #
# TIME      : 15-31                                                                                                  #
# DATASET   : MNIST digits stratified                                                                                #
# CLASSIFIER: CNN + FRQI + QNN + Dense                                                                               #
# SUBSET    : 4/5                                                                                                    #
# SPLITS    : train=921, val=231, test=288                                                                           #
# TRAINING  : epochs=50, batch_size=16, device=cpu, qnn_lr=0.0010, head_lr=0.0100, cnn_lr=0.0010,                    #
#             convolution_depth=2, encoding_method=frqi                                                              #
# MODEL     : num_classes=10, num_qubits=5, num_layers=1                                                             #
# TORCHINFO SUMMARY:                                                                                                 #
# =================================================================                                                  #
# Layer (type:depth-idx)                   Param #                                                                   #
# =================================================================                                                  #
# Sequential                               --                                                                        #
# ├─Sequential: 1-1                        --                                                                        #
# │    └─Conv2d: 2-1                       80                                                                        #
# │    └─BatchNorm2d: 2-2                  16                                                                        #
# │    └─ReLU: 2-3                         --                                                                        #
# │    └─MaxPool2d: 2-4                    --                                                                        #
# │    └─Conv2d: 2-5                       1,168                                                                     #
# │    └─BatchNorm2d: 2-6                  32                                                                        #
# │    └─ReLU: 2-7                         --                                                                        #
# │    └─MaxPool2d: 2-8                    --                                                                        #
# ├─VQCLayerForCNNFeatureMaps: 1-2         240                                                                       #
# ├─Flatten: 1-3                           --                                                                        #
# ├─Linear: 1-4                            5,130                                                                     #
# ├─LogSoftmax: 1-5                        --                                                                        #
# =================================================================                                                  #
# Total params: 6,666                                                                                                #
# Trainable params: 6,666                                                                                            #
# Non-trainable params: 0                                                                                            #
# =================================================================                                                  #
######################################################################################################################

+---------+--------+--------+--------+--------+--------+--------+--------+--------+--------+--------+
|  Epoch  | TrLoss | TrAcc  | TrPrec | TrRec  |  TrF1  | VaLoss | VaAcc  | VaPrec | VaRec  |  VaF1  |
+=========+========+========+========+========+========+========+========+========+========+========+
|  001/050|  1.9682|  0.4549|  0.4487|  0.4549|  0.4511|  1.0733|  0.6190|  0.7187|  0.6190|  0.6174|
|  002/050|  1.0143|  0.6906|  0.6903|  0.6906|  0.6900|  1.1978|  0.5801|  0.7072|  0.5801|  0.5850|
|  003/050|  1.0624|  0.6602|  0.6594|  0.6602|  0.6595|  1.2695|  0.6017|  0.6971|  0.6017|  0.6066|
|  004/050|  1.3595|  0.6384|  0.6385|  0.6384|  0.6379|  1.3240|  0.6147|  0.6874|  0.6147|  0.5995|
|  005/050|  1.5803|  0.5983|  0.5973|  0.5983|  0.5975|  1.5339|  0.6407|  0.7763|  0.6407|  0.6174|
|  006/050|  1.2982|  0.6526|  0.6521|  0.6526|  0.6522|  1.0868|  0.7100|  0.7448|  0.7100|  0.7031|
+---------+--------+--------+--------+--------+--------+--------+--------+--------+--------+--------+

######################################################################################################################
#                                                    TEST RESULTS                                                    #
######################################################################################################################
# LOSS      : 1.0274                                                                                                 #
# ACCURACY  : 0.6632                                                                                                 #
# PRECISION : 0.7157                                                                                                 #
# RECALL    : 0.6632                                                                                                 #
# F1        : 0.6602                                                                                                 #
# CONFUSION MATRIX:                                                                                                  #
# [[25  0  0  0  1  0  3  0  0  0]                                                                                   #
#  [ 0 17  9  0  0  0  0  1  2  0]                                                                                   #
#  [ 2  0 25  0  0  1  1  0  0  0]                                                                                   #
#  [ 1  0 11 11  0  1  0  0  4  1]                                                                                   #
#  [ 4  0  0  0 15  1  2  2  2  2]                                                                                   #
#  [ 2  0  2  0  1 14  1  1  3  4]                                                                                   #
#  [ 2  0  0  0  0  0 25  0  1  1]                                                                                   #
#  [ 2  0  0  0  0  2  0 19  3  3]                                                                                   #
#  [ 0  0  3  0  1  1  1  1 19  3]                                                                                   #
#  [ 0  0  0  1  1  1  1  0  4 21]]                                                                                  #
######################################################################################################################
