=================================================================
Layer (type:depth-idx)                   Param #
=================================================================
Sequential                               --
├─Sequential: 1-1                        --
│    └─Conv2d: 2-1                       80
│    └─BatchNorm2d: 2-2                  16
│    └─ReLU: 2-3                         --
│    └─MaxPool2d: 2-4                    --
│    └─Conv2d: 2-5                       1,168
│    └─BatchNorm2d: 2-6                  32
│    └─ReLU: 2-7                         --
│    └─MaxPool2d: 2-8                    --
├─VQCLayerForCNNFeatureMaps: 1-2         240
├─Flatten: 1-3                           --
├─Linear: 1-4                            5,130
├─LogSoftmax: 1-5                        --
=================================================================
Total params: 6,666
Trainable params: 6,666
Non-trainable params: 0
=================================================================
