######################################################################################################################
#                                            EXPERIMENTAL PROTOCOL REPORT                                            #
######################################################################################################################
# DATE      : 2026-08-16                                                                                             #
# TIME      : 21-57                                                                                                  #
# DATASET   : MNIST digits stratified                                                                                #
# CLASSIFIER: CNN + Dense                                                                                            #
# SUBSET    : 1/5                                                                                                    #
# SPLITS    : train=921, val=231, test=288                                                                           #
# TRAINING  : epochs=50, batch_size=64, device=cpu, qnn_lr=0.0010, head_lr=0.0100, dataset_id=cifar_bw,              #
#             experiment_group=baseline, model_family=classical, encoding_id=raw_pixels, model_id=cnn_classifier     #
# ARCHITECT.: 32x32 -> Conv(1,16) -> Pool -> Conv(16,32) -> Pool -> Flatten -> Linear(64) -> Linear(classes)         #
# MODEL     : num_classes=10, num_qubits=0, num_layers=0                                                             #
# TORCHINFO SUMMARY:                                                                                                 #
# =================================================================                                                  #
# Layer (type:depth-idx)                   Param #                                                                   #
# =================================================================                                                  #
# CNNClassifier                            --                                                                        #
# ├─Sequential: 1-1                        --                                                                        #
# │    └─Conv2d: 2-1                       160                                                                       #
# │    └─ReLU: 2-2                         --                                                                        #
# │    └─MaxPool2d: 2-3                    --                                                                        #
# │    └─Conv2d: 2-4                       4,640                                                                     #
# │    └─ReLU: 2-5                         --                                                                        #
# │    └─MaxPool2d: 2-6                    --                                                                        #
# ├─Sequential: 1-2                        --                                                                        #
# │    └─Flatten: 2-7                      --                                                                        #
# │    └─Linear: 2-8                       131,136                                                                   #
# │    └─ReLU: 2-9                         --                                                                        #
# │    └─Linear: 2-10                      650                                                                       #
# │    └─LogSoftmax: 2-11                  --                                                                        #
# =================================================================                                                  #
# Total params: 136,586                                                                                              #
# Trainable params: 136,586                                                                                          #
# Non-trainable params: 0                                                                                            #
# =================================================================                                                  #
######################################################################################################################

+---------+--------+--------+--------+--------+--------+--------+--------+--------+--------+--------+
|  Epoch  | TrLoss | TrAcc  | TrPrec | TrRec  |  TrF1  | VaLoss | VaAcc  | VaPrec | VaRec  |  VaF1  |
+=========+========+========+========+========+========+========+========+========+========+========+
|  001/050|  2.2994|  0.1129|  0.0616|  0.1129|  0.0654|  2.2821|  0.1039|  0.0181|  0.1039|  0.0302|
|  002/050|  2.2428|  0.1792|  0.3270|  0.1792|  0.1081|  2.2149|  0.1558|  0.0870|  0.1558|  0.0938|
|  003/050|  2.1442|  0.2432|  0.2214|  0.2432|  0.1956|  2.1630|  0.2294|  0.2311|  0.2294|  0.2071|
|  004/050|  2.0547|  0.2769|  0.3054|  0.2769|  0.2593|  2.0901|  0.2511|  0.2029|  0.2511|  0.2070|
|  005/050|  1.9929|  0.2910|  0.2984|  0.2910|  0.2616|  2.0722|  0.2684|  0.3067|  0.2684|  0.2640|
|  006/050|  1.9239|  0.3170|  0.3364|  0.3170|  0.3034|  2.0182|  0.3030|  0.2929|  0.3030|  0.2817|
|  007/050|  1.8559|  0.3453|  0.3389|  0.3453|  0.3311|  2.0095|  0.2944|  0.2795|  0.2944|  0.2694|
|  008/050|  1.7991|  0.3540|  0.3431|  0.3540|  0.3409|  2.0070|  0.3074|  0.3280|  0.3074|  0.2949|
|  009/050|  1.7496|  0.3941|  0.3911|  0.3941|  0.3830|  2.0217|  0.3160|  0.3667|  0.3160|  0.3003|
|  010/050|  1.7148|  0.3898|  0.3931|  0.3898|  0.3820|  1.9465|  0.3203|  0.3618|  0.3203|  0.3069|
|  011/050|  1.6835|  0.4083|  0.4026|  0.4083|  0.3997|  1.9752|  0.3420|  0.3483|  0.3420|  0.3288|
|  012/050|  1.6174|  0.4191|  0.4189|  0.4191|  0.4125|  1.9054|  0.3723|  0.3926|  0.3723|  0.3716|
|  013/050|  1.5769|  0.4549|  0.4500|  0.4549|  0.4499|  1.9153|  0.3420|  0.3590|  0.3420|  0.3341|
|  014/050|  1.5308|  0.4745|  0.4741|  0.4745|  0.4722|  1.9018|  0.3766|  0.4320|  0.3766|  0.3677|
|  015/050|  1.5262|  0.4625|  0.4625|  0.4625|  0.4557|  1.9244|  0.3463|  0.3610|  0.3463|  0.3399|
|  016/050|  1.4814|  0.4940|  0.4937|  0.4940|  0.4902|  1.8692|  0.3593|  0.3796|  0.3593|  0.3590|
|  017/050|  1.4568|  0.5060|  0.5077|  0.5060|  0.5028|  1.9171|  0.3333|  0.3533|  0.3333|  0.3298|
|  018/050|  1.4277|  0.5027|  0.5011|  0.5027|  0.4979|  1.9089|  0.3593|  0.3868|  0.3593|  0.3520|
|  019/050|  1.3848|  0.5342|  0.5294|  0.5342|  0.5299|  1.8892|  0.3636|  0.3933|  0.3636|  0.3665|
|  020/050|  1.3438|  0.5472|  0.5488|  0.5472|  0.5426|  1.9604|  0.3550|  0.4132|  0.3550|  0.3508|
|  021/050|  1.3308|  0.5603|  0.5682|  0.5603|  0.5569|  1.9730|  0.3463|  0.3719|  0.3463|  0.3377|
+---------+--------+--------+--------+--------+--------+--------+--------+--------+--------+--------+

######################################################################################################################
#                                                    TEST RESULTS                                                    #
######################################################################################################################
# LOSS      : 1.8056                                                                                                 #
# ACCURACY  : 0.3681                                                                                                 #
# PRECISION : 0.3757                                                                                                 #
# RECALL    : 0.3681                                                                                                 #
# F1        : 0.3556                                                                                                 #
# CONFUSION MATRIX:                                                                                                  #
# [[15  4  1  0  1  1  3  0  4  0]                                                                                   #
#  [ 2 10  1  0  0  1  4  1  3  7]                                                                                   #
#  [ 0  1 15  2  1  3  5  2  0  0]                                                                                   #
#  [ 5  1  2  4  1  6  6  3  0  1]                                                                                   #
#  [ 2  0  3  0  6  2 12  1  1  1]                                                                                   #
#  [ 2  0  2  6  3 14  0  1  0  0]                                                                                   #
#  [ 2  2  2  1  2  3 16  1  0  0]                                                                                   #
#  [ 2  0  1  3  3  8  7  5  0  0]                                                                                   #
#  [ 8  4  2  0  0  1  2  0  7  5]                                                                                   #
#  [ 4  3  0  0  1  2  3  2  0 14]]                                                                                  #
######################################################################################################################
