=================================================================
Layer (type:depth-idx)                   Param #
=================================================================
CNNClassifier                            --
├─Sequential: 1-1                        --
│    └─Conv2d: 2-1                       160
│    └─ReLU: 2-2                         --
│    └─MaxPool2d: 2-3                    --
│    └─Conv2d: 2-4                       4,640
│    └─ReLU: 2-5                         --
│    └─MaxPool2d: 2-6                    --
├─Sequential: 1-2                        --
│    └─Flatten: 2-7                      --
│    └─Linear: 2-8                       131,136
│    └─ReLU: 2-9                         --
│    └─Linear: 2-10                      650
│    └─LogSoftmax: 2-11                  --
=================================================================
Total params: 136,586
Trainable params: 136,586
Non-trainable params: 0
=================================================================
