######################################################################################################################
#                                            EXPERIMENTAL PROTOCOL REPORT                                            #
######################################################################################################################
# DATE      : 2026-08-16                                                                                             #
# TIME      : 21-57                                                                                                  #
# DATASET   : MNIST digits stratified                                                                                #
# CLASSIFIER: CNN + Dense                                                                                            #
# SUBSET    : 3/5                                                                                                    #
# SPLITS    : train=921, val=231, test=288                                                                           #
# TRAINING  : epochs=50, batch_size=64, device=cpu, qnn_lr=0.0010, head_lr=0.0100, dataset_id=cifar_bw,              #
#             experiment_group=baseline, model_family=classical, encoding_id=raw_pixels, model_id=cnn_classifier     #
# MODEL     : num_classes=10, num_qubits=0, num_layers=0                                                             #
# TORCHINFO SUMMARY:                                                                                                 #
# =================================================================                                                  #
# Layer (type:depth-idx)                   Param #                                                                   #
# =================================================================                                                  #
# CNNClassifier                            --                                                                        #
# ├─Sequential: 1-1                        --                                                                        #
# │    └─Conv2d: 2-1                       160                                                                       #
# │    └─ReLU: 2-2                         --                                                                        #
# │    └─MaxPool2d: 2-3                    --                                                                        #
# │    └─Conv2d: 2-4                       4,640                                                                     #
# │    └─ReLU: 2-5                         --                                                                        #
# │    └─MaxPool2d: 2-6                    --                                                                        #
# ├─Sequential: 1-2                        --                                                                        #
# │    └─Flatten: 2-7                      --                                                                        #
# │    └─Linear: 2-8                       131,136                                                                   #
# │    └─ReLU: 2-9                         --                                                                        #
# │    └─Linear: 2-10                      650                                                                       #
# │    └─LogSoftmax: 2-11                  --                                                                        #
# =================================================================                                                  #
# Total params: 136,586                                                                                              #
# Trainable params: 136,586                                                                                          #
# Non-trainable params: 0                                                                                            #
# =================================================================                                                  #
######################################################################################################################

+---------+--------+--------+--------+--------+--------+--------+--------+--------+--------+--------+
|  Epoch  | TrLoss | TrAcc  | TrPrec | TrRec  |  TrF1  | VaLoss | VaAcc  | VaPrec | VaRec  |  VaF1  |
+=========+========+========+========+========+========+========+========+========+========+========+
|  001/050|  2.2971|  0.1086|  0.0704|  0.1086|  0.0671|  2.2796|  0.1645|  0.2051|  0.1645|  0.0984|
|  002/050|  2.2399|  0.2041|  0.3526|  0.2041|  0.1322|  2.2330|  0.1688|  0.1099|  0.1688|  0.1150|
|  003/050|  2.1436|  0.2334|  0.2166|  0.2334|  0.2115|  2.2455|  0.1645|  0.1326|  0.1645|  0.1279|
|  004/050|  2.0884|  0.2617|  0.3593|  0.2617|  0.2335|  2.2004|  0.2424|  0.2277|  0.2424|  0.2036|
|  005/050|  2.0244|  0.2953|  0.2972|  0.2953|  0.2674|  2.1613|  0.2035|  0.2012|  0.2035|  0.1860|
|  006/050|  1.9887|  0.2877|  0.2961|  0.2877|  0.2784|  2.1185|  0.2554|  0.2333|  0.2554|  0.2394|
|  007/050|  1.9016|  0.3246|  0.3315|  0.3246|  0.3071|  2.1237|  0.2208|  0.2235|  0.2208|  0.1903|
|  008/050|  1.8709|  0.3398|  0.3455|  0.3398|  0.3367|  2.0794|  0.2338|  0.2259|  0.2338|  0.2212|
|  009/050|  1.8059|  0.3757|  0.3745|  0.3757|  0.3682|  2.0755|  0.2294|  0.2292|  0.2294|  0.1998|
|  010/050|  1.7715|  0.3594|  0.3618|  0.3594|  0.3561|  2.0659|  0.2900|  0.2714|  0.2900|  0.2565|
|  011/050|  1.7534|  0.4039|  0.4000|  0.4039|  0.3959|  2.0156|  0.2597|  0.2750|  0.2597|  0.2579|
|  012/050|  1.6771|  0.4354|  0.4339|  0.4354|  0.4323|  2.0063|  0.2814|  0.2944|  0.2814|  0.2774|
|  013/050|  1.6253|  0.4376|  0.4366|  0.4376|  0.4340|  2.0426|  0.2684|  0.2694|  0.2684|  0.2455|
|  014/050|  1.5894|  0.4528|  0.4509|  0.4528|  0.4502|  2.0281|  0.2814|  0.2731|  0.2814|  0.2703|
|  015/050|  1.5277|  0.4843|  0.4873|  0.4843|  0.4819|  2.0432|  0.2597|  0.2694|  0.2597|  0.2479|
|  016/050|  1.5340|  0.4745|  0.4829|  0.4745|  0.4744|  2.0063|  0.2641|  0.2703|  0.2641|  0.2631|
|  017/050|  1.4822|  0.4919|  0.4942|  0.4919|  0.4882|  2.0303|  0.2468|  0.2483|  0.2468|  0.2248|
+---------+--------+--------+--------+--------+--------+--------+--------+--------+--------+--------+

######################################################################################################################
#                                                    TEST RESULTS                                                    #
######################################################################################################################
# LOSS      : 1.8655                                                                                                 #
# ACCURACY  : 0.3368                                                                                                 #
# PRECISION : 0.3501                                                                                                 #
# RECALL    : 0.3368                                                                                                 #
# F1        : 0.3344                                                                                                 #
# CONFUSION MATRIX:                                                                                                  #
# [[13  1  1  1  1  1  2  3  6  0]                                                                                   #
#  [ 0  8  1  2  0  0  7  2  1  8]                                                                                   #
#  [ 6  0  8  4  3  1  4  2  1  0]                                                                                   #
#  [ 2  1  3  7  3  2  7  3  1  0]                                                                                   #
#  [ 3  1  3  1  5  1  6  6  1  1]                                                                                   #
#  [ 1  0  0  3  6  7  4  6  1  0]                                                                                   #
#  [ 1  2  1  3  3  0 15  3  0  1]                                                                                   #
#  [ 1  1  0  6  3  2  3 12  0  1]                                                                                   #
#  [ 7  1  1  2  1  2  0  0 11  4]                                                                                   #
#  [ 1  6  2  3  1  0  2  1  2 11]]                                                                                  #
######################################################################################################################
