######################################################################################################################
#                                            EXPERIMENTAL PROTOCOL REPORT                                            #
######################################################################################################################
# DATE      : 2026-08-16                                                                                             #
# TIME      : 21-57                                                                                                  #
# DATASET   : MNIST digits stratified                                                                                #
# CLASSIFIER: CNN + Dense                                                                                            #
# SUBSET    : 4/5                                                                                                    #
# SPLITS    : train=921, val=231, test=288                                                                           #
# TRAINING  : epochs=50, batch_size=64, device=cpu, qnn_lr=0.0010, head_lr=0.0100, dataset_id=cifar_bw,              #
#             experiment_group=baseline, model_family=classical, encoding_id=raw_pixels, model_id=cnn_classifier     #
# MODEL     : num_classes=10, num_qubits=0, num_layers=0                                                             #
# TORCHINFO SUMMARY:                                                                                                 #
# =================================================================                                                  #
# Layer (type:depth-idx)                   Param #                                                                   #
# =================================================================                                                  #
# CNNClassifier                            --                                                                        #
# ├─Sequential: 1-1                        --                                                                        #
# │    └─Conv2d: 2-1                       160                                                                       #
# │    └─ReLU: 2-2                         --                                                                        #
# │    └─MaxPool2d: 2-3                    --                                                                        #
# │    └─Conv2d: 2-4                       4,640                                                                     #
# │    └─ReLU: 2-5                         --                                                                        #
# │    └─MaxPool2d: 2-6                    --                                                                        #
# ├─Sequential: 1-2                        --                                                                        #
# │    └─Flatten: 2-7                      --                                                                        #
# │    └─Linear: 2-8                       131,136                                                                   #
# │    └─ReLU: 2-9                         --                                                                        #
# │    └─Linear: 2-10                      650                                                                       #
# │    └─LogSoftmax: 2-11                  --                                                                        #
# =================================================================                                                  #
# Total params: 136,586                                                                                              #
# Trainable params: 136,586                                                                                          #
# Non-trainable params: 0                                                                                            #
# =================================================================                                                  #
######################################################################################################################

+---------+--------+--------+--------+--------+--------+--------+--------+--------+--------+--------+
|  Epoch  | TrLoss | TrAcc  | TrPrec | TrRec  |  TrF1  | VaLoss | VaAcc  | VaPrec | VaRec  |  VaF1  |
+=========+========+========+========+========+========+========+========+========+========+========+
|  001/050|  2.2987|  0.1064|  0.0903|  0.1064|  0.0777|  2.2757|  0.1818|  0.1619|  0.1818|  0.1254|
|  002/050|  2.2400|  0.2041|  0.2198|  0.2041|  0.1564|  2.1993|  0.2208|  0.2072|  0.2208|  0.1654|
|  003/050|  2.1361|  0.2226|  0.2580|  0.2226|  0.1944|  2.1454|  0.1948|  0.2033|  0.1948|  0.1387|
|  004/050|  2.0435|  0.2877|  0.3087|  0.2877|  0.2776|  2.0561|  0.2944|  0.4166|  0.2944|  0.2550|
|  005/050|  1.9798|  0.2877|  0.2858|  0.2877|  0.2687|  1.9966|  0.2814|  0.3562|  0.2814|  0.2874|
|  006/050|  1.9246|  0.3236|  0.3322|  0.3236|  0.3216|  1.9812|  0.2857|  0.3563|  0.2857|  0.2581|
|  007/050|  1.8662|  0.3420|  0.3594|  0.3420|  0.3361|  1.9256|  0.3074|  0.3696|  0.3074|  0.2914|
|  008/050|  1.7796|  0.3659|  0.3652|  0.3659|  0.3631|  1.8823|  0.3117|  0.3407|  0.3117|  0.3046|
|  009/050|  1.7198|  0.4104|  0.4224|  0.4104|  0.4077|  1.8506|  0.3377|  0.3355|  0.3377|  0.3281|
|  010/050|  1.6848|  0.3963|  0.3953|  0.3963|  0.3893|  1.8538|  0.2987|  0.3665|  0.2987|  0.2913|
|  011/050|  1.6490|  0.4180|  0.4274|  0.4180|  0.4166|  1.8133|  0.3636|  0.3637|  0.3636|  0.3467|
|  012/050|  1.5854|  0.4430|  0.4479|  0.4430|  0.4404|  1.7783|  0.3680|  0.3844|  0.3680|  0.3621|
|  013/050|  1.5508|  0.4408|  0.4442|  0.4408|  0.4401|  1.7937|  0.3766|  0.3930|  0.3766|  0.3614|
|  014/050|  1.5049|  0.4701|  0.4706|  0.4701|  0.4671|  1.8187|  0.3377|  0.3473|  0.3377|  0.3272|
|  015/050|  1.4810|  0.4669|  0.4679|  0.4669|  0.4644|  1.7596|  0.3680|  0.4041|  0.3680|  0.3577|
|  016/050|  1.4406|  0.4832|  0.4902|  0.4832|  0.4832|  1.7687|  0.3766|  0.4182|  0.3766|  0.3736|
|  017/050|  1.4366|  0.4897|  0.4896|  0.4897|  0.4864|  1.7728|  0.3680|  0.4078|  0.3680|  0.3675|
|  018/050|  1.3890|  0.5114|  0.5193|  0.5114|  0.5104|  1.7634|  0.4069|  0.4140|  0.4069|  0.3982|
|  019/050|  1.3349|  0.5255|  0.5290|  0.5255|  0.5231|  1.7620|  0.4069|  0.3986|  0.4069|  0.3897|
|  020/050|  1.3246|  0.5331|  0.5387|  0.5331|  0.5322|  1.8312|  0.3723|  0.4017|  0.3723|  0.3609|
+---------+--------+--------+--------+--------+--------+--------+--------+--------+--------+--------+

######################################################################################################################
#                                                    TEST RESULTS                                                    #
######################################################################################################################
# LOSS      : 1.8409                                                                                                 #
# ACCURACY  : 0.3438                                                                                                 #
# PRECISION : 0.3932                                                                                                 #
# RECALL    : 0.3438                                                                                                 #
# F1        : 0.3283                                                                                                 #
# CONFUSION MATRIX:                                                                                                  #
# [[ 3  3  0  2  8  1  1  0 11  0]                                                                                   #
#  [ 1 10  0  2  0  0  1  2  1 12]                                                                                   #
#  [ 1  0  3  7 12  3  1  1  0  1]                                                                                   #
#  [ 0  1  1 11  5  5  1  1  4  0]                                                                                   #
#  [ 0  0  0  7 18  0  1  1  1  0]                                                                                   #
#  [ 0  1  0  9  6  6  1  3  1  1]                                                                                   #
#  [ 0  1  0  3  8  0 11  1  3  2]                                                                                   #
#  [ 0  1  1  7  3  4  1  8  1  3]                                                                                   #
#  [ 2  0  1  2  6  2  1  2 10  3]                                                                                   #
#  [ 0  2  0  2  0  1  1  0  4 19]]                                                                                  #
######################################################################################################################
