######################################################################################################################
#                                            EXPERIMENTAL PROTOCOL REPORT                                            #
######################################################################################################################
# DATE      : 2026-08-16                                                                                             #
# TIME      : 21-57                                                                                                  #
# DATASET   : MNIST digits stratified                                                                                #
# CLASSIFIER: CNN + Dense                                                                                            #
# SUBSET    : 2/5                                                                                                    #
# SPLITS    : train=921, val=231, test=288                                                                           #
# TRAINING  : epochs=50, batch_size=64, device=cpu, qnn_lr=0.0010, head_lr=0.0100, dataset_id=cifar_bw,              #
#             experiment_group=baseline, model_family=classical, encoding_id=raw_pixels, model_id=cnn_classifier     #
# MODEL     : num_classes=10, num_qubits=0, num_layers=0                                                             #
# TORCHINFO SUMMARY:                                                                                                 #
# =================================================================                                                  #
# Layer (type:depth-idx)                   Param #                                                                   #
# =================================================================                                                  #
# CNNClassifier                            --                                                                        #
# ├─Sequential: 1-1                        --                                                                        #
# │    └─Conv2d: 2-1                       160                                                                       #
# │    └─ReLU: 2-2                         --                                                                        #
# │    └─MaxPool2d: 2-3                    --                                                                        #
# │    └─Conv2d: 2-4                       4,640                                                                     #
# │    └─ReLU: 2-5                         --                                                                        #
# │    └─MaxPool2d: 2-6                    --                                                                        #
# ├─Sequential: 1-2                        --                                                                        #
# │    └─Flatten: 2-7                      --                                                                        #
# │    └─Linear: 2-8                       131,136                                                                   #
# │    └─ReLU: 2-9                         --                                                                        #
# │    └─Linear: 2-10                      650                                                                       #
# │    └─LogSoftmax: 2-11                  --                                                                        #
# =================================================================                                                  #
# Total params: 136,586                                                                                              #
# Trainable params: 136,586                                                                                          #
# Non-trainable params: 0                                                                                            #
# =================================================================                                                  #
######################################################################################################################

+---------+--------+--------+--------+--------+--------+--------+--------+--------+--------+--------+
|  Epoch  | TrLoss | TrAcc  | TrPrec | TrRec  |  TrF1  | VaLoss | VaAcc  | VaPrec | VaRec  |  VaF1  |
+=========+========+========+========+========+========+========+========+========+========+========+
|  001/050|  2.2939|  0.0977|  0.0701|  0.0977|  0.0710|  2.2751|  0.1558|  0.1232|  0.1558|  0.0919|
|  002/050|  2.2334|  0.1781|  0.0978|  0.1781|  0.1044|  2.1893|  0.1905|  0.1322|  0.1905|  0.1466|
|  003/050|  2.1340|  0.2215|  0.1910|  0.2215|  0.1857|  2.1399|  0.1991|  0.2035|  0.1991|  0.1603|
|  004/050|  2.0502|  0.2541|  0.2299|  0.2541|  0.2313|  2.0777|  0.2511|  0.2987|  0.2511|  0.2196|
|  005/050|  2.0032|  0.2834|  0.2986|  0.2834|  0.2616|  2.0161|  0.2641|  0.2684|  0.2641|  0.2572|
|  006/050|  1.9322|  0.3214|  0.3356|  0.3214|  0.3044|  1.9817|  0.2684|  0.3180|  0.2684|  0.2586|
|  007/050|  1.8588|  0.3409|  0.3459|  0.3409|  0.3361|  1.9259|  0.2641|  0.2918|  0.2641|  0.2423|
|  008/050|  1.7898|  0.3746|  0.3717|  0.3746|  0.3665|  1.8701|  0.3247|  0.3234|  0.3247|  0.2912|
|  009/050|  1.7358|  0.3811|  0.3905|  0.3811|  0.3715|  1.8342|  0.3463|  0.3273|  0.3463|  0.3047|
|  010/050|  1.7006|  0.4159|  0.4185|  0.4159|  0.4106|  1.8038|  0.3333|  0.3765|  0.3333|  0.3157|
|  011/050|  1.6493|  0.4267|  0.4405|  0.4267|  0.4221|  1.8079|  0.3506|  0.3715|  0.3506|  0.3219|
|  012/050|  1.6141|  0.4441|  0.4478|  0.4441|  0.4389|  1.7639|  0.3463|  0.3658|  0.3463|  0.3396|
|  013/050|  1.5657|  0.4495|  0.4559|  0.4495|  0.4484|  1.7943|  0.3160|  0.4065|  0.3160|  0.3042|
|  014/050|  1.5449|  0.4539|  0.4556|  0.4539|  0.4485|  1.7514|  0.3506|  0.3370|  0.3506|  0.3317|
|  015/050|  1.5168|  0.4680|  0.4740|  0.4680|  0.4680|  1.7189|  0.3896|  0.4274|  0.3896|  0.3890|
|  016/050|  1.4743|  0.4777|  0.4862|  0.4777|  0.4758|  1.7857|  0.3680|  0.3951|  0.3680|  0.3437|
|  017/050|  1.4271|  0.5092|  0.5047|  0.5092|  0.5036|  1.6878|  0.3810|  0.3971|  0.3810|  0.3740|
|  018/050|  1.3949|  0.5157|  0.5204|  0.5157|  0.5127|  1.7283|  0.3983|  0.4196|  0.3983|  0.3955|
|  019/050|  1.3497|  0.5201|  0.5214|  0.5201|  0.5190|  1.6819|  0.4026|  0.4143|  0.4026|  0.4052|
|  020/050|  1.3170|  0.5613|  0.5607|  0.5613|  0.5598|  1.7017|  0.3723|  0.3817|  0.3723|  0.3566|
|  021/050|  1.2978|  0.5494|  0.5512|  0.5494|  0.5487|  1.7093|  0.4156|  0.4231|  0.4156|  0.4094|
|  022/050|  1.2662|  0.5679|  0.5674|  0.5679|  0.5666|  1.6979|  0.4199|  0.4393|  0.4199|  0.4244|
|  023/050|  1.2190|  0.5961|  0.5998|  0.5961|  0.5955|  1.7217|  0.4113|  0.4245|  0.4113|  0.4024|
|  024/050|  1.1814|  0.5983|  0.5992|  0.5983|  0.5958|  1.7014|  0.4156|  0.4233|  0.4156|  0.4162|
+---------+--------+--------+--------+--------+--------+--------+--------+--------+--------+--------+

######################################################################################################################
#                                                    TEST RESULTS                                                    #
######################################################################################################################
# LOSS      : 1.8842                                                                                                 #
# ACCURACY  : 0.3368                                                                                                 #
# PRECISION : 0.3533                                                                                                 #
# RECALL    : 0.3368                                                                                                 #
# F1        : 0.3356                                                                                                 #
# CONFUSION MATRIX:                                                                                                  #
# [[ 8  1  3  1  0  2  1  6  5  2]                                                                                   #
#  [ 0 11  0  2  0  1  4  1  2  8]                                                                                   #
#  [ 1  0  9  0  4  1  9  1  1  3]                                                                                   #
#  [ 0  2  3  6  4  4  4  6  0  0]                                                                                   #
#  [ 0  0  9  3  6  0  3  5  2  0]                                                                                   #
#  [ 0  2  3  4  5  8  2  4  0  0]                                                                                   #
#  [ 0  1  2  1  5  3 14  2  0  1]                                                                                   #
#  [ 0  2  2  4  2  1  3 13  1  1]                                                                                   #
#  [ 5  2  2  0  3  2  2  1 10  2]                                                                                   #
#  [ 0  8  0  1  1  1  1  3  2 12]]                                                                                  #
######################################################################################################################
