######################################################################################################################
#                                            EXPERIMENTAL PROTOCOL REPORT                                            #
######################################################################################################################
# DATE      : 2026-08-16                                                                                             #
# TIME      : 21-57                                                                                                  #
# DATASET   : MNIST digits stratified                                                                                #
# CLASSIFIER: CNN + Dense                                                                                            #
# SUBSET    : 5/5                                                                                                    #
# SPLITS    : train=921, val=231, test=288                                                                           #
# TRAINING  : epochs=50, batch_size=64, device=cpu, qnn_lr=0.0010, head_lr=0.0100, dataset_id=cifar_bw,              #
#             experiment_group=baseline, model_family=classical, encoding_id=raw_pixels, model_id=cnn_classifier     #
# MODEL     : num_classes=10, num_qubits=0, num_layers=0                                                             #
# TORCHINFO SUMMARY:                                                                                                 #
# =================================================================                                                  #
# Layer (type:depth-idx)                   Param #                                                                   #
# =================================================================                                                  #
# CNNClassifier                            --                                                                        #
# ├─Sequential: 1-1                        --                                                                        #
# │    └─Conv2d: 2-1                       160                                                                       #
# │    └─ReLU: 2-2                         --                                                                        #
# │    └─MaxPool2d: 2-3                    --                                                                        #
# │    └─Conv2d: 2-4                       4,640                                                                     #
# │    └─ReLU: 2-5                         --                                                                        #
# │    └─MaxPool2d: 2-6                    --                                                                        #
# ├─Sequential: 1-2                        --                                                                        #
# │    └─Flatten: 2-7                      --                                                                        #
# │    └─Linear: 2-8                       131,136                                                                   #
# │    └─ReLU: 2-9                         --                                                                        #
# │    └─Linear: 2-10                      650                                                                       #
# │    └─LogSoftmax: 2-11                  --                                                                        #
# =================================================================                                                  #
# Total params: 136,586                                                                                              #
# Trainable params: 136,586                                                                                          #
# Non-trainable params: 0                                                                                            #
# =================================================================                                                  #
######################################################################################################################

+---------+--------+--------+--------+--------+--------+--------+--------+--------+--------+--------+
|  Epoch  | TrLoss | TrAcc  | TrPrec | TrRec  |  TrF1  | VaLoss | VaAcc  | VaPrec | VaRec  |  VaF1  |
+=========+========+========+========+========+========+========+========+========+========+========+
|  001/050|  2.2988|  0.1021|  0.1057|  0.1021|  0.0714|  2.2763|  0.1429|  0.0868|  0.1429|  0.0689|
|  002/050|  2.2323|  0.1911|  0.1848|  0.1911|  0.1461|  2.2037|  0.2294|  0.1642|  0.2294|  0.1645|
|  003/050|  2.1371|  0.2226|  0.2315|  0.2226|  0.1882|  2.1566|  0.2251|  0.1502|  0.2251|  0.1735|
|  004/050|  2.0584|  0.2410|  0.2524|  0.2410|  0.2314|  2.1166|  0.2381|  0.2742|  0.2381|  0.2165|
|  005/050|  1.9899|  0.2747|  0.2711|  0.2747|  0.2562|  2.0636|  0.3117|  0.3277|  0.3117|  0.2951|
|  006/050|  1.9375|  0.3073|  0.3278|  0.3073|  0.3001|  2.0665|  0.2814|  0.2853|  0.2814|  0.2582|
|  007/050|  1.8736|  0.3398|  0.3464|  0.3398|  0.3315|  2.0091|  0.2857|  0.2962|  0.2857|  0.2605|
|  008/050|  1.8104|  0.3561|  0.3505|  0.3561|  0.3508|  1.9870|  0.3333|  0.3645|  0.3333|  0.3264|
|  009/050|  1.7656|  0.3692|  0.3765|  0.3692|  0.3621|  2.0104|  0.3074|  0.3134|  0.3074|  0.2835|
|  010/050|  1.7245|  0.3909|  0.3909|  0.3909|  0.3874|  1.9721|  0.3074|  0.3403|  0.3074|  0.2863|
|  011/050|  1.6883|  0.4278|  0.4328|  0.4278|  0.4257|  1.9878|  0.3203|  0.2957|  0.3203|  0.2979|
|  012/050|  1.6520|  0.4452|  0.4428|  0.4452|  0.4409|  1.9592|  0.3290|  0.3389|  0.3290|  0.3107|
|  013/050|  1.6000|  0.4419|  0.4524|  0.4419|  0.4423|  1.9902|  0.3290|  0.3197|  0.3290|  0.3120|
|  014/050|  1.5941|  0.4528|  0.4535|  0.4528|  0.4473|  1.9722|  0.3420|  0.3411|  0.3420|  0.3146|
|  015/050|  1.5451|  0.4517|  0.4572|  0.4517|  0.4496|  1.9476|  0.3506|  0.3755|  0.3506|  0.3438|
|  016/050|  1.5013|  0.4712|  0.4788|  0.4712|  0.4708|  1.9633|  0.3506|  0.3717|  0.3506|  0.3431|
|  017/050|  1.4885|  0.4767|  0.4760|  0.4767|  0.4740|  1.9803|  0.3203|  0.3236|  0.3203|  0.3052|
|  018/050|  1.4720|  0.5092|  0.5155|  0.5092|  0.5063|  2.0067|  0.3030|  0.3157|  0.3030|  0.2853|
|  019/050|  1.4213|  0.5147|  0.5174|  0.5147|  0.5142|  1.9768|  0.3247|  0.3453|  0.3247|  0.3179|
|  020/050|  1.4057|  0.5190|  0.5216|  0.5190|  0.5160|  1.9655|  0.3420|  0.3399|  0.3420|  0.3315|
+---------+--------+--------+--------+--------+--------+--------+--------+--------+--------+--------+

######################################################################################################################
#                                                    TEST RESULTS                                                    #
######################################################################################################################
# LOSS      : 1.8738                                                                                                 #
# ACCURACY  : 0.3681                                                                                                 #
# PRECISION : 0.3790                                                                                                 #
# RECALL    : 0.3681                                                                                                 #
# F1        : 0.3591                                                                                                 #
# CONFUSION MATRIX:                                                                                                  #
# [[13  0  2  0  4  0  0  1  8  1]                                                                                   #
#  [ 0  9  0  1  2  2  3  1  3  8]                                                                                   #
#  [ 6  0  7  4  6  2  3  1  0  0]                                                                                   #
#  [ 2  1  1  2  8  3  7  1  1  3]                                                                                   #
#  [ 2  0  2  2 12  2  4  1  1  2]                                                                                   #
#  [ 1  0  0  9  3  8  4  2  1  0]                                                                                   #
#  [ 1  2  2  0  2  2 18  1  0  1]                                                                                   #
#  [ 1  0  0  2  8  1  9  8  0  0]                                                                                   #
#  [ 3  2  1  1  0  0  1  0 16  5]                                                                                   #
#  [ 0  6  0  1  1  1  2  1  4 13]]                                                                                  #
######################################################################################################################
