######################################################################################################################
#                                            EXPERIMENTAL PROTOCOL REPORT                                            #
######################################################################################################################
# DATE      : 2026-07-30                                                                                             #
# TIME      : 12-30                                                                                                  #
# DATASET   : MNIST digits stratified                                                                                #
# CLASSIFIER: GEQIE + VQC + dense                                                                                    #
# SUBSET    : 1/5                                                                                                    #
# SPLITS    : train=921, val=231, test=288                                                                           #
# TRAINING  : epochs=50, batch_size=16, device=cpu, qnn_lr=0.0010, head_lr=0.0100, dataset_id=mnist_fashion,         #
#             experiment_group=experiment, model_family=geqie, encoding_id=frqi, model_id=direct_vqc_dense,          #
#             encoding_method=frqi, encoding_params={}, precompute_workers=1, quantum_workers=32                     #
# ARCHITECT.: GEQIE/FRQI GEQIE matrices -> VQCLayer(default VQC) -> Dense -> LogSoftmax                              #
# MODEL     : num_classes=10, num_qubits=9, num_layers=5                                                             #
# TORCHINFO SUMMARY:                                                                                                 #
# =================================================================                                                  #
# Layer (type:depth-idx)                   Param #                                                                   #
# =================================================================                                                  #
# GEQIEFirstClassifier                     --                                                                        #
# ├─VQCLayer: 1-1                          135                                                                       #
# ├─Linear: 1-2                            5,130                                                                     #
# ├─LogSoftmax: 1-3                        --                                                                        #
# =================================================================                                                  #
# Total params: 5,265                                                                                                #
# Trainable params: 5,265                                                                                            #
# Non-trainable params: 0                                                                                            #
# =================================================================                                                  #
######################################################################################################################

+---------+--------+--------+--------+--------+--------+--------+--------+--------+--------+--------+
|  Epoch  | TrLoss | TrAcc  | TrPrec | TrRec  |  TrF1  | VaLoss | VaAcc  | VaPrec | VaRec  |  VaF1  |
+=========+========+========+========+========+========+========+========+========+========+========+
|  001/050|  1.7667|  0.5353|  0.5359|  0.5353|  0.5353|  0.9271|  0.7100|  0.7638|  0.7100|  0.7054|
|  002/050|  0.9198|  0.7264|  0.7252|  0.7264|  0.7253|  1.2269|  0.6753|  0.6966|  0.6753|  0.6621|
|  003/050|  1.1201|  0.7068|  0.7056|  0.7068|  0.7061|  1.2231|  0.7100|  0.7873|  0.7100|  0.6954|
|  004/050|  0.7755|  0.7742|  0.7725|  0.7742|  0.7730|  0.9283|  0.7403|  0.7537|  0.7403|  0.7380|
|  005/050|  0.9281|  0.7503|  0.7479|  0.7503|  0.7487|  1.3160|  0.7273|  0.7737|  0.7273|  0.7323|
|  006/050|  0.8455|  0.7796|  0.7832|  0.7796|  0.7812|  1.0230|  0.7706|  0.7878|  0.7706|  0.7626|
+---------+--------+--------+--------+--------+--------+--------+--------+--------+--------+--------+

######################################################################################################################
#                                                    TEST RESULTS                                                    #
######################################################################################################################
# LOSS      : 0.9359                                                                                                 #
# ACCURACY  : 0.7188                                                                                                 #
# PRECISION : 0.7725                                                                                                 #
# RECALL    : 0.7188                                                                                                 #
# F1        : 0.7154                                                                                                 #
# CONFUSION MATRIX:                                                                                                  #
# [[24  1  1  0  2  0  1  0  0  0]                                                                                   #
#  [ 0 24  3  0  1  0  1  0  0  0]                                                                                   #
#  [ 0  0 14  0 13  0  2  0  0  0]                                                                                   #
#  [ 0  3  0 12 13  0  1  0  0  0]                                                                                   #
#  [ 0  0  0  0 26  1  1  0  0  0]                                                                                   #
#  [ 0  0  0  0  0 20  0  2  0  6]                                                                                   #
#  [ 4  0  6  0 11  0  8  0  0  0]                                                                                   #
#  [ 0  0  0  0  0  3  0 23  0  3]                                                                                   #
#  [ 0  0  1  0  0  0  0  0 28  0]                                                                                   #
#  [ 0  0  0  0  0  0  0  1  0 28]]                                                                                  #
######################################################################################################################
