######################################################################################################################
#                                            EXPERIMENTAL PROTOCOL REPORT                                            #
######################################################################################################################
# DATE      : 2026-07-30                                                                                             #
# TIME      : 12-30                                                                                                  #
# DATASET   : MNIST digits stratified                                                                                #
# CLASSIFIER: GEQIE + VQC + dense                                                                                    #
# SUBSET    : 4/5                                                                                                    #
# SPLITS    : train=921, val=231, test=288                                                                           #
# TRAINING  : epochs=50, batch_size=16, device=cpu, qnn_lr=0.0010, head_lr=0.0100, dataset_id=mnist_fashion,         #
#             experiment_group=experiment, model_family=geqie, encoding_id=frqi, model_id=direct_vqc_dense,          #
#             encoding_method=frqi, encoding_params={}, precompute_workers=1, quantum_workers=32                     #
# MODEL     : num_classes=10, num_qubits=9, num_layers=5                                                             #
# TORCHINFO SUMMARY:                                                                                                 #
# =================================================================                                                  #
# Layer (type:depth-idx)                   Param #                                                                   #
# =================================================================                                                  #
# GEQIEFirstClassifier                     --                                                                        #
# ├─VQCLayer: 1-1                          135                                                                       #
# ├─Linear: 1-2                            5,130                                                                     #
# ├─LogSoftmax: 1-3                        --                                                                        #
# =================================================================                                                  #
# Total params: 5,265                                                                                                #
# Trainable params: 5,265                                                                                            #
# Non-trainable params: 0                                                                                            #
# =================================================================                                                  #
######################################################################################################################

+---------+--------+--------+--------+--------+--------+--------+--------+--------+--------+--------+
|  Epoch  | TrLoss | TrAcc  | TrPrec | TrRec  |  TrF1  | VaLoss | VaAcc  | VaPrec | VaRec  |  VaF1  |
+=========+========+========+========+========+========+========+========+========+========+========+
|  001/050|  1.6930|  0.5375|  0.5352|  0.5375|  0.5358|  1.2973|  0.6450|  0.7157|  0.6450|  0.6328|
|  002/050|  0.9228|  0.7351|  0.7352|  0.7351|  0.7349|  1.4646|  0.6407|  0.7113|  0.6407|  0.6127|
|  003/050|  0.7907|  0.7448|  0.7423|  0.7448|  0.7432|  1.3818|  0.6494|  0.6828|  0.6494|  0.6464|
|  004/050|  0.7598|  0.7861|  0.7865|  0.7861|  0.7862|  1.3253|  0.6494|  0.7038|  0.6494|  0.6444|
|  005/050|  0.7239|  0.7850|  0.7821|  0.7850|  0.7832|  1.3312|  0.6753|  0.7081|  0.6753|  0.6766|
|  006/050|  0.9174|  0.7644|  0.7655|  0.7644|  0.7646|  1.3261|  0.7446|  0.7584|  0.7446|  0.7320|
+---------+--------+--------+--------+--------+--------+--------+--------+--------+--------+--------+

######################################################################################################################
#                                                    TEST RESULTS                                                    #
######################################################################################################################
# LOSS      : 1.2150                                                                                                 #
# ACCURACY  : 0.6285                                                                                                 #
# PRECISION : 0.6743                                                                                                 #
# RECALL    : 0.6285                                                                                                 #
# F1        : 0.6095                                                                                                 #
# CONFUSION MATRIX:                                                                                                  #
# [[24  0  0  2  0  0  3  0  0  0]                                                                                   #
#  [ 1 21  0  6  1  0  0  0  0  0]                                                                                   #
#  [ 0  0  6  0 15  0  8  0  0  0]                                                                                   #
#  [ 1  4  0 19  5  0  0  0  0  0]                                                                                   #
#  [ 0  0  1  1 22  0  4  0  0  0]                                                                                   #
#  [ 0  0  0  0  0  6  0  6  1 15]                                                                                   #
#  [ 3  0  3  1 15  0  7  0  0  0]                                                                                   #
#  [ 0  0  0  0  0  1  0 22  0  6]                                                                                   #
#  [ 0  0  0  0  1  0  1  0 26  1]                                                                                   #
#  [ 0  0  0  0  0  0  0  1  0 28]]                                                                                  #
######################################################################################################################
