######################################################################################################################
#                                            EXPERIMENTAL PROTOCOL REPORT                                            #
######################################################################################################################
# DATE      : 2026-07-30                                                                                             #
# TIME      : 12-30                                                                                                  #
# DATASET   : MNIST digits stratified                                                                                #
# CLASSIFIER: GEQIE + VQC + dense                                                                                    #
# SUBSET    : 2/5                                                                                                    #
# SPLITS    : train=921, val=231, test=288                                                                           #
# TRAINING  : epochs=50, batch_size=16, device=cpu, qnn_lr=0.0010, head_lr=0.0100, dataset_id=mnist_fashion,         #
#             experiment_group=experiment, model_family=geqie, encoding_id=frqi, model_id=direct_vqc_dense,          #
#             encoding_method=frqi, encoding_params={}, precompute_workers=1, quantum_workers=32                     #
# MODEL     : num_classes=10, num_qubits=9, num_layers=5                                                             #
# TORCHINFO SUMMARY:                                                                                                 #
# =================================================================                                                  #
# Layer (type:depth-idx)                   Param #                                                                   #
# =================================================================                                                  #
# GEQIEFirstClassifier                     --                                                                        #
# ├─VQCLayer: 1-1                          135                                                                       #
# ├─Linear: 1-2                            5,130                                                                     #
# ├─LogSoftmax: 1-3                        --                                                                        #
# =================================================================                                                  #
# Total params: 5,265                                                                                                #
# Trainable params: 5,265                                                                                            #
# Non-trainable params: 0                                                                                            #
# =================================================================                                                  #
######################################################################################################################

+---------+--------+--------+--------+--------+--------+--------+--------+--------+--------+--------+
|  Epoch  | TrLoss | TrAcc  | TrPrec | TrRec  |  TrF1  | VaLoss | VaAcc  | VaPrec | VaRec  |  VaF1  |
+=========+========+========+========+========+========+========+========+========+========+========+
|  001/050|  1.5135|  0.5711|  0.5682|  0.5711|  0.5694|  0.8794|  0.7273|  0.7606|  0.7273|  0.7283|
|  002/050|  0.9018|  0.7210|  0.7225|  0.7210|  0.7208|  1.1633|  0.7013|  0.7276|  0.7013|  0.6771|
|  003/050|  0.9938|  0.7275|  0.7259|  0.7275|  0.7265|  1.1580|  0.6840|  0.6921|  0.6840|  0.6647|
|  004/050|  0.8080|  0.7687|  0.7704|  0.7687|  0.7695|  1.2394|  0.7229|  0.7751|  0.7229|  0.7140|
|  005/050|  0.8032|  0.7742|  0.7740|  0.7742|  0.7739|  1.4384|  0.6667|  0.7432|  0.6667|  0.6644|
|  006/050|  0.8437|  0.7731|  0.7728|  0.7731|  0.7728|  1.0868|  0.7619|  0.7907|  0.7619|  0.7610|
+---------+--------+--------+--------+--------+--------+--------+--------+--------+--------+--------+

######################################################################################################################
#                                                    TEST RESULTS                                                    #
######################################################################################################################
# LOSS      : 0.9923                                                                                                 #
# ACCURACY  : 0.6910                                                                                                 #
# PRECISION : 0.7063                                                                                                 #
# RECALL    : 0.6910                                                                                                 #
# F1        : 0.6838                                                                                                 #
# CONFUSION MATRIX:                                                                                                  #
# [[17  1  1  7  1  0  1  0  1  0]                                                                                   #
#  [ 0 22  1  6  0  0  0  0  0  0]                                                                                   #
#  [ 0  0 18  0  6  0  4  0  1  0]                                                                                   #
#  [ 0  2  0 22  3  0  1  0  1  0]                                                                                   #
#  [ 0  0  1  3 22  0  2  0  0  0]                                                                                   #
#  [ 0  0  0  0  0 15  0  6  0  7]                                                                                   #
#  [ 3  0 10  3  5  0  7  0  0  1]                                                                                   #
#  [ 0  0  0  0  0  2  0 26  0  1]                                                                                   #
#  [ 0  0  0  2  0  0  2  0 24  1]                                                                                   #
#  [ 0  0  0  0  0  0  0  3  0 26]]                                                                                  #
######################################################################################################################
