######################################################################################################################
#                                            EXPERIMENTAL PROTOCOL REPORT                                            #
######################################################################################################################
# DATE      : 2026-07-30                                                                                             #
# TIME      : 12-30                                                                                                  #
# DATASET   : MNIST digits stratified                                                                                #
# CLASSIFIER: GEQIE + VQC + dense                                                                                    #
# SUBSET    : 3/5                                                                                                    #
# SPLITS    : train=921, val=231, test=288                                                                           #
# TRAINING  : epochs=50, batch_size=16, device=cpu, qnn_lr=0.0010, head_lr=0.0100, dataset_id=mnist_fashion,         #
#             experiment_group=experiment, model_family=geqie, encoding_id=frqi, model_id=direct_vqc_dense,          #
#             encoding_method=frqi, encoding_params={}, precompute_workers=1, quantum_workers=32                     #
# MODEL     : num_classes=10, num_qubits=9, num_layers=5                                                             #
# TORCHINFO SUMMARY:                                                                                                 #
# =================================================================                                                  #
# Layer (type:depth-idx)                   Param #                                                                   #
# =================================================================                                                  #
# GEQIEFirstClassifier                     --                                                                        #
# ├─VQCLayer: 1-1                          135                                                                       #
# ├─Linear: 1-2                            5,130                                                                     #
# ├─LogSoftmax: 1-3                        --                                                                        #
# =================================================================                                                  #
# Total params: 5,265                                                                                                #
# Trainable params: 5,265                                                                                            #
# Non-trainable params: 0                                                                                            #
# =================================================================                                                  #
######################################################################################################################

+---------+--------+--------+--------+--------+--------+--------+--------+--------+--------+--------+
|  Epoch  | TrLoss | TrAcc  | TrPrec | TrRec  |  TrF1  | VaLoss | VaAcc  | VaPrec | VaRec  |  VaF1  |
+=========+========+========+========+========+========+========+========+========+========+========+
|  001/050|  1.6805|  0.5613|  0.5599|  0.5613|  0.5604|  1.3044|  0.6797|  0.7629|  0.6797|  0.6609|
|  002/050|  0.8616|  0.7318|  0.7310|  0.7318|  0.7311|  1.5603|  0.6407|  0.6190|  0.6407|  0.5883|
|  003/050|  0.9702|  0.7405|  0.7421|  0.7405|  0.7412|  1.3528|  0.6753|  0.7221|  0.6753|  0.6573|
|  004/050|  0.7613|  0.7937|  0.7933|  0.7937|  0.7927|  0.7970|  0.7965|  0.8055|  0.7965|  0.7926|
|  005/050|  0.6783|  0.7904|  0.7917|  0.7904|  0.7909|  1.0396|  0.7403|  0.7637|  0.7403|  0.7362|
|  006/050|  0.7521|  0.7980|  0.7971|  0.7980|  0.7973|  1.1884|  0.7835|  0.7857|  0.7835|  0.7711|
|  007/050|  0.7413|  0.8187|  0.8193|  0.8187|  0.8187|  1.8095|  0.7229|  0.7371|  0.7229|  0.6824|
|  008/050|  0.5996|  0.8263|  0.8252|  0.8263|  0.8257|  1.6480|  0.6926|  0.7223|  0.6926|  0.6795|
|  009/050|  0.5547|  0.8360|  0.8358|  0.8360|  0.8358|  1.2236|  0.7619|  0.7711|  0.7619|  0.7578|
+---------+--------+--------+--------+--------+--------+--------+--------+--------+--------+--------+

######################################################################################################################
#                                                    TEST RESULTS                                                    #
######################################################################################################################
# LOSS      : 0.9482                                                                                                 #
# ACCURACY  : 0.7118                                                                                                 #
# PRECISION : 0.7310                                                                                                 #
# RECALL    : 0.7118                                                                                                 #
# F1        : 0.7093                                                                                                 #
# CONFUSION MATRIX:                                                                                                  #
# [[15  0  3  4  0  0  7  0  0  0]                                                                                   #
#  [ 1 25  0  1  1  0  1  0  0  0]                                                                                   #
#  [ 1  0 20  0  3  0  5  0  0  0]                                                                                   #
#  [ 0  7  0 14  6  0  2  0  0  0]                                                                                   #
#  [ 0  0  9  1  9  0  9  0  0  0]                                                                                   #
#  [ 0  0  0  0  0 20  0  6  0  2]                                                                                   #
#  [ 2  1  5  0  1  0 20  0  0  0]                                                                                   #
#  [ 0  0  0  0  0  1  0 26  0  2]                                                                                   #
#  [ 0  0  1  0  0  0  0  0 28  0]                                                                                   #
#  [ 0  0  0  0  0  0  1  0  0 28]]                                                                                  #
######################################################################################################################
