######################################################################################################################
#                                            EXPERIMENTAL PROTOCOL REPORT                                            #
######################################################################################################################
# DATE      : 2026-07-30                                                                                             #
# TIME      : 12-30                                                                                                  #
# DATASET   : MNIST digits stratified                                                                                #
# CLASSIFIER: GEQIE + VQC + dense                                                                                    #
# SUBSET    : 5/5                                                                                                    #
# SPLITS    : train=921, val=231, test=288                                                                           #
# TRAINING  : epochs=50, batch_size=16, device=cpu, qnn_lr=0.0010, head_lr=0.0100, dataset_id=mnist_fashion,         #
#             experiment_group=experiment, model_family=geqie, encoding_id=frqi, model_id=direct_vqc_dense,          #
#             encoding_method=frqi, encoding_params={}, precompute_workers=1, quantum_workers=32                     #
# MODEL     : num_classes=10, num_qubits=9, num_layers=5                                                             #
# TORCHINFO SUMMARY:                                                                                                 #
# =================================================================                                                  #
# Layer (type:depth-idx)                   Param #                                                                   #
# =================================================================                                                  #
# GEQIEFirstClassifier                     --                                                                        #
# ├─VQCLayer: 1-1                          135                                                                       #
# ├─Linear: 1-2                            5,130                                                                     #
# ├─LogSoftmax: 1-3                        --                                                                        #
# =================================================================                                                  #
# Total params: 5,265                                                                                                #
# Trainable params: 5,265                                                                                            #
# Non-trainable params: 0                                                                                            #
# =================================================================                                                  #
######################################################################################################################

+---------+--------+--------+--------+--------+--------+--------+--------+--------+--------+--------+
|  Epoch  | TrLoss | TrAcc  | TrPrec | TrRec  |  TrF1  | VaLoss | VaAcc  | VaPrec | VaRec  |  VaF1  |
+=========+========+========+========+========+========+========+========+========+========+========+
|  001/050|  1.7189|  0.5440|  0.5468|  0.5440|  0.5451|  1.2721|  0.6753|  0.7545|  0.6753|  0.6599|
|  002/050|  0.8484|  0.7459|  0.7449|  0.7459|  0.7450|  1.2690|  0.6710|  0.6374|  0.6710|  0.6432|
|  003/050|  0.8994|  0.7394|  0.7396|  0.7394|  0.7393|  1.0766|  0.7229|  0.7541|  0.7229|  0.7266|
|  004/050|  0.5868|  0.8165|  0.8167|  0.8165|  0.8165|  1.1623|  0.6667|  0.7173|  0.6667|  0.6710|
|  005/050|  0.6306|  0.8165|  0.8153|  0.8165|  0.8156|  0.9372|  0.7359|  0.7609|  0.7359|  0.7385|
|  006/050|  0.6184|  0.8263|  0.8255|  0.8263|  0.8257|  1.1913|  0.7100|  0.7108|  0.7100|  0.6958|
|  007/050|  0.6233|  0.8252|  0.8246|  0.8252|  0.8247|  1.3127|  0.7403|  0.7616|  0.7403|  0.7371|
|  008/050|  0.6594|  0.8154|  0.8183|  0.8154|  0.8164|  1.2102|  0.7186|  0.7324|  0.7186|  0.7035|
|  009/050|  0.7600|  0.8013|  0.8007|  0.8013|  0.8009|  1.4308|  0.7056|  0.7535|  0.7056|  0.7068|
|  010/050|  0.6440|  0.8252|  0.8258|  0.8252|  0.8253|  1.4684|  0.7056|  0.7463|  0.7056|  0.6999|
+---------+--------+--------+--------+--------+--------+--------+--------+--------+--------+--------+

######################################################################################################################
#                                                    TEST RESULTS                                                    #
######################################################################################################################
# LOSS      : 1.2587                                                                                                 #
# ACCURACY  : 0.6944                                                                                                 #
# PRECISION : 0.7122                                                                                                 #
# RECALL    : 0.6944                                                                                                 #
# F1        : 0.6957                                                                                                 #
# CONFUSION MATRIX:                                                                                                  #
# [[19  0  0  1  0  0  8  0  1  0]                                                                                   #
#  [ 1 22  0  4  0  0  2  0  0  0]                                                                                   #
#  [ 1  0 18  0  6  0  4  0  0  0]                                                                                   #
#  [ 1  1  0 22  1  0  4  0  0  0]                                                                                   #
#  [ 0  0  6  4 11  0  7  0  0  0]                                                                                   #
#  [ 0  0  0  0  0 22  0  3  0  3]                                                                                   #
#  [ 5  0  2  3  2  0 17  0  0  0]                                                                                   #
#  [ 0  0  0  0  0  9  0 16  0  4]                                                                                   #
#  [ 0  0  1  1  0  0  0  0 26  1]                                                                                   #
#  [ 0  0  0  0  0  0  0  2  0 27]]                                                                                  #
######################################################################################################################
