######################################################################################################################
#                                            EXPERIMENTAL PROTOCOL REPORT                                            #
######################################################################################################################
# DATE      : 2026-05-17                                                                                             #
# TIME      : 23-41                                                                                                  #
# DATASET   : MNIST digits stratified                                                                                #
# CLASSIFIER: CNN + angle embedding + QNN + Dense                                                                    #
# SUBSET    : 3/5                                                                                                    #
# SPLITS    : train=921, val=231, test=288                                                                           #
# TRAINING  : epochs=30, batch_size=16, device=cpu, qnn_lr=0.0010, head_lr=0.0100                                    #
# MODEL     : num_classes=10, num_qubits=10, num_layers=1                                                            #
# TORCHINFO SUMMARY:                                                                                                 #
# =================================================================                                                  #
# Layer (type:depth-idx)                   Param #                                                                   #
# =================================================================                                                  #
# QNN_Baseline_CNN                         30                                                                        #
# ├─Sequential: 1-1                        --                                                                        #
# │    └─Conv2d: 2-1                       416                                                                       #
# │    └─BatchNorm2d: 2-2                  32                                                                        #
# │    └─ReLU: 2-3                         --                                                                        #
# │    └─MaxPool2d: 2-4                    --                                                                        #
# │    └─Conv2d: 2-5                       12,832                                                                    #
# │    └─BatchNorm2d: 2-6                  64                                                                        #
# │    └─ReLU: 2-7                         --                                                                        #
# │    └─MaxPool2d: 2-8                    --                                                                        #
# ├─Sequential: 1-2                        --                                                                        #
# │    └─Flatten: 2-9                      --                                                                        #
# │    └─Linear: 2-10                      10,260                                                                    #
# │    └─BatchNorm1d: 2-11                 40                                                                        #
# │    └─ReLU: 2-12                        --                                                                        #
# │    └─Linear: 2-13                      210                                                                       #
# ├─TorchConnector: 1-3                    30                                                                        #
# ├─Linear: 1-4                            10,250                                                                    #
# ├─LogSoftmax: 1-5                        --                                                                        #
# =================================================================                                                  #
# Total params: 34,164                                                                                               #
# Trainable params: 34,164                                                                                           #
# Non-trainable params: 0                                                                                            #
# =================================================================                                                  #
######################################################################################################################

+---------+--------+--------+--------+--------+--------+--------+--------+--------+--------+--------+
|  Epoch  | TrLoss | TrAcc  | TrPrec | TrRec  |  TrF1  | VaLoss | VaAcc  | VaPrec | VaRec  |  VaF1  |
+=========+========+========+========+========+========+========+========+========+========+========+
|  001/030|  2.3111|  0.2465|  0.2389|  0.2465|  0.2413|  1.9737|  0.2338|  0.3097|  0.2338|  0.2099|
|  002/030|  1.9723|  0.3170|  0.3082|  0.3170|  0.3112|  1.7162|  0.3723|  0.3374|  0.3723|  0.3331|
|  003/030|  1.9276|  0.3496|  0.3403|  0.3496|  0.3436|  1.8496|  0.3160|  0.3486|  0.3160|  0.2815|
|  004/030|  1.8618|  0.3713|  0.3594|  0.3713|  0.3621|  1.7543|  0.3810|  0.4543|  0.3810|  0.3583|
|  005/030|  1.8161|  0.3746|  0.3673|  0.3746|  0.3689|  1.6330|  0.4199|  0.4474|  0.4199|  0.4169|
|  006/030|  1.8167|  0.3887|  0.3763|  0.3887|  0.3806|  1.8430|  0.3766|  0.3611|  0.3766|  0.3272|
|  007/030|  1.7282|  0.4007|  0.3909|  0.4007|  0.3935|  1.7808|  0.3593|  0.3703|  0.3593|  0.3268|
|  008/030|  1.7715|  0.3963|  0.3877|  0.3963|  0.3911|  1.6582|  0.3766|  0.4515|  0.3766|  0.3724|
|  009/030|  1.7766|  0.4126|  0.3995|  0.4126|  0.4026|  1.6220|  0.4416|  0.4641|  0.4416|  0.4261|
|  010/030|  1.7468|  0.4235|  0.4196|  0.4235|  0.4197|  1.5911|  0.4242|  0.5437|  0.4242|  0.4177|
|  011/030|  1.6718|  0.4300|  0.4223|  0.4300|  0.4243|  1.6226|  0.4026|  0.4029|  0.4026|  0.3838|
|  012/030|  1.7282|  0.4007|  0.3890|  0.4007|  0.3935|  1.8530|  0.3420|  0.3594|  0.3420|  0.3108|
|  013/030|  1.7562|  0.4245|  0.4162|  0.4245|  0.4189|  1.6145|  0.4329|  0.5317|  0.4329|  0.4175|
|  014/030|  1.7512|  0.4050|  0.3957|  0.4050|  0.3979|  1.5304|  0.4502|  0.4617|  0.4502|  0.4363|
|  015/030|  1.7946|  0.4104|  0.4061|  0.4104|  0.4071|  1.6228|  0.4026|  0.4560|  0.4026|  0.3907|
|  016/030|  1.7432|  0.4093|  0.4011|  0.4093|  0.4023|  1.6236|  0.4286|  0.4698|  0.4286|  0.4105|
|  017/030|  1.6902|  0.4289|  0.4152|  0.4289|  0.4209|  1.7781|  0.3506|  0.4755|  0.3506|  0.3505|
|  018/030|  1.7008|  0.4235|  0.4149|  0.4235|  0.4178|  1.6833|  0.3810|  0.4334|  0.3810|  0.3780|
|  019/030|  1.6276|  0.4343|  0.4253|  0.4343|  0.4278|  1.6145|  0.4372|  0.5409|  0.4372|  0.4265|
+---------+--------+--------+--------+--------+--------+--------+--------+--------+--------+--------+

######################################################################################################################
#                                                    TEST RESULTS                                                    #
######################################################################################################################
# LOSS      : 1.6784                                                                                                 #
# ACCURACY  : 0.4549                                                                                                 #
# PRECISION : 0.4628                                                                                                 #
# RECALL    : 0.4549                                                                                                 #
# F1        : 0.4389                                                                                                 #
# CONFUSION MATRIX:                                                                                                  #
# [[26  0  1  0  0  1  0  0  1  0]                                                                                   #
#  [ 1 16  4  1  2  3  1  0  0  1]                                                                                   #
#  [ 3  1 20  0  2  0  1  1  1  0]                                                                                   #
#  [ 3  2  1  8  2  6  3  1  1  2]                                                                                   #
#  [ 1  1  3  0 11  5  3  1  1  2]                                                                                   #
#  [ 3  0  3  2  1 17  0  0  2  0]                                                                                   #
#  [ 2  0  5  4  3  4  8  1  2  0]                                                                                   #
#  [ 3  3  2  1  3  2  0 11  1  3]                                                                                   #
#  [ 4  0  2  3  6  3  1  0  8  2]                                                                                   #
#  [ 0  0  3  2  7  4  1  2  4  6]]                                                                                  #
######################################################################################################################
