######################################################################################################################
#                                            EXPERIMENTAL PROTOCOL REPORT                                            #
######################################################################################################################
# DATE      : 2026-09-23                                                                                             #
# TIME      : 09-50                                                                                                  #
# DATASET   : MNIST digits stratified                                                                                #
# CLASSIFIER: CNN + ZZFeatureMap + SamplerAnsatzLayer + Dense                                                        #
# SUBSET    : 1/5                                                                                                    #
# SPLITS    : train=921, val=231, test=288                                                                           #
# TRAINING  : epochs=50, batch_size=16, device=cpu, qnn_lr=0.0010, head_lr=0.0100, dataset_id=mnist_digits,          #
#             experiment_group=baseline, model_family=quantum_without_geqie, encoding_id=zz_feature_map,             #
#             model_id=cnn_vqc_dense, quantum_layer=SamplerAnsatzLayer, shots=None, gradient_method=parameter_shift, #
#             input_gradient_method=adjoint, scale_output=False                                                      #
# ARCHITECT.: 16x16 -> CNN(channels=1) -> Linear(qubits) -> ZZFeatureMap statevector -> SamplerAnsatzLayer(default   #
#             VQC) -> Dense                                                                                          #
# MODEL     : num_classes=10, num_qubits=9, num_layers=1                                                             #
# TORCHINFO SUMMARY:                                                                                                 #
# =================================================================                                                  #
# Layer (type:depth-idx)                   Param #                                                                   #
# =================================================================                                                  #
# CNNZZVQCDenseClassifier                  --                                                                        #
# ├─Sequential: 1-1                        --                                                                        #
# │    └─Conv2d: 2-1                       160                                                                       #
# │    └─ReLU: 2-2                         --                                                                        #
# │    └─MaxPool2d: 2-3                    --                                                                        #
# │    └─Conv2d: 2-4                       4,640                                                                     #
# │    └─ReLU: 2-5                         --                                                                        #
# │    └─MaxPool2d: 2-6                    --                                                                        #
# │    └─Flatten: 2-7                      --                                                                        #
# │    └─Linear: 2-8                       4,617                                                                     #
# ├─ZZFeatureMapStatevector: 1-2           --                                                                        #
# ├─SamplerAnsatzLayer: 1-3                27                                                                        #
# ├─Linear: 1-4                            5,130                                                                     #
# ├─LogSoftmax: 1-5                        --                                                                        #
# =================================================================                                                  #
# Total params: 14,574                                                                                               #
# Trainable params: 14,574                                                                                           #
# Non-trainable params: 0                                                                                            #
# =================================================================                                                  #
######################################################################################################################

+---------+--------+--------+--------+--------+--------+--------+--------+--------+--------+--------+
|  Epoch  | TrLoss | TrAcc  | TrPrec | TrRec  |  TrF1  | VaLoss | VaAcc  | VaPrec | VaRec  |  VaF1  |
+=========+========+========+========+========+========+========+========+========+========+========+
|  001/050|  2.2847|  0.1846|  0.2749|  0.1846|  0.1624|  2.2294|  0.5498|  0.5358|  0.5498|  0.4951|
|  002/050|  2.1638|  0.5277|  0.4836|  0.5277|  0.4791|  2.0796|  0.6364|  0.6020|  0.6364|  0.5813|
|  003/050|  2.0007|  0.6211|  0.6117|  0.6211|  0.5937|  1.9087|  0.6926|  0.6475|  0.6926|  0.6306|
|  004/050|  1.8146|  0.7394|  0.7359|  0.7394|  0.7239|  1.7251|  0.7532|  0.7620|  0.7532|  0.7233|
|  005/050|  1.6172|  0.7579|  0.7619|  0.7579|  0.7253|  1.5397|  0.7619|  0.7828|  0.7619|  0.7299|
|  006/050|  1.4127|  0.8371|  0.8397|  0.8371|  0.8230|  1.3223|  0.8355|  0.8457|  0.8355|  0.8214|
|  007/050|  1.1982|  0.8958|  0.8971|  0.8958|  0.8927|  1.1575|  0.8398|  0.8535|  0.8398|  0.8316|
|  008/050|  1.0043|  0.9164|  0.9260|  0.9164|  0.9126|  0.9816|  0.8788|  0.8876|  0.8788|  0.8738|
|  009/050|  0.8382|  0.9240|  0.9310|  0.9240|  0.9210|  0.8232|  0.9091|  0.9177|  0.9091|  0.9088|
|  010/050|  0.6983|  0.9435|  0.9455|  0.9435|  0.9425|  0.7179|  0.8918|  0.9031|  0.8918|  0.8863|
|  011/050|  0.5791|  0.9555|  0.9576|  0.9555|  0.9544|  0.6342|  0.9264|  0.9333|  0.9264|  0.9266|
|  012/050|  0.4780|  0.9685|  0.9697|  0.9685|  0.9682|  0.5870|  0.9091|  0.9151|  0.9091|  0.9071|
|  013/050|  0.4035|  0.9794|  0.9804|  0.9794|  0.9792|  0.4859|  0.9351|  0.9408|  0.9351|  0.9353|
|  014/050|  0.3337|  0.9826|  0.9828|  0.9826|  0.9825|  0.4496|  0.9264|  0.9294|  0.9264|  0.9261|
|  015/050|  0.2802|  0.9891|  0.9893|  0.9891|  0.9891|  0.4057|  0.9394|  0.9433|  0.9394|  0.9402|
|  016/050|  0.2356|  0.9935|  0.9936|  0.9935|  0.9935|  0.3777|  0.9307|  0.9330|  0.9307|  0.9306|
|  017/050|  0.1930|  0.9957|  0.9957|  0.9957|  0.9957|  0.3495|  0.9351|  0.9413|  0.9351|  0.9361|
|  018/050|  0.1683|  0.9967|  0.9968|  0.9967|  0.9967|  0.3499|  0.9394|  0.9479|  0.9394|  0.9398|
|  019/050|  0.1466|  0.9967|  0.9968|  0.9967|  0.9967|  0.2926|  0.9481|  0.9514|  0.9481|  0.9483|
|  020/050|  0.1178|  0.9989|  0.9989|  0.9989|  0.9989|  0.2922|  0.9524|  0.9570|  0.9524|  0.9530|
|  021/050|  0.1045|  0.9989|  0.9989|  0.9989|  0.9989|  0.2787|  0.9481|  0.9522|  0.9481|  0.9483|
|  022/050|  0.0890|  0.9989|  0.9989|  0.9989|  0.9989|  0.2491|  0.9524|  0.9557|  0.9524|  0.9528|
|  023/050|  0.0770|  0.9989|  0.9989|  0.9989|  0.9989|  0.2538|  0.9524|  0.9570|  0.9524|  0.9531|
|  024/050|  0.0691|  0.9989|  0.9989|  0.9989|  0.9989|  0.2535|  0.9481|  0.9541|  0.9481|  0.9490|
|  025/050|  0.0618|  0.9989|  0.9989|  0.9989|  0.9989|  0.2491|  0.9307|  0.9404|  0.9307|  0.9321|
|  026/050|  0.0554|  0.9989|  0.9989|  0.9989|  0.9989|  0.2218|  0.9481|  0.9500|  0.9481|  0.9481|
|  027/050|  0.0491|  0.9989|  0.9989|  0.9989|  0.9989|  0.2140|  0.9567|  0.9602|  0.9567|  0.9571|
|  028/050|  0.0441|  0.9989|  0.9989|  0.9989|  0.9989|  0.2146|  0.9567|  0.9589|  0.9567|  0.9568|
|  029/050|  0.0402|  0.9989|  0.9989|  0.9989|  0.9989|  0.2094|  0.9654|  0.9689|  0.9654|  0.9659|
|  030/050|  0.0361|  0.9989|  0.9989|  0.9989|  0.9989|  0.1976|  0.9567|  0.9587|  0.9567|  0.9567|
|  031/050|  0.0340|  0.9989|  0.9989|  0.9989|  0.9989|  0.2092|  0.9610|  0.9634|  0.9610|  0.9613|
|  032/050|  0.0304|  1.0000|  1.0000|  1.0000|  1.0000|  0.2042|  0.9567|  0.9600|  0.9567|  0.9572|
|  033/050|  0.0278|  1.0000|  1.0000|  1.0000|  1.0000|  0.1875|  0.9654|  0.9689|  0.9654|  0.9659|
|  034/050|  0.0261|  1.0000|  1.0000|  1.0000|  1.0000|  0.1925|  0.9567|  0.9589|  0.9567|  0.9568|
|  035/050|  0.0239|  1.0000|  1.0000|  1.0000|  1.0000|  0.1990|  0.9524|  0.9574|  0.9524|  0.9532|
|  036/050|  0.0219|  1.0000|  1.0000|  1.0000|  1.0000|  0.1833|  0.9567|  0.9589|  0.9567|  0.9569|
|  037/050|  0.0205|  1.0000|  1.0000|  1.0000|  1.0000|  0.1911|  0.9481|  0.9525|  0.9481|  0.9489|
|  038/050|  0.0192|  1.0000|  1.0000|  1.0000|  1.0000|  0.1781|  0.9654|  0.9676|  0.9654|  0.9656|
|  039/050|  0.0183|  1.0000|  1.0000|  1.0000|  1.0000|  0.1843|  0.9524|  0.9550|  0.9524|  0.9529|
|  040/050|  0.0166|  1.0000|  1.0000|  1.0000|  1.0000|  0.1713|  0.9567|  0.9589|  0.9567|  0.9569|
|  041/050|  0.0152|  1.0000|  1.0000|  1.0000|  1.0000|  0.1795|  0.9654|  0.9689|  0.9654|  0.9659|
|  042/050|  0.0145|  1.0000|  1.0000|  1.0000|  1.0000|  0.1780|  0.9567|  0.9602|  0.9567|  0.9571|
|  043/050|  0.0137|  1.0000|  1.0000|  1.0000|  1.0000|  0.1812|  0.9567|  0.9595|  0.9567|  0.9573|
|  044/050|  0.0129|  1.0000|  1.0000|  1.0000|  1.0000|  0.1859|  0.9567|  0.9615|  0.9567|  0.9575|
|  045/050|  0.0123|  1.0000|  1.0000|  1.0000|  1.0000|  0.1664|  0.9610|  0.9628|  0.9610|  0.9613|
|  046/050|  0.0113|  1.0000|  1.0000|  1.0000|  1.0000|  0.1673|  0.9654|  0.9689|  0.9654|  0.9659|
|  047/050|  0.0109|  1.0000|  1.0000|  1.0000|  1.0000|  0.1640|  0.9654|  0.9676|  0.9654|  0.9656|
|  048/050|  0.0103|  1.0000|  1.0000|  1.0000|  1.0000|  0.1687|  0.9610|  0.9643|  0.9610|  0.9616|
|  049/050|  0.0102|  1.0000|  1.0000|  1.0000|  1.0000|  0.1711|  0.9524|  0.9561|  0.9524|  0.9528|
|  050/050|  0.0095|  1.0000|  1.0000|  1.0000|  1.0000|  0.1602|  0.9610|  0.9634|  0.9610|  0.9613|
+---------+--------+--------+--------+--------+--------+--------+--------+--------+--------+--------+

######################################################################################################################
#                                                    TEST RESULTS                                                    #
######################################################################################################################
# LOSS      : 0.2785                                                                                                 #
# ACCURACY  : 0.9236                                                                                                 #
# PRECISION : 0.9292                                                                                                 #
# RECALL    : 0.9236                                                                                                 #
# F1        : 0.9242                                                                                                 #
# CONFUSION MATRIX:                                                                                                  #
# [[27  0  1  0  0  0  1  0  0  0]                                                                                   #
#  [ 0 26  1  0  0  0  2  0  0  0]                                                                                   #
#  [ 0  0 28  0  0  0  0  0  1  0]                                                                                   #
#  [ 0  0  0 27  0  1  0  0  0  1]                                                                                   #
#  [ 0  0  0  0 26  0  1  0  0  1]                                                                                   #
#  [ 1  0  1  0  0 24  0  0  2  0]                                                                                   #
#  [ 2  0  0  0  0  0 27  0  0  0]                                                                                   #
#  [ 0  0  0  0  0  0  0 25  1  3]                                                                                   #
#  [ 0  0  0  0  1  0  0  0 28  0]                                                                                   #
#  [ 0  0  0  0  0  0  0  0  1 28]]                                                                                  #
######################################################################################################################
