######################################################################################################################
#                                            EXPERIMENTAL PROTOCOL REPORT                                            #
######################################################################################################################
# DATE      : 2026-05-17                                                                                             #
# TIME      : 23-41                                                                                                  #
# DATASET   : MNIST digits stratified                                                                                #
# CLASSIFIER: CNN + angle embedding + QNN + Dense                                                                    #
# SUBSET    : 4/5                                                                                                    #
# SPLITS    : train=921, val=231, test=288                                                                           #
# TRAINING  : epochs=30, batch_size=16, device=cpu, qnn_lr=0.0010, head_lr=0.0100                                    #
# MODEL     : num_classes=10, num_qubits=10, num_layers=1                                                            #
# TORCHINFO SUMMARY:                                                                                                 #
# =================================================================                                                  #
# Layer (type:depth-idx)                   Param #                                                                   #
# =================================================================                                                  #
# QNN_Baseline_CNN                         30                                                                        #
# ├─Sequential: 1-1                        --                                                                        #
# │    └─Conv2d: 2-1                       416                                                                       #
# │    └─BatchNorm2d: 2-2                  32                                                                        #
# │    └─ReLU: 2-3                         --                                                                        #
# │    └─MaxPool2d: 2-4                    --                                                                        #
# │    └─Conv2d: 2-5                       12,832                                                                    #
# │    └─BatchNorm2d: 2-6                  64                                                                        #
# │    └─ReLU: 2-7                         --                                                                        #
# │    └─MaxPool2d: 2-8                    --                                                                        #
# ├─Sequential: 1-2                        --                                                                        #
# │    └─Flatten: 2-9                      --                                                                        #
# │    └─Linear: 2-10                      10,260                                                                    #
# │    └─BatchNorm1d: 2-11                 40                                                                        #
# │    └─ReLU: 2-12                        --                                                                        #
# │    └─Linear: 2-13                      210                                                                       #
# ├─TorchConnector: 1-3                    30                                                                        #
# ├─Linear: 1-4                            10,250                                                                    #
# ├─LogSoftmax: 1-5                        --                                                                        #
# =================================================================                                                  #
# Total params: 34,164                                                                                               #
# Trainable params: 34,164                                                                                           #
# Non-trainable params: 0                                                                                            #
# =================================================================                                                  #
######################################################################################################################

+---------+--------+--------+--------+--------+--------+--------+--------+--------+--------+--------+
|  Epoch  | TrLoss | TrAcc  | TrPrec | TrRec  |  TrF1  | VaLoss | VaAcc  | VaPrec | VaRec  |  VaF1  |
+=========+========+========+========+========+========+========+========+========+========+========+
|  001/030|  2.2708|  0.2443|  0.2410|  0.2443|  0.2417|  2.0033|  0.2987|  0.3459|  0.2987|  0.2641|
|  002/030|  1.8914|  0.3507|  0.3448|  0.3507|  0.3465|  1.8847|  0.3593|  0.4752|  0.3593|  0.3324|
|  003/030|  1.8576|  0.3594|  0.3491|  0.3594|  0.3517|  1.7772|  0.3810|  0.4376|  0.3810|  0.3573|
|  004/030|  1.8179|  0.3713|  0.3624|  0.3713|  0.3647|  1.8155|  0.3939|  0.4643|  0.3939|  0.3861|
|  005/030|  1.8160|  0.3811|  0.3788|  0.3811|  0.3788|  1.6522|  0.4113|  0.4139|  0.4113|  0.4007|
|  006/030|  1.6993|  0.4039|  0.3921|  0.4039|  0.3950|  1.6979|  0.4026|  0.3387|  0.4026|  0.3440|
|  007/030|  1.7045|  0.3974|  0.3884|  0.3974|  0.3910|  1.8755|  0.3636|  0.3356|  0.3636|  0.3244|
|  008/030|  1.7785|  0.3811|  0.3732|  0.3811|  0.3759|  1.6951|  0.4242|  0.4210|  0.4242|  0.4079|
|  009/030|  1.7507|  0.4050|  0.3956|  0.4050|  0.3972|  1.7219|  0.3983|  0.4599|  0.3983|  0.3700|
|  010/030|  1.7455|  0.4072|  0.3972|  0.4072|  0.4001|  1.6893|  0.4459|  0.4641|  0.4459|  0.4246|
+---------+--------+--------+--------+--------+--------+--------+--------+--------+--------+--------+

######################################################################################################################
#                                                    TEST RESULTS                                                    #
######################################################################################################################
# LOSS      : 1.6933                                                                                                 #
# ACCURACY  : 0.4653                                                                                                 #
# PRECISION : 0.4647                                                                                                 #
# RECALL    : 0.4653                                                                                                 #
# F1        : 0.4470                                                                                                 #
# CONFUSION MATRIX:                                                                                                  #
# [[17  0  1  3  0  3  0  3  2  0]                                                                                   #
#  [ 0 20  1  1  1  0  1  4  0  1]                                                                                   #
#  [ 0  1 24  1  2  0  0  1  0  0]                                                                                   #
#  [ 4  2  3 10  2  3  1  3  1  0]                                                                                   #
#  [ 0  1  1  1 12  3  1  8  0  1]                                                                                   #
#  [ 0  1  1  6  2 13  3  1  0  1]                                                                                   #
#  [ 1  0  3  6  4  2 11  0  2  0]                                                                                   #
#  [ 1  2  0  1  0  2  0 20  1  2]                                                                                   #
#  [ 1  2  2  5  8  2  3  2  2  2]                                                                                   #
#  [ 0  1  0  3  8  1  0 10  1  5]]                                                                                  #
######################################################################################################################
