######################################################################################################################
#                                            EXPERIMENTAL PROTOCOL REPORT                                            #
######################################################################################################################
# DATE      : 2026-05-17                                                                                             #
# TIME      : 23-41                                                                                                  #
# DATASET   : MNIST digits stratified                                                                                #
# CLASSIFIER: CNN + angle embedding + QNN + Dense                                                                    #
# SUBSET    : 1/5                                                                                                    #
# SPLITS    : train=921, val=231, test=288                                                                           #
# TRAINING  : epochs=30, batch_size=16, device=cpu, qnn_lr=0.0010, head_lr=0.0100                                    #
# ARCHITECT.: (1 x 16 x 16) -> (16 x 8 x 8) -> (32 x 4 x 4) -> (1 x 512) -> Dense(512, n) -> QNN -> Dense(n,         #
#             n_class) -> LogSoftmax                                                                                 #
# MODEL     : num_classes=10, num_qubits=10, num_layers=1                                                            #
# TORCHINFO SUMMARY:                                                                                                 #
# =================================================================                                                  #
# Layer (type:depth-idx)                   Param #                                                                   #
# =================================================================                                                  #
# QNN_Baseline_CNN                         30                                                                        #
# ├─Sequential: 1-1                        --                                                                        #
# │    └─Conv2d: 2-1                       416                                                                       #
# │    └─BatchNorm2d: 2-2                  32                                                                        #
# │    └─ReLU: 2-3                         --                                                                        #
# │    └─MaxPool2d: 2-4                    --                                                                        #
# │    └─Conv2d: 2-5                       12,832                                                                    #
# │    └─BatchNorm2d: 2-6                  64                                                                        #
# │    └─ReLU: 2-7                         --                                                                        #
# │    └─MaxPool2d: 2-8                    --                                                                        #
# ├─Sequential: 1-2                        --                                                                        #
# │    └─Flatten: 2-9                      --                                                                        #
# │    └─Linear: 2-10                      10,260                                                                    #
# │    └─BatchNorm1d: 2-11                 40                                                                        #
# │    └─ReLU: 2-12                        --                                                                        #
# │    └─Linear: 2-13                      210                                                                       #
# ├─TorchConnector: 1-3                    30                                                                        #
# ├─Linear: 1-4                            10,250                                                                    #
# ├─LogSoftmax: 1-5                        --                                                                        #
# =================================================================                                                  #
# Total params: 34,164                                                                                               #
# Trainable params: 34,164                                                                                           #
# Non-trainable params: 0                                                                                            #
# =================================================================                                                  #
######################################################################################################################

+---------+--------+--------+--------+--------+--------+--------+--------+--------+--------+--------+
|  Epoch  | TrLoss | TrAcc  | TrPrec | TrRec  |  TrF1  | VaLoss | VaAcc  | VaPrec | VaRec  |  VaF1  |
+=========+========+========+========+========+========+========+========+========+========+========+
|  001/030|  2.3222|  0.2291|  0.2218|  0.2291|  0.2237|  1.9799|  0.3203|  0.4925|  0.3203|  0.2701|
|  002/030|  1.9299|  0.3464|  0.3376|  0.3464|  0.3408|  1.7136|  0.4329|  0.4503|  0.4329|  0.4038|
|  003/030|  1.9119|  0.3529|  0.3457|  0.3529|  0.3474|  1.7521|  0.3680|  0.4792|  0.3680|  0.3457|
|  004/030|  1.8630|  0.3670|  0.3564|  0.3670|  0.3596|  1.6837|  0.3853|  0.4574|  0.3853|  0.3904|
|  005/030|  1.8126|  0.3746|  0.3684|  0.3746|  0.3700|  1.5792|  0.4719|  0.4820|  0.4719|  0.4595|
|  006/030|  1.8303|  0.3887|  0.3843|  0.3887|  0.3847|  1.6217|  0.4416|  0.4590|  0.4416|  0.4052|
|  007/030|  1.7262|  0.4104|  0.3999|  0.4104|  0.4023|  1.6677|  0.4069|  0.4026|  0.4069|  0.3819|
|  008/030|  1.7262|  0.4061|  0.4028|  0.4061|  0.4035|  1.6014|  0.4459|  0.5377|  0.4459|  0.4288|
|  009/030|  1.7566|  0.4007|  0.3888|  0.4007|  0.3914|  1.6144|  0.4372|  0.4993|  0.4372|  0.4179|
|  010/030|  1.7534|  0.4061|  0.4021|  0.4061|  0.4027|  1.5739|  0.4545|  0.4872|  0.4545|  0.4261|
|  011/030|  1.7122|  0.4115|  0.4044|  0.4115|  0.4060|  1.5955|  0.3853|  0.3824|  0.3853|  0.3629|
|  012/030|  1.6644|  0.4365|  0.4288|  0.4365|  0.4298|  1.6226|  0.4416|  0.4198|  0.4416|  0.4065|
|  013/030|  1.7205|  0.4137|  0.4064|  0.4137|  0.4091|  1.6458|  0.4372|  0.4481|  0.4372|  0.4147|
|  014/030|  1.6990|  0.4148|  0.4050|  0.4148|  0.4078|  1.5270|  0.4632|  0.4929|  0.4632|  0.4512|
|  015/030|  1.7989|  0.3887|  0.3817|  0.3887|  0.3840|  1.6307|  0.4892|  0.5135|  0.4892|  0.4647|
|  016/030|  1.7493|  0.4050|  0.3970|  0.4050|  0.3988|  1.5756|  0.4069|  0.4359|  0.4069|  0.3880|
|  017/030|  1.7272|  0.4267|  0.4171|  0.4267|  0.4200|  1.7327|  0.3810|  0.4903|  0.3810|  0.3789|
|  018/030|  1.7007|  0.4256|  0.4193|  0.4256|  0.4207|  1.6223|  0.3983|  0.4820|  0.3983|  0.3819|
|  019/030|  1.6851|  0.4267|  0.4176|  0.4267|  0.4208|  1.6364|  0.4416|  0.4336|  0.4416|  0.4184|
+---------+--------+--------+--------+--------+--------+--------+--------+--------+--------+--------+

######################################################################################################################
#                                                    TEST RESULTS                                                    #
######################################################################################################################
# LOSS      : 1.6924                                                                                                 #
# ACCURACY  : 0.4236                                                                                                 #
# PRECISION : 0.4374                                                                                                 #
# RECALL    : 0.4236                                                                                                 #
# F1        : 0.4073                                                                                                 #
# CONFUSION MATRIX:                                                                                                  #
# [[26  0  0  1  0  0  1  0  0  1]                                                                                   #
#  [ 1 17  3  0  3  4  0  0  0  1]                                                                                   #
#  [ 5  2 15  3  2  0  0  1  1  0]                                                                                   #
#  [ 4  3  6 10  3  1  1  1  0  0]                                                                                   #
#  [ 2  0  0  4 15  1  0  1  2  3]                                                                                   #
#  [ 5  0  1  2  4  6  2  0  5  3]                                                                                   #
#  [ 5  1  1  1  5  6  4  0  6  0]                                                                                   #
#  [ 3  3  0  1  8  0  0 10  0  4]                                                                                   #
#  [ 3  0  2  5  4  3  2  0 10  0]                                                                                   #
#  [ 4  2  0  1  8  1  0  3  1  9]]                                                                                  #
######################################################################################################################
