######################################################################################################################
#                                            EXPERIMENTAL PROTOCOL REPORT                                            #
######################################################################################################################
# DATE      : 2026-05-17                                                                                             #
# TIME      : 23-41                                                                                                  #
# DATASET   : MNIST digits stratified                                                                                #
# CLASSIFIER: CNN + angle embedding + QNN + Dense                                                                    #
# SUBSET    : 2/5                                                                                                    #
# SPLITS    : train=921, val=231, test=288                                                                           #
# TRAINING  : epochs=30, batch_size=16, device=cpu, qnn_lr=0.0010, head_lr=0.0100                                    #
# MODEL     : num_classes=10, num_qubits=10, num_layers=1                                                            #
# TORCHINFO SUMMARY:                                                                                                 #
# =================================================================                                                  #
# Layer (type:depth-idx)                   Param #                                                                   #
# =================================================================                                                  #
# QNN_Baseline_CNN                         30                                                                        #
# ├─Sequential: 1-1                        --                                                                        #
# │    └─Conv2d: 2-1                       416                                                                       #
# │    └─BatchNorm2d: 2-2                  32                                                                        #
# │    └─ReLU: 2-3                         --                                                                        #
# │    └─MaxPool2d: 2-4                    --                                                                        #
# │    └─Conv2d: 2-5                       12,832                                                                    #
# │    └─BatchNorm2d: 2-6                  64                                                                        #
# │    └─ReLU: 2-7                         --                                                                        #
# │    └─MaxPool2d: 2-8                    --                                                                        #
# ├─Sequential: 1-2                        --                                                                        #
# │    └─Flatten: 2-9                      --                                                                        #
# │    └─Linear: 2-10                      10,260                                                                    #
# │    └─BatchNorm1d: 2-11                 40                                                                        #
# │    └─ReLU: 2-12                        --                                                                        #
# │    └─Linear: 2-13                      210                                                                       #
# ├─TorchConnector: 1-3                    30                                                                        #
# ├─Linear: 1-4                            10,250                                                                    #
# ├─LogSoftmax: 1-5                        --                                                                        #
# =================================================================                                                  #
# Total params: 34,164                                                                                               #
# Trainable params: 34,164                                                                                           #
# Non-trainable params: 0                                                                                            #
# =================================================================                                                  #
######################################################################################################################

+---------+--------+--------+--------+--------+--------+--------+--------+--------+--------+--------+
|  Epoch  | TrLoss | TrAcc  | TrPrec | TrRec  |  TrF1  | VaLoss | VaAcc  | VaPrec | VaRec  |  VaF1  |
+=========+========+========+========+========+========+========+========+========+========+========+
|  001/030|  2.2906|  0.2378|  0.2318|  0.2378|  0.2336|  1.9165|  0.2987|  0.3235|  0.2987|  0.2615|
|  002/030|  1.8340|  0.3605|  0.3518|  0.3605|  0.3549|  1.8091|  0.3896|  0.4262|  0.3896|  0.3620|
|  003/030|  1.8562|  0.3659|  0.3520|  0.3659|  0.3551|  1.7432|  0.3723|  0.4165|  0.3723|  0.3352|
|  004/030|  1.8013|  0.3768|  0.3645|  0.3768|  0.3683|  1.8359|  0.3636|  0.4514|  0.3636|  0.3511|
|  005/030|  1.7752|  0.4061|  0.3960|  0.4061|  0.3992|  1.5553|  0.4502|  0.4268|  0.4502|  0.4348|
|  006/030|  1.7104|  0.4104|  0.4019|  0.4104|  0.4044|  1.6971|  0.4329|  0.4323|  0.4329|  0.4002|
|  007/030|  1.7033|  0.4213|  0.4148|  0.4213|  0.4163|  1.8796|  0.3550|  0.3548|  0.3550|  0.3351|
|  008/030|  1.7579|  0.3768|  0.3677|  0.3768|  0.3708|  1.6414|  0.4242|  0.4765|  0.4242|  0.4090|
|  009/030|  1.7172|  0.4137|  0.3996|  0.4137|  0.4035|  1.7671|  0.4199|  0.4625|  0.4199|  0.3926|
|  010/030|  1.6834|  0.4267|  0.4221|  0.4267|  0.4230|  1.5852|  0.4416|  0.4472|  0.4416|  0.4246|
+---------+--------+--------+--------+--------+--------+--------+--------+--------+--------+--------+

######################################################################################################################
#                                                    TEST RESULTS                                                    #
######################################################################################################################
# LOSS      : 1.5756                                                                                                 #
# ACCURACY  : 0.4375                                                                                                 #
# PRECISION : 0.4301                                                                                                 #
# RECALL    : 0.4375                                                                                                 #
# F1        : 0.4260                                                                                                 #
# CONFUSION MATRIX:                                                                                                  #
# [[14  1  3  3  0  1  2  3  0  2]                                                                                   #
#  [ 0 17  4  1  1  0  2  0  0  4]                                                                                   #
#  [ 3  1 20  3  1  0  1  0  0  0]                                                                                   #
#  [ 4  1  1 16  1  2  0  1  1  2]                                                                                   #
#  [ 0  2  3  1 10  1  2  2  3  4]                                                                                   #
#  [ 1  3  2  5  1  9  4  1  1  1]                                                                                   #
#  [ 4  3  0  4  3  2 12  0  0  1]                                                                                   #
#  [ 0  1  0  2  3  1  0 17  0  5]                                                                                   #
#  [ 1  2  2  5  4  4  7  0  4  0]                                                                                   #
#  [ 1  3  1  3  5  1  1  4  3  7]]                                                                                  #
######################################################################################################################
