######################################################################################################################
#                                            EXPERIMENTAL PROTOCOL REPORT                                            #
######################################################################################################################
# DATE      : 2026-05-17                                                                                             #
# TIME      : 23-41                                                                                                  #
# DATASET   : MNIST digits stratified                                                                                #
# CLASSIFIER: CNN + angle embedding + QNN + Dense                                                                    #
# SUBSET    : 5/5                                                                                                    #
# SPLITS    : train=921, val=231, test=288                                                                           #
# TRAINING  : epochs=30, batch_size=16, device=cpu, qnn_lr=0.0010, head_lr=0.0100                                    #
# MODEL     : num_classes=10, num_qubits=10, num_layers=1                                                            #
# TORCHINFO SUMMARY:                                                                                                 #
# =================================================================                                                  #
# Layer (type:depth-idx)                   Param #                                                                   #
# =================================================================                                                  #
# QNN_Baseline_CNN                         30                                                                        #
# ├─Sequential: 1-1                        --                                                                        #
# │    └─Conv2d: 2-1                       416                                                                       #
# │    └─BatchNorm2d: 2-2                  32                                                                        #
# │    └─ReLU: 2-3                         --                                                                        #
# │    └─MaxPool2d: 2-4                    --                                                                        #
# │    └─Conv2d: 2-5                       12,832                                                                    #
# │    └─BatchNorm2d: 2-6                  64                                                                        #
# │    └─ReLU: 2-7                         --                                                                        #
# │    └─MaxPool2d: 2-8                    --                                                                        #
# ├─Sequential: 1-2                        --                                                                        #
# │    └─Flatten: 2-9                      --                                                                        #
# │    └─Linear: 2-10                      10,260                                                                    #
# │    └─BatchNorm1d: 2-11                 40                                                                        #
# │    └─ReLU: 2-12                        --                                                                        #
# │    └─Linear: 2-13                      210                                                                       #
# ├─TorchConnector: 1-3                    30                                                                        #
# ├─Linear: 1-4                            10,250                                                                    #
# ├─LogSoftmax: 1-5                        --                                                                        #
# =================================================================                                                  #
# Total params: 34,164                                                                                               #
# Trainable params: 34,164                                                                                           #
# Non-trainable params: 0                                                                                            #
# =================================================================                                                  #
######################################################################################################################

+---------+--------+--------+--------+--------+--------+--------+--------+--------+--------+--------+
|  Epoch  | TrLoss | TrAcc  | TrPrec | TrRec  |  TrF1  | VaLoss | VaAcc  | VaPrec | VaRec  |  VaF1  |
+=========+========+========+========+========+========+========+========+========+========+========+
|  001/030|  2.3112|  0.2400|  0.2303|  0.2400|  0.2334|  2.0180|  0.2771|  0.2592|  0.2771|  0.2372|
|  002/030|  1.9459|  0.3420|  0.3345|  0.3420|  0.3366|  1.7832|  0.3593|  0.3767|  0.3593|  0.3330|
|  003/030|  1.8986|  0.3692|  0.3652|  0.3692|  0.3654|  1.8310|  0.3030|  0.3916|  0.3030|  0.2933|
|  004/030|  1.8607|  0.3746|  0.3695|  0.3746|  0.3703|  1.7460|  0.3896|  0.3712|  0.3896|  0.3548|
|  005/030|  1.8007|  0.4104|  0.4047|  0.4104|  0.4069|  1.6980|  0.3896|  0.3900|  0.3896|  0.3768|
|  006/030|  1.8097|  0.3855|  0.3776|  0.3855|  0.3791|  1.6603|  0.4156|  0.4314|  0.4156|  0.3955|
|  007/030|  1.7570|  0.4213|  0.4106|  0.4213|  0.4125|  1.8127|  0.3463|  0.3519|  0.3463|  0.3176|
|  008/030|  1.7577|  0.3974|  0.3968|  0.3974|  0.3967|  1.6387|  0.4026|  0.4801|  0.4026|  0.3814|
|  009/030|  1.7081|  0.4289|  0.4161|  0.4289|  0.4190|  1.6569|  0.4069|  0.4286|  0.4069|  0.3947|
|  010/030|  1.7879|  0.4061|  0.4037|  0.4061|  0.4029|  1.6951|  0.3680|  0.4253|  0.3680|  0.3628|
|  011/030|  1.6864|  0.4408|  0.4304|  0.4408|  0.4337|  1.6481|  0.4026|  0.3560|  0.4026|  0.3706|
|  012/030|  1.7191|  0.4213|  0.4164|  0.4213|  0.4174|  1.6462|  0.4069|  0.4249|  0.4069|  0.3787|
|  013/030|  1.7491|  0.4267|  0.4220|  0.4267|  0.4234|  1.6182|  0.3939|  0.4505|  0.3939|  0.3928|
|  014/030|  1.7355|  0.4235|  0.4136|  0.4235|  0.4166|  1.5489|  0.4156|  0.4186|  0.4156|  0.4054|
|  015/030|  1.7771|  0.4126|  0.4096|  0.4126|  0.4099|  1.6551|  0.3853|  0.4542|  0.3853|  0.3683|
|  016/030|  1.7734|  0.4235|  0.4182|  0.4235|  0.4186|  1.7288|  0.3506|  0.4650|  0.3506|  0.3441|
|  017/030|  1.7142|  0.4300|  0.4207|  0.4300|  0.4240|  1.7890|  0.3333|  0.4369|  0.3333|  0.3254|
|  018/030|  1.7290|  0.4311|  0.4199|  0.4311|  0.4229|  1.7112|  0.4199|  0.5307|  0.4199|  0.4281|
|  019/030|  1.7175|  0.4321|  0.4245|  0.4321|  0.4264|  1.7358|  0.3377|  0.3683|  0.3377|  0.3162|
+---------+--------+--------+--------+--------+--------+--------+--------+--------+--------+--------+

######################################################################################################################
#                                                    TEST RESULTS                                                    #
######################################################################################################################
# LOSS      : 1.5875                                                                                                 #
# ACCURACY  : 0.4583                                                                                                 #
# PRECISION : 0.4805                                                                                                 #
# RECALL    : 0.4583                                                                                                 #
# F1        : 0.4503                                                                                                 #
# CONFUSION MATRIX:                                                                                                  #
# [[18  0  7  4  0  0  0  0  0  0]                                                                                   #
#  [ 2 18  4  1  4  0  0  0  0  0]                                                                                   #
#  [ 4  0 21  1  0  0  0  1  1  1]                                                                                   #
#  [ 1  0  2 16  3  4  1  2  0  0]                                                                                   #
#  [ 1  1  3  1 13  2  1  1  1  4]                                                                                   #
#  [ 2  1  1  5  3  8  2  0  3  3]                                                                                   #
#  [ 5  1  4  3  2  3  6  0  3  2]                                                                                   #
#  [ 2  1  1  0  5  0  0 18  0  2]                                                                                   #
#  [ 0  0  4  4  9  2  2  0  7  1]                                                                                   #
#  [ 1  2  1  4 10  1  1  1  1  7]]                                                                                  #
######################################################################################################################
