=================================================================
Layer (type:depth-idx)                   Param #
=================================================================
QNN_Baseline_CNN                         30
├─Sequential: 1-1                        --
│    └─Conv2d: 2-1                       416
│    └─BatchNorm2d: 2-2                  32
│    └─ReLU: 2-3                         --
│    └─MaxPool2d: 2-4                    --
│    └─Conv2d: 2-5                       12,832
│    └─BatchNorm2d: 2-6                  64
│    └─ReLU: 2-7                         --
│    └─MaxPool2d: 2-8                    --
├─Sequential: 1-2                        --
│    └─Flatten: 2-9                      --
│    └─Linear: 2-10                      10,260
│    └─BatchNorm1d: 2-11                 40
│    └─ReLU: 2-12                        --
│    └─Linear: 2-13                      210
├─TorchConnector: 1-3                    30
├─Linear: 1-4                            10,250
├─LogSoftmax: 1-5                        --
=================================================================
Total params: 34,164
Trainable params: 34,164
Non-trainable params: 0
=================================================================
