######################################################################################################################
#                                            EXPERIMENTAL PROTOCOL REPORT                                            #
######################################################################################################################
# DATE      : 2026-09-23                                                                                             #
# TIME      : 09-24                                                                                                  #
# DATASET   : MNIST digits stratified                                                                                #
# CLASSIFIER: PCA + ZZFeatureMap + SamplerAnsatzLayer + Dense                                                        #
# SUBSET    : 2/5                                                                                                    #
# SPLITS    : train=921, val=231, test=288                                                                           #
# TRAINING  : epochs=50, batch_size=16, device=cpu, qnn_lr=0.0010, head_lr=0.0100, dataset_id=mnist_digits,          #
#             experiment_group=baseline, model_family=quantum_without_geqie, encoding_id=zz_feature_map,             #
#             model_id=pca_vqc_dense, quantum_layer=SamplerAnsatzLayer, shots=None, gradient_method=parameter_shift, #
#             scale_output=False                                                                                     #
# MODEL     : num_classes=10, num_qubits=9, num_layers=1                                                             #
# TORCHINFO SUMMARY:                                                                                                 #
# =================================================================                                                  #
# Layer (type:depth-idx)                   Param #                                                                   #
# =================================================================                                                  #
# PCAZZVQCDenseClassifier                  --                                                                        #
# ├─ZZFeatureMapStatevector: 1-1           --                                                                        #
# ├─SamplerAnsatzLayer: 1-2                27                                                                        #
# ├─Linear: 1-3                            5,130                                                                     #
# ├─LogSoftmax: 1-4                        --                                                                        #
# =================================================================                                                  #
# Total params: 5,157                                                                                                #
# Trainable params: 5,157                                                                                            #
# Non-trainable params: 0                                                                                            #
# =================================================================                                                  #
######################################################################################################################

+---------+--------+--------+--------+--------+--------+--------+--------+--------+--------+--------+
|  Epoch  | TrLoss | TrAcc  | TrPrec | TrRec  |  TrF1  | VaLoss | VaAcc  | VaPrec | VaRec  |  VaF1  |
+=========+========+========+========+========+========+========+========+========+========+========+
|  001/050|  2.3077|  0.0923|  0.0308|  0.0923|  0.0368|  2.3015|  0.0996|  0.0099|  0.0996|  0.0180|
|  002/050|  2.2978|  0.1021|  0.1112|  0.1021|  0.0409|  2.2998|  0.1645|  0.1450|  0.1645|  0.1288|
|  003/050|  2.2919|  0.1357|  0.4290|  0.1357|  0.0951|  2.2987|  0.1385|  0.0466|  0.1385|  0.0619|
|  004/050|  2.2840|  0.2334|  0.4830|  0.2334|  0.1893|  2.2962|  0.1861|  0.1422|  0.1861|  0.1484|
|  005/050|  2.2766|  0.3257|  0.4751|  0.3257|  0.3053|  2.2950|  0.1732|  0.2895|  0.1732|  0.1196|
|  006/050|  2.2686|  0.2834|  0.5938|  0.2834|  0.2631|  2.2923|  0.1905|  0.1656|  0.1905|  0.1475|
|  007/050|  2.2611|  0.3029|  0.5873|  0.3029|  0.2422|  2.2900|  0.1732|  0.2628|  0.1732|  0.1224|
|  008/050|  2.2529|  0.4387|  0.5885|  0.4387|  0.4072|  2.2881|  0.2035|  0.2415|  0.2035|  0.1560|
|  009/050|  2.2443|  0.3931|  0.6256|  0.3931|  0.3790|  2.2864|  0.1602|  0.2295|  0.1602|  0.1499|
|  010/050|  2.2367|  0.5201|  0.6244|  0.5201|  0.5304|  2.2843|  0.2078|  0.1779|  0.2078|  0.1777|
|  011/050|  2.2299|  0.5027|  0.6351|  0.5027|  0.4933|  2.2819|  0.2078|  0.2512|  0.2078|  0.2052|
|  012/050|  2.2219|  0.5005|  0.6276|  0.5005|  0.4869|  2.2795|  0.1991|  0.2216|  0.1991|  0.1912|
|  013/050|  2.2135|  0.4376|  0.6819|  0.4376|  0.4419|  2.2776|  0.1732|  0.2355|  0.1732|  0.1708|
|  014/050|  2.2079|  0.5081|  0.5937|  0.5081|  0.4854|  2.2756|  0.2121|  0.2463|  0.2121|  0.1882|
|  015/050|  2.1976|  0.5993|  0.6553|  0.5993|  0.5937|  2.2735|  0.2035|  0.2509|  0.2035|  0.1893|
|  016/050|  2.1906|  0.6059|  0.6388|  0.6059|  0.6056|  2.2712|  0.2251|  0.2304|  0.2251|  0.2100|
|  017/050|  2.1804|  0.5983|  0.7359|  0.5983|  0.5948|  2.2687|  0.1905|  0.1683|  0.1905|  0.1681|
|  018/050|  2.1745|  0.5722|  0.6626|  0.5722|  0.5791|  2.2657|  0.1991|  0.2335|  0.1991|  0.1849|
|  019/050|  2.1655|  0.6319|  0.7050|  0.6319|  0.6262|  2.2636|  0.1905|  0.2062|  0.1905|  0.1814|
|  020/050|  2.1573|  0.6504|  0.7032|  0.6504|  0.6423|  2.2621|  0.1991|  0.1865|  0.1991|  0.1907|
|  021/050|  2.1494|  0.6547|  0.6990|  0.6547|  0.6553|  2.2598|  0.1861|  0.2210|  0.1861|  0.1848|
|  022/050|  2.1402|  0.6938|  0.7177|  0.6938|  0.6935|  2.2576|  0.1905|  0.1907|  0.1905|  0.1876|
|  023/050|  2.1330|  0.6439|  0.7244|  0.6439|  0.6486|  2.2547|  0.1991|  0.1904|  0.1991|  0.1854|
|  024/050|  2.1265|  0.6048|  0.7381|  0.6048|  0.6131|  2.2534|  0.2078|  0.2173|  0.2078|  0.2064|
|  025/050|  2.1168|  0.6884|  0.7210|  0.6884|  0.6859|  2.2510|  0.2035|  0.2138|  0.2035|  0.1951|
|  026/050|  2.1087|  0.7123|  0.7420|  0.7123|  0.7134|  2.2496|  0.2078|  0.2175|  0.2078|  0.2029|
|  027/050|  2.1019|  0.6992|  0.7237|  0.6992|  0.6966|  2.2472|  0.1905|  0.1830|  0.1905|  0.1780|
|  028/050|  2.0933|  0.7014|  0.7337|  0.7014|  0.6991|  2.2444|  0.1991|  0.1899|  0.1991|  0.1867|
|  029/050|  2.0851|  0.7144|  0.7443|  0.7144|  0.7112|  2.2425|  0.1948|  0.1980|  0.1948|  0.1849|
|  030/050|  2.0773|  0.7166|  0.7444|  0.7166|  0.7164|  2.2407|  0.1861|  0.2051|  0.1861|  0.1903|
|  031/050|  2.0701|  0.7155|  0.7343|  0.7155|  0.7151|  2.2392|  0.2165|  0.2188|  0.2165|  0.2111|
|  032/050|  2.0608|  0.7307|  0.7471|  0.7307|  0.7323|  2.2361|  0.1991|  0.1935|  0.1991|  0.1890|
|  033/050|  2.0534|  0.7199|  0.7439|  0.7199|  0.7182|  2.2345|  0.2165|  0.2218|  0.2165|  0.2176|
|  034/050|  2.0469|  0.7275|  0.7302|  0.7275|  0.7253|  2.2337|  0.1991|  0.1949|  0.1991|  0.1895|
|  035/050|  2.0402|  0.7058|  0.7188|  0.7058|  0.7015|  2.2312|  0.1818|  0.2302|  0.1818|  0.1810|
|  036/050|  2.0304|  0.7340|  0.7550|  0.7340|  0.7334|  2.2289|  0.2035|  0.2180|  0.2035|  0.2080|
|  037/050|  2.0231|  0.7416|  0.7508|  0.7416|  0.7395|  2.2271|  0.1991|  0.1898|  0.1991|  0.1843|
|  038/050|  2.0156|  0.7188|  0.7548|  0.7188|  0.7164|  2.2249|  0.1991|  0.2045|  0.1991|  0.1928|
|  039/050|  2.0067|  0.7492|  0.7561|  0.7492|  0.7467|  2.2227|  0.1948|  0.2041|  0.1948|  0.1966|
|  040/050|  2.0003|  0.7470|  0.7650|  0.7470|  0.7459|  2.2208|  0.1991|  0.2097|  0.1991|  0.1971|
|  041/050|  1.9930|  0.7340|  0.7515|  0.7340|  0.7343|  2.2190|  0.2078|  0.2146|  0.2078|  0.2012|
|  042/050|  1.9837|  0.7655|  0.7769|  0.7655|  0.7634|  2.2170|  0.1905|  0.1832|  0.1905|  0.1820|
|  043/050|  1.9771|  0.7600|  0.7698|  0.7600|  0.7589|  2.2153|  0.2121|  0.2134|  0.2121|  0.2106|
|  044/050|  1.9698|  0.7655|  0.7743|  0.7655|  0.7645|  2.2136|  0.2121|  0.2306|  0.2121|  0.2129|
|  045/050|  1.9619|  0.7600|  0.7737|  0.7600|  0.7593|  2.2123|  0.2035|  0.2209|  0.2035|  0.2018|
|  046/050|  1.9550|  0.7611|  0.7683|  0.7611|  0.7603|  2.2104|  0.2121|  0.2119|  0.2121|  0.2091|
|  047/050|  1.9482|  0.7633|  0.7706|  0.7633|  0.7626|  2.2084|  0.2078|  0.2101|  0.2078|  0.2033|
|  048/050|  1.9406|  0.7687|  0.7747|  0.7687|  0.7673|  2.2060|  0.2078|  0.2196|  0.2078|  0.2086|
|  049/050|  1.9331|  0.7687|  0.7823|  0.7687|  0.7672|  2.2046|  0.1905|  0.1793|  0.1905|  0.1796|
|  050/050|  1.9259|  0.7600|  0.7745|  0.7600|  0.7582|  2.2035|  0.1991|  0.2053|  0.1991|  0.1978|
+---------+--------+--------+--------+--------+--------+--------+--------+--------+--------+--------+

######################################################################################################################
#                                                    TEST RESULTS                                                    #
######################################################################################################################
# LOSS      : 2.2190                                                                                                 #
# ACCURACY  : 0.2118                                                                                                 #
# PRECISION : 0.2090                                                                                                 #
# RECALL    : 0.2118                                                                                                 #
# F1        : 0.2016                                                                                                 #
# CONFUSION MATRIX:                                                                                                  #
# [[ 6  4  1  7  2  1  1  5  0  2]                                                                                   #
#  [ 0 14  3  3  2  1  2  3  1  0]                                                                                   #
#  [ 2  2  6  6  0  2  3  5  1  2]                                                                                   #
#  [ 1  1  4  8  2  2  4  5  1  1]                                                                                   #
#  [ 3  3  4  2  3  0  4  3  2  4]                                                                                   #
#  [ 4  4  5  2  2  1  3  2  3  2]                                                                                   #
#  [ 1  6  4  2  1  2  6  5  0  2]                                                                                   #
#  [ 0  2  0  6  1  1  3  9  0  7]                                                                                   #
#  [ 2  2  6  4  2  1  4  4  4  0]                                                                                   #
#  [ 2  1  1  4  3  3  4  6  1  4]]                                                                                  #
######################################################################################################################
