######################################################################################################################
#                                            EXPERIMENTAL PROTOCOL REPORT                                            #
######################################################################################################################
# DATE      : 2026-05-18                                                                                             #
# TIME      : 08-22                                                                                                  #
# DATASET   : MNIST digits stratified                                                                                #
# CLASSIFIER: SimpleCNNBaseline                                                                                      #
# SUBSET    : 2/5                                                                                                    #
# SPLITS    : train=921, val=231, test=288                                                                           #
# TRAINING  : epochs=50, batch_size=64, lr=0.0010, device=cpu                                                        #
# MODEL     : num_classes=10                                                                                         #
# TORCHINFO SUMMARY:                                                                                                 #
# =================================================================                                                  #
# Layer (type:depth-idx)                   Param #                                                                   #
# =================================================================                                                  #
# SimpleCNNBaseline                        --                                                                        #
# ├─Sequential: 1-1                        --                                                                        #
# │    └─Conv2d: 2-1                       160                                                                       #
# │    └─ReLU: 2-2                         --                                                                        #
# │    └─MaxPool2d: 2-3                    --                                                                        #
# │    └─Conv2d: 2-4                       4,640                                                                     #
# │    └─ReLU: 2-5                         --                                                                        #
# │    └─MaxPool2d: 2-6                    --                                                                        #
# ├─Sequential: 1-2                        --                                                                        #
# │    └─Flatten: 2-7                      --                                                                        #
# │    └─Linear: 2-8                       32,832                                                                    #
# │    └─ReLU: 2-9                         --                                                                        #
# │    └─Linear: 2-10                      650                                                                       #
# =================================================================                                                  #
# Total params: 38,282                                                                                               #
# Trainable params: 38,282                                                                                           #
# Non-trainable params: 0                                                                                            #
# =================================================================                                                  #
######################################################################################################################

+---------+--------+--------+--------+--------+--------+--------+--------+--------+--------+--------+
|  Epoch  | TrLoss | TrAcc  | TrPrec | TrRec  |  TrF1  | VaLoss | VaAcc  | VaPrec | VaRec  |  VaF1  |
+=========+========+========+========+========+========+========+========+========+========+========+
|  001/050|  2.2792|  0.1303|  0.0797|  0.1303|  0.0569|  2.2397|  0.2944|  0.4164|  0.2944|  0.2418|
|  002/050|  2.1568|  0.3507|  0.5783|  0.3507|  0.3050|  2.0371|  0.4459|  0.5337|  0.4459|  0.3957|
|  003/050|  1.8131|  0.5765|  0.6813|  0.5765|  0.5649|  1.5241|  0.7056|  0.7586|  0.7056|  0.6895|
|  004/050|  1.2190|  0.7177|  0.7294|  0.7177|  0.7125|  0.9905|  0.7359|  0.7968|  0.7359|  0.7315|
|  005/050|  0.8286|  0.7655|  0.7652|  0.7655|  0.7633|  0.7073|  0.8095|  0.8260|  0.8095|  0.8099|
|  006/050|  0.6271|  0.8132|  0.8118|  0.8132|  0.8112|  0.5910|  0.8182|  0.8548|  0.8182|  0.8172|
|  007/050|  0.5511|  0.8284|  0.8292|  0.8284|  0.8277|  0.5459|  0.8312|  0.8507|  0.8312|  0.8311|
|  008/050|  0.4875|  0.8360|  0.8351|  0.8360|  0.8353|  0.4881|  0.8355|  0.8503|  0.8355|  0.8337|
|  009/050|  0.4279|  0.8632|  0.8621|  0.8632|  0.8622|  0.4508|  0.8701|  0.8795|  0.8701|  0.8706|
|  010/050|  0.3962|  0.8773|  0.8784|  0.8773|  0.8775|  0.4007|  0.8788|  0.8884|  0.8788|  0.8786|
|  011/050|  0.3466|  0.8893|  0.8897|  0.8893|  0.8890|  0.4411|  0.8918|  0.9073|  0.8918|  0.8912|
|  012/050|  0.3328|  0.8882|  0.8896|  0.8882|  0.8883|  0.4174|  0.8658|  0.8913|  0.8658|  0.8652|
|  013/050|  0.3098|  0.8969|  0.8969|  0.8969|  0.8967|  0.3635|  0.8831|  0.8941|  0.8831|  0.8837|
|  014/050|  0.2923|  0.9164|  0.9162|  0.9164|  0.9160|  0.3304|  0.8745|  0.8941|  0.8745|  0.8764|
|  015/050|  0.2767|  0.9153|  0.9157|  0.9153|  0.9152|  0.3380|  0.8874|  0.9059|  0.8874|  0.8901|
|  016/050|  0.2499|  0.9197|  0.9199|  0.9197|  0.9195|  0.3041|  0.9004|  0.9096|  0.9004|  0.9015|
|  017/050|  0.2263|  0.9316|  0.9327|  0.9316|  0.9316|  0.3078|  0.8961|  0.9067|  0.8961|  0.8962|
|  018/050|  0.2103|  0.9316|  0.9317|  0.9316|  0.9314|  0.2766|  0.9048|  0.9127|  0.9048|  0.9050|
|  019/050|  0.2382|  0.9186|  0.9192|  0.9186|  0.9186|  0.3267|  0.8831|  0.9010|  0.8831|  0.8849|
|  020/050|  0.1859|  0.9403|  0.9402|  0.9403|  0.9401|  0.2712|  0.8961|  0.9086|  0.8961|  0.8975|
|  021/050|  0.1816|  0.9381|  0.9383|  0.9381|  0.9379|  0.2641|  0.9091|  0.9215|  0.9091|  0.9115|
|  022/050|  0.1729|  0.9468|  0.9477|  0.9468|  0.9470|  0.2448|  0.9221|  0.9274|  0.9221|  0.9226|
|  023/050|  0.1497|  0.9533|  0.9534|  0.9533|  0.9532|  0.2520|  0.9177|  0.9259|  0.9177|  0.9191|
|  024/050|  0.1595|  0.9479|  0.9483|  0.9479|  0.9477|  0.2684|  0.9091|  0.9167|  0.9091|  0.9096|
|  025/050|  0.1497|  0.9468|  0.9472|  0.9468|  0.9467|  0.2748|  0.9177|  0.9254|  0.9177|  0.9190|
|  026/050|  0.1400|  0.9511|  0.9512|  0.9511|  0.9509|  0.3555|  0.8918|  0.9242|  0.8918|  0.8976|
|  027/050|  0.1571|  0.9468|  0.9467|  0.9468|  0.9466|  0.2693|  0.9177|  0.9304|  0.9177|  0.9197|
+---------+--------+--------+--------+--------+--------+--------+--------+--------+--------+--------+

######################################################################################################################
#                                                    TEST RESULTS                                                    #
######################################################################################################################
# LOSS      : 0.2211                                                                                                 #
# ACCURACY  : 0.9271                                                                                                 #
# PRECISION : 0.9277                                                                                                 #
# RECALL    : 0.9271                                                                                                 #
# F1        : 0.9265                                                                                                 #
# CONFUSION MATRIX:                                                                                                  #
# [[29  0  0  0  0  0  0  0  0  0]                                                                                   #
#  [ 0 28  0  0  0  0  0  0  0  1]                                                                                   #
#  [ 0  0 28  1  0  0  0  0  0  0]                                                                                   #
#  [ 0  0  0 25  0  2  0  1  1  0]                                                                                   #
#  [ 0  0  1  0 26  0  0  0  1  0]                                                                                   #
#  [ 1  0  1  0  0 25  1  0  0  0]                                                                                   #
#  [ 2  0  0  0  1  0 26  0  0  0]                                                                                   #
#  [ 0  0  0  0  0  0  0 29  0  0]                                                                                   #
#  [ 0  1  0  1  0  0  1  0 26  0]                                                                                   #
#  [ 0  0  0  0  2  1  0  1  0 25]]                                                                                  #
######################################################################################################################
