######################################################################################################################
#                                            EXPERIMENTAL PROTOCOL REPORT                                            #
######################################################################################################################
# DATE      : 2026-05-18                                                                                             #
# TIME      : 08-22                                                                                                  #
# DATASET   : MNIST digits stratified                                                                                #
# CLASSIFIER: SimpleCNNBaseline                                                                                      #
# SUBSET    : 5/5                                                                                                    #
# SPLITS    : train=921, val=231, test=288                                                                           #
# TRAINING  : epochs=50, batch_size=64, lr=0.0010, device=cpu                                                        #
# MODEL     : num_classes=10                                                                                         #
# TORCHINFO SUMMARY:                                                                                                 #
# =================================================================                                                  #
# Layer (type:depth-idx)                   Param #                                                                   #
# =================================================================                                                  #
# SimpleCNNBaseline                        --                                                                        #
# ├─Sequential: 1-1                        --                                                                        #
# │    └─Conv2d: 2-1                       160                                                                       #
# │    └─ReLU: 2-2                         --                                                                        #
# │    └─MaxPool2d: 2-3                    --                                                                        #
# │    └─Conv2d: 2-4                       4,640                                                                     #
# │    └─ReLU: 2-5                         --                                                                        #
# │    └─MaxPool2d: 2-6                    --                                                                        #
# ├─Sequential: 1-2                        --                                                                        #
# │    └─Flatten: 2-7                      --                                                                        #
# │    └─Linear: 2-8                       32,832                                                                    #
# │    └─ReLU: 2-9                         --                                                                        #
# │    └─Linear: 2-10                      650                                                                       #
# =================================================================                                                  #
# Total params: 38,282                                                                                               #
# Trainable params: 38,282                                                                                           #
# Non-trainable params: 0                                                                                            #
# =================================================================                                                  #
######################################################################################################################

+---------+--------+--------+--------+--------+--------+--------+--------+--------+--------+--------+
|  Epoch  | TrLoss | TrAcc  | TrPrec | TrRec  |  TrF1  | VaLoss | VaAcc  | VaPrec | VaRec  |  VaF1  |
+=========+========+========+========+========+========+========+========+========+========+========+
|  001/050|  2.2856|  0.1792|  0.2761|  0.1792|  0.1537|  2.2509|  0.2944|  0.5230|  0.2944|  0.2378|
|  002/050|  2.1879|  0.4137|  0.5296|  0.4137|  0.3548|  2.1025|  0.5238|  0.6313|  0.5238|  0.5007|
|  003/050|  1.9411|  0.5309|  0.6123|  0.5309|  0.4770|  1.7440|  0.6320|  0.6751|  0.6320|  0.6111|
|  004/050|  1.4567|  0.6221|  0.6539|  0.6221|  0.6024|  1.3014|  0.5974|  0.6844|  0.5974|  0.5681|
|  005/050|  1.0238|  0.7144|  0.7177|  0.7144|  0.7082|  0.9967|  0.6407|  0.6243|  0.6407|  0.6130|
|  006/050|  0.7655|  0.7676|  0.7662|  0.7676|  0.7613|  0.7829|  0.7403|  0.7749|  0.7403|  0.7280|
|  007/050|  0.6119|  0.8100|  0.8092|  0.8100|  0.8083|  0.6990|  0.7619|  0.7221|  0.7619|  0.7299|
|  008/050|  0.5762|  0.8382|  0.8369|  0.8382|  0.8358|  0.6061|  0.8095|  0.8172|  0.8095|  0.8054|
|  009/050|  0.4555|  0.8697|  0.8696|  0.8697|  0.8691|  0.5561|  0.8442|  0.8552|  0.8442|  0.8433|
|  010/050|  0.4648|  0.8654|  0.8662|  0.8654|  0.8649|  0.5336|  0.8528|  0.8612|  0.8528|  0.8554|
|  011/050|  0.4321|  0.8730|  0.8729|  0.8730|  0.8726|  0.5058|  0.8571|  0.8649|  0.8571|  0.8590|
|  012/050|  0.3786|  0.8903|  0.8904|  0.8903|  0.8902|  0.4875|  0.8701|  0.8773|  0.8701|  0.8702|
|  013/050|  0.3295|  0.9001|  0.9004|  0.9001|  0.9000|  0.4674|  0.8571|  0.8661|  0.8571|  0.8551|
|  014/050|  0.3102|  0.9066|  0.9070|  0.9066|  0.9066|  0.4751|  0.8528|  0.8737|  0.8528|  0.8537|
|  015/050|  0.3121|  0.9121|  0.9128|  0.9121|  0.9122|  0.4332|  0.8745|  0.8805|  0.8745|  0.8747|
|  016/050|  0.2675|  0.9218|  0.9219|  0.9218|  0.9215|  0.3948|  0.8961|  0.8974|  0.8961|  0.8957|
|  017/050|  0.2609|  0.9153|  0.9164|  0.9153|  0.9154|  0.4026|  0.8961|  0.9042|  0.8961|  0.8963|
|  018/050|  0.2497|  0.9240|  0.9245|  0.9240|  0.9240|  0.3666|  0.9048|  0.9085|  0.9048|  0.9054|
|  019/050|  0.2354|  0.9251|  0.9251|  0.9251|  0.9247|  0.3586|  0.9004|  0.9029|  0.9004|  0.9004|
|  020/050|  0.2174|  0.9305|  0.9305|  0.9305|  0.9303|  0.3427|  0.8961|  0.9027|  0.8961|  0.8965|
|  021/050|  0.2091|  0.9338|  0.9343|  0.9338|  0.9338|  0.3506|  0.8918|  0.8949|  0.8918|  0.8915|
|  022/050|  0.1949|  0.9457|  0.9462|  0.9457|  0.9456|  0.3383|  0.8874|  0.8932|  0.8874|  0.8883|
|  023/050|  0.1751|  0.9468|  0.9467|  0.9468|  0.9467|  0.3149|  0.9134|  0.9164|  0.9134|  0.9139|
|  024/050|  0.1734|  0.9490|  0.9490|  0.9490|  0.9487|  0.3612|  0.9091|  0.9124|  0.9091|  0.9085|
|  025/050|  0.1728|  0.9425|  0.9430|  0.9425|  0.9425|  0.3478|  0.9004|  0.9044|  0.9004|  0.9004|
|  026/050|  0.1567|  0.9533|  0.9537|  0.9533|  0.9533|  0.3169|  0.9091|  0.9138|  0.9091|  0.9091|
|  027/050|  0.1634|  0.9555|  0.9558|  0.9555|  0.9554|  0.3157|  0.9221|  0.9225|  0.9221|  0.9213|
|  028/050|  0.1385|  0.9577|  0.9577|  0.9577|  0.9575|  0.3037|  0.9091|  0.9115|  0.9091|  0.9091|
|  029/050|  0.1348|  0.9522|  0.9527|  0.9522|  0.9523|  0.2899|  0.9177|  0.9191|  0.9177|  0.9177|
|  030/050|  0.1318|  0.9609|  0.9611|  0.9609|  0.9608|  0.3117|  0.9048|  0.9101|  0.9048|  0.9058|
|  031/050|  0.1178|  0.9631|  0.9639|  0.9631|  0.9631|  0.2949|  0.9134|  0.9156|  0.9134|  0.9131|
|  032/050|  0.1068|  0.9718|  0.9717|  0.9718|  0.9716|  0.2900|  0.9134|  0.9177|  0.9134|  0.9136|
|  033/050|  0.1034|  0.9663|  0.9667|  0.9663|  0.9663|  0.3084|  0.9004|  0.9095|  0.9004|  0.9021|
|  034/050|  0.1074|  0.9707|  0.9708|  0.9707|  0.9706|  0.3135|  0.9177|  0.9217|  0.9177|  0.9177|
+---------+--------+--------+--------+--------+--------+--------+--------+--------+--------+--------+

######################################################################################################################
#                                                    TEST RESULTS                                                    #
######################################################################################################################
# LOSS      : 0.2706                                                                                                 #
# ACCURACY  : 0.9132                                                                                                 #
# PRECISION : 0.9210                                                                                                 #
# RECALL    : 0.9132                                                                                                 #
# F1        : 0.9145                                                                                                 #
# CONFUSION MATRIX:                                                                                                  #
# [[27  0  0  0  0  0  0  0  1  1]                                                                                   #
#  [ 0 25  1  0  0  0  0  0  3  0]                                                                                   #
#  [ 0  0 28  0  0  0  0  0  1  0]                                                                                   #
#  [ 0  0  3 24  0  1  0  0  1  0]                                                                                   #
#  [ 0  0  0  0 26  0  0  0  0  2]                                                                                   #
#  [ 1  0  0  0  0 24  0  0  3  0]                                                                                   #
#  [ 1  0  1  0  0  0 27  0  0  0]                                                                                   #
#  [ 0  0  0  1  0  0  0 28  0  0]                                                                                   #
#  [ 0  0  0  1  0  0  0  0 27  1]                                                                                   #
#  [ 0  0  0  1  1  0  0  0  0 27]]                                                                                  #
######################################################################################################################
