######################################################################################################################
#                                            EXPERIMENTAL PROTOCOL REPORT                                            #
######################################################################################################################
# DATE      : 2026-05-18                                                                                             #
# TIME      : 08-22                                                                                                  #
# DATASET   : MNIST digits stratified                                                                                #
# CLASSIFIER: SimpleCNNBaseline                                                                                      #
# SUBSET    : 3/5                                                                                                    #
# SPLITS    : train=921, val=231, test=288                                                                           #
# TRAINING  : epochs=50, batch_size=64, lr=0.0010, device=cpu                                                        #
# MODEL     : num_classes=10                                                                                         #
# TORCHINFO SUMMARY:                                                                                                 #
# =================================================================                                                  #
# Layer (type:depth-idx)                   Param #                                                                   #
# =================================================================                                                  #
# SimpleCNNBaseline                        --                                                                        #
# ├─Sequential: 1-1                        --                                                                        #
# │    └─Conv2d: 2-1                       160                                                                       #
# │    └─ReLU: 2-2                         --                                                                        #
# │    └─MaxPool2d: 2-3                    --                                                                        #
# │    └─Conv2d: 2-4                       4,640                                                                     #
# │    └─ReLU: 2-5                         --                                                                        #
# │    └─MaxPool2d: 2-6                    --                                                                        #
# ├─Sequential: 1-2                        --                                                                        #
# │    └─Flatten: 2-7                      --                                                                        #
# │    └─Linear: 2-8                       32,832                                                                    #
# │    └─ReLU: 2-9                         --                                                                        #
# │    └─Linear: 2-10                      650                                                                       #
# =================================================================                                                  #
# Total params: 38,282                                                                                               #
# Trainable params: 38,282                                                                                           #
# Non-trainable params: 0                                                                                            #
# =================================================================                                                  #
######################################################################################################################

+---------+--------+--------+--------+--------+--------+--------+--------+--------+--------+--------+
|  Epoch  | TrLoss | TrAcc  | TrPrec | TrRec  |  TrF1  | VaLoss | VaAcc  | VaPrec | VaRec  |  VaF1  |
+=========+========+========+========+========+========+========+========+========+========+========+
|  001/050|  2.2865|  0.1564|  0.1687|  0.1564|  0.0998|  2.2451|  0.3247|  0.2957|  0.3247|  0.2537|
|  002/050|  2.1685|  0.3735|  0.5536|  0.3735|  0.3457|  2.0664|  0.4935|  0.6093|  0.4935|  0.4549|
|  003/050|  1.8716|  0.5114|  0.6380|  0.5114|  0.4693|  1.6533|  0.6277|  0.6918|  0.6277|  0.6170|
|  004/050|  1.3511|  0.7101|  0.7102|  0.7101|  0.6991|  1.1385|  0.6840|  0.7470|  0.6840|  0.6765|
|  005/050|  0.9028|  0.7459|  0.7472|  0.7459|  0.7423|  0.9010|  0.7056|  0.7697|  0.7056|  0.6940|
|  006/050|  0.7115|  0.7796|  0.7784|  0.7796|  0.7772|  0.7443|  0.7619|  0.7905|  0.7619|  0.7656|
|  007/050|  0.6009|  0.8198|  0.8216|  0.8198|  0.8180|  0.6294|  0.7965|  0.8199|  0.7965|  0.7989|
|  008/050|  0.4968|  0.8610|  0.8612|  0.8610|  0.8608|  0.5745|  0.8139|  0.8227|  0.8139|  0.8113|
|  009/050|  0.4717|  0.8599|  0.8591|  0.8599|  0.8592|  0.5682|  0.8268|  0.8385|  0.8268|  0.8239|
|  010/050|  0.4491|  0.8719|  0.8716|  0.8719|  0.8713|  0.5231|  0.8442|  0.8545|  0.8442|  0.8425|
|  011/050|  0.3661|  0.8958|  0.8958|  0.8958|  0.8953|  0.4817|  0.8528|  0.8656|  0.8528|  0.8532|
|  012/050|  0.3359|  0.9153|  0.9161|  0.9153|  0.9154|  0.4570|  0.8615|  0.8738|  0.8615|  0.8620|
|  013/050|  0.3176|  0.9131|  0.9140|  0.9131|  0.9133|  0.4758|  0.8398|  0.8502|  0.8398|  0.8387|
|  014/050|  0.3108|  0.9034|  0.9030|  0.9034|  0.9027|  0.4728|  0.8658|  0.8761|  0.8658|  0.8655|
|  015/050|  0.2936|  0.9045|  0.9050|  0.9045|  0.9044|  0.4359|  0.8701|  0.8869|  0.8701|  0.8718|
|  016/050|  0.2803|  0.9186|  0.9195|  0.9186|  0.9188|  0.3975|  0.8701|  0.8786|  0.8701|  0.8704|
|  017/050|  0.2556|  0.9186|  0.9184|  0.9186|  0.9182|  0.3776|  0.8831|  0.8884|  0.8831|  0.8824|
|  018/050|  0.2332|  0.9273|  0.9285|  0.9273|  0.9275|  0.3914|  0.8874|  0.8935|  0.8874|  0.8868|
|  019/050|  0.2091|  0.9370|  0.9372|  0.9370|  0.9370|  0.3694|  0.8874|  0.8982|  0.8874|  0.8882|
|  020/050|  0.2050|  0.9414|  0.9417|  0.9414|  0.9412|  0.3798|  0.8788|  0.8912|  0.8788|  0.8799|
|  021/050|  0.1894|  0.9457|  0.9459|  0.9457|  0.9457|  0.3487|  0.9004|  0.9075|  0.9004|  0.9005|
|  022/050|  0.1785|  0.9511|  0.9512|  0.9511|  0.9511|  0.3387|  0.9004|  0.9051|  0.9004|  0.8996|
|  023/050|  0.1666|  0.9577|  0.9578|  0.9577|  0.9576|  0.3543|  0.8918|  0.9009|  0.8918|  0.8916|
|  024/050|  0.1507|  0.9566|  0.9568|  0.9566|  0.9566|  0.3542|  0.9004|  0.9071|  0.9004|  0.9009|
|  025/050|  0.1457|  0.9609|  0.9610|  0.9609|  0.9609|  0.3708|  0.8918|  0.9021|  0.8918|  0.8915|
|  026/050|  0.1497|  0.9566|  0.9567|  0.9566|  0.9566|  0.3080|  0.9091|  0.9124|  0.9091|  0.9092|
|  027/050|  0.1316|  0.9609|  0.9612|  0.9609|  0.9609|  0.3450|  0.9091|  0.9196|  0.9091|  0.9093|
|  028/050|  0.1135|  0.9739|  0.9741|  0.9739|  0.9739|  0.3201|  0.9177|  0.9222|  0.9177|  0.9175|
|  029/050|  0.1132|  0.9718|  0.9718|  0.9718|  0.9717|  0.3020|  0.9177|  0.9220|  0.9177|  0.9180|
|  030/050|  0.1091|  0.9750|  0.9752|  0.9750|  0.9750|  0.3209|  0.9091|  0.9151|  0.9091|  0.9095|
|  031/050|  0.0994|  0.9761|  0.9761|  0.9761|  0.9761|  0.3129|  0.9134|  0.9185|  0.9134|  0.9133|
|  032/050|  0.0901|  0.9783|  0.9783|  0.9783|  0.9783|  0.3258|  0.9134|  0.9209|  0.9134|  0.9134|
|  033/050|  0.1007|  0.9718|  0.9720|  0.9718|  0.9717|  0.2993|  0.9134|  0.9169|  0.9134|  0.9138|
|  034/050|  0.0992|  0.9761|  0.9763|  0.9761|  0.9760|  0.3344|  0.9221|  0.9268|  0.9221|  0.9220|
|  035/050|  0.0932|  0.9718|  0.9719|  0.9718|  0.9717|  0.3455|  0.9177|  0.9234|  0.9177|  0.9179|
|  036/050|  0.0921|  0.9729|  0.9728|  0.9729|  0.9728|  0.3157|  0.9091|  0.9181|  0.9091|  0.9100|
|  037/050|  0.0730|  0.9805|  0.9805|  0.9805|  0.9804|  0.3106|  0.9307|  0.9342|  0.9307|  0.9304|
|  038/050|  0.0663|  0.9805|  0.9804|  0.9805|  0.9804|  0.3172|  0.9221|  0.9269|  0.9221|  0.9218|
+---------+--------+--------+--------+--------+--------+--------+--------+--------+--------+--------+

######################################################################################################################
#                                                    TEST RESULTS                                                    #
######################################################################################################################
# LOSS      : 0.3567                                                                                                 #
# ACCURACY  : 0.9132                                                                                                 #
# PRECISION : 0.9158                                                                                                 #
# RECALL    : 0.9132                                                                                                 #
# F1        : 0.9130                                                                                                 #
# CONFUSION MATRIX:                                                                                                  #
# [[29  0  0  0  0  0  0  0  0  0]                                                                                   #
#  [ 0 27  0  0  0  0  1  0  1  0]                                                                                   #
#  [ 0  0 27  0  0  0  0  0  1  1]                                                                                   #
#  [ 0  0  0 26  0  1  0  0  1  1]                                                                                   #
#  [ 0  0  0  0 26  0  0  0  0  2]                                                                                   #
#  [ 1  0  0  0  0 26  1  0  0  0]                                                                                   #
#  [ 0  0  0  0  0  0 29  0  0  0]                                                                                   #
#  [ 0  0  0  0  0  0  0 26  2  1]                                                                                   #
#  [ 0  0  0  0  2  3  2  0 21  1]                                                                                   #
#  [ 0  0  1  1  1  0  0  0  0 26]]                                                                                  #
######################################################################################################################
