######################################################################################################################
#                                            EXPERIMENTAL PROTOCOL REPORT                                            #
######################################################################################################################
# DATE      : 2026-08-13                                                                                             #
# TIME      : 14-48                                                                                                  #
# DATASET   : MNIST digits stratified                                                                                #
# CLASSIFIER: Dense classifier                                                                                       #
# SUBSET    : 2/5                                                                                                    #
# SPLITS    : train=921, val=231, test=288                                                                           #
# TRAINING  : epochs=50, batch_size=16, device=cpu, qnn_lr=0.0010, head_lr=0.0100, dataset_id=cifar_bw,              #
#             experiment_group=baseline, model_family=classical, encoding_id=raw_pixels, model_id=dense_classifier   #
# MODEL     : num_classes=10, num_qubits=0, num_layers=0                                                             #
# TORCHINFO SUMMARY:                                                                                                 #
# torchinfo.summary unavailable: No module named 'torchinfo'                                                         #
######################################################################################################################

+---------+--------+--------+--------+--------+--------+--------+--------+--------+--------+--------+
|  Epoch  | TrLoss | TrAcc  | TrPrec | TrRec  |  TrF1  | VaLoss | VaAcc  | VaPrec | VaRec  |  VaF1  |
+=========+========+========+========+========+========+========+========+========+========+========+
|  001/050| -0.0978|  0.0977|  0.0603|  0.0977|  0.0544| -0.1120|  0.0996|  0.0152|  0.0996|  0.0233|
|  002/050| -0.1211|  0.1227|  0.0236|  0.1227|  0.0392| -0.1315|  0.1515|  0.0300|  0.1515|  0.0501|
|  003/050| -0.1469|  0.1574|  0.0446|  0.1574|  0.0670| -0.1412|  0.1558|  0.0478|  0.1558|  0.0608|
|  004/050| -0.1610|  0.1737|  0.0546|  0.1737|  0.0823| -0.1441|  0.1515|  0.0419|  0.1515|  0.0623|
|  005/050| -0.1779|  0.1965|  0.0604|  0.1965|  0.0921| -0.1507|  0.1429|  0.0369|  0.1429|  0.0530|
|  006/050| -0.1633|  0.1672|  0.0531|  0.1672|  0.0799| -0.1468|  0.1515|  0.0435|  0.1515|  0.0669|
|  007/050| -0.1804|  0.1954|  0.0685|  0.1954|  0.0939| -0.1521|  0.1645|  0.0508|  0.1645|  0.0768|
|  008/050| -0.1863|  0.2030|  0.0882|  0.2030|  0.1124| -0.1602|  0.1732|  0.0743|  0.1732|  0.0940|
|  009/050| -0.1845|  0.1944|  0.0975|  0.1944|  0.1117| -0.1531|  0.1515|  0.0440|  0.1515|  0.0674|
|  010/050| -0.1954|  0.2139|  0.0835|  0.2139|  0.1193| -0.1673|  0.1775|  0.0694|  0.1775|  0.0993|
|  011/050| -0.2039|  0.2161|  0.1127|  0.2161|  0.1282| -0.1577|  0.1688|  0.0674|  0.1688|  0.0894|
|  012/050| -0.2082|  0.2237|  0.1172|  0.2237|  0.1404| -0.1741|  0.1948|  0.1045|  0.1948|  0.1237|
|  013/050| -0.2123|  0.2378|  0.1180|  0.2378|  0.1540| -0.1754|  0.2035|  0.0963|  0.2035|  0.1215|
|  014/050| -0.2168|  0.2334|  0.1163|  0.2334|  0.1434| -0.1594|  0.1645|  0.0853|  0.1645|  0.1070|
|  015/050| -0.2171|  0.2367|  0.1209|  0.2367|  0.1537| -0.1751|  0.1991|  0.0850|  0.1991|  0.1159|
|  016/050| -0.2264|  0.2552|  0.1302|  0.2552|  0.1674| -0.1767|  0.1991|  0.1135|  0.1991|  0.1239|
|  017/050| -0.2288|  0.2530|  0.1288|  0.2530|  0.1665| -0.1786|  0.1861|  0.0933|  0.1861|  0.1199|
|  018/050| -0.2343|  0.2584|  0.1352|  0.2584|  0.1677| -0.1830|  0.2165|  0.1052|  0.2165|  0.1351|
|  019/050| -0.2398|  0.2638|  0.1342|  0.2638|  0.1735| -0.1809|  0.2035|  0.1115|  0.2035|  0.1304|
|  020/050| -0.2370|  0.2660|  0.1398|  0.2660|  0.1751| -0.1817|  0.2035|  0.0998|  0.2035|  0.1274|
|  021/050| -0.2381|  0.2606|  0.1315|  0.2606|  0.1687| -0.1747|  0.1861|  0.0813|  0.1861|  0.1045|
|  022/050| -0.2328|  0.2530|  0.1303|  0.2530|  0.1672| -0.1787|  0.1775|  0.1037|  0.1775|  0.1129|
|  023/050| -0.2441|  0.2562|  0.1303|  0.2562|  0.1669| -0.1795|  0.1688|  0.0799|  0.1688|  0.1022|
+---------+--------+--------+--------+--------+--------+--------+--------+--------+--------+--------+

######################################################################################################################
#                                                    TEST RESULTS                                                    #
######################################################################################################################
# LOSS      : -0.2080                                                                                                #
# ACCURACY  : 0.2292                                                                                                 #
# PRECISION : 0.1172                                                                                                 #
# RECALL    : 0.2292                                                                                                 #
# F1        : 0.1520                                                                                                 #
# CONFUSION MATRIX:                                                                                                  #
# [[ 0  0 14  0  1  0  2  8  0  4]                                                                                   #
#  [ 0  0  6  0  1  0  7  6  0  9]                                                                                   #
#  [ 0  0 17  0  0  0  3  5  0  4]                                                                                   #
#  [ 0  0  7  0  8  0  7  5  0  2]                                                                                   #
#  [ 0  0 10  0  7  0  2  7  0  2]                                                                                   #
#  [ 0  0 11  0  5  0  4  7  0  1]                                                                                   #
#  [ 0  0  9  0  3  0 12  2  0  3]                                                                                   #
#  [ 0  0  8  0  3  0  3 12  0  3]                                                                                   #
#  [ 0  0  7  0  3  0  6  2  0 11]                                                                                   #
#  [ 0  0  3  0  2  0  1  5  0 18]]                                                                                  #
######################################################################################################################
