######################################################################################################################
#                                            EXPERIMENTAL PROTOCOL REPORT                                            #
######################################################################################################################
# DATE      : 2026-08-13                                                                                             #
# TIME      : 14-48                                                                                                  #
# DATASET   : MNIST digits stratified                                                                                #
# CLASSIFIER: Dense classifier                                                                                       #
# SUBSET    : 3/5                                                                                                    #
# SPLITS    : train=921, val=231, test=288                                                                           #
# TRAINING  : epochs=50, batch_size=16, device=cpu, qnn_lr=0.0010, head_lr=0.0100, dataset_id=cifar_bw,              #
#             experiment_group=baseline, model_family=classical, encoding_id=raw_pixels, model_id=dense_classifier   #
# MODEL     : num_classes=10, num_qubits=0, num_layers=0                                                             #
# TORCHINFO SUMMARY:                                                                                                 #
# torchinfo.summary unavailable: No module named 'torchinfo'                                                         #
######################################################################################################################

+---------+--------+--------+--------+--------+--------+--------+--------+--------+--------+--------+
|  Epoch  | TrLoss | TrAcc  | TrPrec | TrRec  |  TrF1  | VaLoss | VaAcc  | VaPrec | VaRec  |  VaF1  |
+=========+========+========+========+========+========+========+========+========+========+========+
|  001/050| -0.1012|  0.1021|  0.0663|  0.1021|  0.0563| -0.1089|  0.0996|  0.0246|  0.0996|  0.0369|
|  002/050| -0.1286|  0.1433|  0.0490|  0.1433|  0.0621| -0.1115|  0.1169|  0.0247|  0.1169|  0.0400|
|  003/050| -0.1418|  0.1509|  0.0688|  0.1509|  0.0720| -0.1149|  0.1039|  0.0305|  0.1039|  0.0418|
|  004/050| -0.1458|  0.1596|  0.0490|  0.1596|  0.0743| -0.1159|  0.1126|  0.0222|  0.1126|  0.0369|
|  005/050| -0.1577|  0.1748|  0.0726|  0.1748|  0.0899| -0.1173|  0.1212|  0.0348|  0.1212|  0.0530|
|  006/050| -0.1658|  0.1868|  0.0574|  0.1868|  0.0872| -0.1179|  0.1126|  0.0231|  0.1126|  0.0382|
|  007/050| -0.1633|  0.1716|  0.0794|  0.1716|  0.0935| -0.1163|  0.1299|  0.0506|  0.1299|  0.0694|
|  008/050| -0.1692|  0.1846|  0.1199|  0.1846|  0.1060| -0.1253|  0.1342|  0.0499|  0.1342|  0.0678|
|  009/050| -0.1692|  0.1922|  0.0786|  0.1922|  0.1097| -0.1252|  0.1255|  0.0543|  0.1255|  0.0679|
|  010/050| -0.1821|  0.1944|  0.1348|  0.1944|  0.1118| -0.1290|  0.1255|  0.0644|  0.1255|  0.0764|
|  011/050| -0.1881|  0.2085|  0.1116|  0.2085|  0.1386| -0.1294|  0.1385|  0.1527|  0.1385|  0.0822|
|  012/050| -0.1924|  0.2052|  0.1198|  0.2052|  0.1254| -0.1270|  0.1212|  0.0602|  0.1212|  0.0694|
|  013/050| -0.1959|  0.2074|  0.1075|  0.2074|  0.1385| -0.1286|  0.1299|  0.0840|  0.1299|  0.0759|
|  014/050| -0.2012|  0.2258|  0.1203|  0.2258|  0.1504| -0.1213|  0.1299|  0.1267|  0.1299|  0.0524|
|  015/050| -0.1969|  0.2161|  0.1177|  0.2161|  0.1456| -0.1231|  0.1255|  0.0740|  0.1255|  0.0759|
|  016/050| -0.2042|  0.2226|  0.1178|  0.2226|  0.1486| -0.1261|  0.1385|  0.0651|  0.1385|  0.0841|
+---------+--------+--------+--------+--------+--------+--------+--------+--------+--------+--------+

######################################################################################################################
#                                                    TEST RESULTS                                                    #
######################################################################################################################
# LOSS      : -0.1526                                                                                                #
# ACCURACY  : 0.1701                                                                                                 #
# PRECISION : 0.0737                                                                                                 #
# RECALL    : 0.1701                                                                                                 #
# F1        : 0.0988                                                                                                 #
# CONFUSION MATRIX:                                                                                                  #
# [[ 0  3  0  1  0  0 10 15  0  0]                                                                                   #
#  [ 0 12  0  4  0  0  7  6  0  0]                                                                                   #
#  [ 0  2  0  3  0  0 10 14  0  0]                                                                                   #
#  [ 0  3  0  9  0  0  8  9  0  0]                                                                                   #
#  [ 0  3  0  3  0  0  5 17  0  0]                                                                                   #
#  [ 0  2  0  4  0  0  8 14  0  0]                                                                                   #
#  [ 0  4  0  2  0  0 10 13  0  0]                                                                                   #
#  [ 0  4  0  4  0  0  3 18  0  0]                                                                                   #
#  [ 0 17  0  2  0  0  8  2  0  0]                                                                                   #
#  [ 0 17  0  3  0  0  5  4  0  0]]                                                                                  #
######################################################################################################################
