######################################################################################################################
#                                            EXPERIMENTAL PROTOCOL REPORT                                            #
######################################################################################################################
# DATE      : 2026-08-13                                                                                             #
# TIME      : 14-48                                                                                                  #
# DATASET   : MNIST digits stratified                                                                                #
# CLASSIFIER: Dense classifier                                                                                       #
# SUBSET    : 5/5                                                                                                    #
# SPLITS    : train=921, val=231, test=288                                                                           #
# TRAINING  : epochs=50, batch_size=16, device=cpu, qnn_lr=0.0010, head_lr=0.0100, dataset_id=cifar_bw,              #
#             experiment_group=baseline, model_family=classical, encoding_id=raw_pixels, model_id=dense_classifier   #
# MODEL     : num_classes=10, num_qubits=0, num_layers=0                                                             #
# TORCHINFO SUMMARY:                                                                                                 #
# torchinfo.summary unavailable: No module named 'torchinfo'                                                         #
######################################################################################################################

+---------+--------+--------+--------+--------+--------+--------+--------+--------+--------+--------+
|  Epoch  | TrLoss | TrAcc  | TrPrec | TrRec  |  TrF1  | VaLoss | VaAcc  | VaPrec | VaRec  |  VaF1  |
+=========+========+========+========+========+========+========+========+========+========+========+
|  001/050| -0.0930|  0.0912|  0.0873|  0.0912|  0.0434| -0.1266|  0.1385|  0.2309|  0.1385|  0.0677|
|  002/050| -0.1455|  0.1574|  0.0701|  0.1574|  0.0805| -0.1424|  0.1645|  0.0682|  0.1645|  0.0628|
|  003/050| -0.1593|  0.1694|  0.1650|  0.1694|  0.0821| -0.1452|  0.1299|  0.0292|  0.1299|  0.0476|
|  004/050| -0.1741|  0.1900|  0.2014|  0.1900|  0.1076| -0.1652|  0.1818|  0.1008|  0.1818|  0.1121|
|  005/050| -0.1806|  0.2150|  0.1587|  0.2150|  0.1338| -0.1695|  0.1818|  0.1029|  0.1818|  0.1168|
|  006/050| -0.1932|  0.2161|  0.1750|  0.2161|  0.1473| -0.1668|  0.1602|  0.0962|  0.1602|  0.0987|
|  007/050| -0.1930|  0.2161|  0.1679|  0.2161|  0.1456| -0.1786|  0.1818|  0.1221|  0.1818|  0.1156|
|  008/050| -0.1817|  0.1944|  0.1163|  0.1944|  0.1139| -0.1740|  0.1732|  0.1121|  0.1732|  0.1120|
|  009/050| -0.2103|  0.2291|  0.1589|  0.2291|  0.1624| -0.1874|  0.2121|  0.1455|  0.2121|  0.1311|
|  010/050| -0.2160|  0.2443|  0.1758|  0.2443|  0.1765| -0.1836|  0.1775|  0.1170|  0.1775|  0.1039|
|  011/050| -0.2217|  0.2508|  0.1790|  0.2508|  0.1809| -0.1950|  0.2035|  0.1365|  0.2035|  0.1322|
|  012/050| -0.2213|  0.2519|  0.3025|  0.2519|  0.1893| -0.1818|  0.1905|  0.1625|  0.1905|  0.1471|
|  013/050| -0.2289|  0.2617|  0.2863|  0.2617|  0.1952| -0.1915|  0.2121|  0.1778|  0.2121|  0.1518|
|  014/050| -0.2312|  0.2519|  0.3008|  0.2519|  0.1890| -0.1887|  0.1818|  0.0954|  0.1818|  0.1166|
|  015/050| -0.2377|  0.2649|  0.2818|  0.2649|  0.1980| -0.1921|  0.1991|  0.1225|  0.1991|  0.1276|
|  016/050| -0.2401|  0.2617|  0.3060|  0.2617|  0.1975| -0.1868|  0.1818|  0.1301|  0.1818|  0.1279|
+---------+--------+--------+--------+--------+--------+--------+--------+--------+--------+--------+

######################################################################################################################
#                                                    TEST RESULTS                                                    #
######################################################################################################################
# LOSS      : -0.1625                                                                                                #
# ACCURACY  : 0.1806                                                                                                 #
# PRECISION : 0.1117                                                                                                 #
# RECALL    : 0.1806                                                                                                 #
# F1        : 0.1193                                                                                                 #
# CONFUSION MATRIX:                                                                                                  #
# [[ 0  1  0  0 20  2  0  0  0  6]                                                                                   #
#  [ 0  8  0  0  7  0  1  0  0 13]                                                                                   #
#  [ 0  0  0  0 20  3  0  0  0  6]                                                                                   #
#  [ 0  1  0  0 18  4  0  0  0  6]                                                                                   #
#  [ 0  2  0  1 17  1  1  0  0  6]                                                                                   #
#  [ 0  1  0  3 12 10  1  0  0  1]                                                                                   #
#  [ 0  3  0  0 12  8  2  0  0  4]                                                                                   #
#  [ 0  3  0  2 17  1  2  0  0  4]                                                                                   #
#  [ 0  6  0  0  6  2  0  0  0 15]                                                                                   #
#  [ 0  4  0  0  6  2  2  0  0 15]]                                                                                  #
######################################################################################################################
