######################################################################################################################
#                                            EXPERIMENTAL PROTOCOL REPORT                                            #
######################################################################################################################
# DATE      : 2026-08-13                                                                                             #
# TIME      : 14-48                                                                                                  #
# DATASET   : MNIST digits stratified                                                                                #
# CLASSIFIER: Dense classifier                                                                                       #
# SUBSET    : 4/5                                                                                                    #
# SPLITS    : train=921, val=231, test=288                                                                           #
# TRAINING  : epochs=50, batch_size=16, device=cpu, qnn_lr=0.0010, head_lr=0.0100, dataset_id=cifar_bw,              #
#             experiment_group=baseline, model_family=classical, encoding_id=raw_pixels, model_id=dense_classifier   #
# MODEL     : num_classes=10, num_qubits=0, num_layers=0                                                             #
# TORCHINFO SUMMARY:                                                                                                 #
# torchinfo.summary unavailable: No module named 'torchinfo'                                                         #
######################################################################################################################

+---------+--------+--------+--------+--------+--------+--------+--------+--------+--------+--------+
|  Epoch  | TrLoss | TrAcc  | TrPrec | TrRec  |  TrF1  | VaLoss | VaAcc  | VaPrec | VaRec  |  VaF1  |
+=========+========+========+========+========+========+========+========+========+========+========+
|  001/050| -0.1081|  0.1086|  0.0496|  0.1086|  0.0529| -0.1285|  0.1212|  0.0232|  0.1212|  0.0364|
|  002/050| -0.1402|  0.1553|  0.0580|  0.1553|  0.0659| -0.1449|  0.1688|  0.0336|  0.1688|  0.0560|
|  003/050| -0.1528|  0.1574|  0.0577|  0.1574|  0.0594| -0.1539|  0.1732|  0.0857|  0.1732|  0.0733|
|  004/050| -0.1540|  0.1618|  0.0650|  0.1618|  0.0890| -0.1558|  0.1688|  0.0357|  0.1688|  0.0586|
|  005/050| -0.1718|  0.1802|  0.0813|  0.1802|  0.0935| -0.1653|  0.1818|  0.0551|  0.1818|  0.0832|
|  006/050| -0.1774|  0.1857|  0.0810|  0.1857|  0.1012| -0.1513|  0.1602|  0.0713|  0.1602|  0.0865|
|  007/050| -0.1869|  0.2020|  0.1054|  0.2020|  0.1304| -0.1707|  0.1861|  0.0772|  0.1861|  0.0890|
|  008/050| -0.1894|  0.2020|  0.0997|  0.2020|  0.1153| -0.1735|  0.1861|  0.1065|  0.1861|  0.1083|
|  009/050| -0.1970|  0.2128|  0.1232|  0.2128|  0.1279| -0.1696|  0.1905|  0.1064|  0.1905|  0.1154|
|  010/050| -0.1992|  0.2172|  0.1173|  0.2172|  0.1321| -0.1797|  0.2251|  0.1220|  0.2251|  0.1444|
|  011/050| -0.2053|  0.2367|  0.1363|  0.2367|  0.1584| -0.1806|  0.1991|  0.0900|  0.1991|  0.1043|
|  012/050| -0.2111|  0.2291|  0.1313|  0.2291|  0.1508| -0.1851|  0.2078|  0.0978|  0.2078|  0.1227|
|  013/050| -0.2126|  0.2367|  0.1283|  0.2367|  0.1544| -0.1822|  0.1991|  0.1311|  0.1991|  0.1268|
|  014/050| -0.2108|  0.2280|  0.1259|  0.2280|  0.1446| -0.1806|  0.1948|  0.1211|  0.1948|  0.1144|
|  015/050| -0.2187|  0.2443|  0.1323|  0.2443|  0.1617| -0.1847|  0.1991|  0.1252|  0.1991|  0.1183|
|  016/050| -0.2154|  0.2291|  0.1332|  0.2291|  0.1529| -0.1823|  0.2035|  0.1127|  0.2035|  0.1295|
|  017/050| -0.2208|  0.2432|  0.1355|  0.2432|  0.1621| -0.1850|  0.2078|  0.1149|  0.2078|  0.1247|
+---------+--------+--------+--------+--------+--------+--------+--------+--------+--------+--------+

######################################################################################################################
#                                                    TEST RESULTS                                                    #
######################################################################################################################
# LOSS      : -0.1861                                                                                                #
# ACCURACY  : 0.1979                                                                                                 #
# PRECISION : 0.1859                                                                                                 #
# RECALL    : 0.1979                                                                                                 #
# F1        : 0.1168                                                                                                 #
# CONFUSION MATRIX:                                                                                                  #
# [[ 0  5  0  2 14  0  0  0  0  8]                                                                                   #
#  [ 0 11  0  1  6  0  0  0  0 11]                                                                                   #
#  [ 0  2  0  3 22  0  0  0  0  2]                                                                                   #
#  [ 0  4  0  5 14  0  0  0  0  6]                                                                                   #
#  [ 0  0  0  3 22  0  0  0  0  3]                                                                                   #
#  [ 0  1  0  4 17  0  0  0  0  6]                                                                                   #
#  [ 0  2  0  3 22  0  1  0  0  1]                                                                                   #
#  [ 0  2  0  8 12  0  0  0  0  7]                                                                                   #
#  [ 0  4  0  1 11  0  0  0  0 13]                                                                                   #
#  [ 0  6  0  1  4  0  0  0  0 18]]                                                                                  #
######################################################################################################################
