######################################################################################################################
#                                            EXPERIMENTAL PROTOCOL REPORT                                            #
######################################################################################################################
# DATE      : 2026-09-23                                                                                             #
# TIME      : 17-08                                                                                                  #
# DATASET   : MNIST digits stratified                                                                                #
# CLASSIFIER: CNN + ZZFeatureMap + SamplerAnsatzLayer + Dense                                                        #
# SUBSET    : 1/5                                                                                                    #
# SPLITS    : train=921, val=231, test=288                                                                           #
# TRAINING  : epochs=50, batch_size=16, device=cpu, qnn_lr=0.0010, head_lr=0.0100, dataset_id=mnist_fashion,         #
#             experiment_group=baseline, model_family=quantum_without_geqie, encoding_id=zz_feature_map,             #
#             model_id=cnn_vqc_dense, quantum_layer=SamplerAnsatzLayer, shots=None, gradient_method=parameter_shift, #
#             input_gradient_method=adjoint, scale_output=False                                                      #
# ARCHITECT.: 16x16 -> CNN(channels=1) -> Linear(qubits) -> ZZFeatureMap statevector -> SamplerAnsatzLayer(default   #
#             VQC) -> Dense                                                                                          #
# MODEL     : num_classes=10, num_qubits=9, num_layers=1                                                             #
# TORCHINFO SUMMARY:                                                                                                 #
# =================================================================                                                  #
# Layer (type:depth-idx)                   Param #                                                                   #
# =================================================================                                                  #
# CNNZZVQCDenseClassifier                  --                                                                        #
# ├─Sequential: 1-1                        --                                                                        #
# │    └─Conv2d: 2-1                       160                                                                       #
# │    └─ReLU: 2-2                         --                                                                        #
# │    └─MaxPool2d: 2-3                    --                                                                        #
# │    └─Conv2d: 2-4                       4,640                                                                     #
# │    └─ReLU: 2-5                         --                                                                        #
# │    └─MaxPool2d: 2-6                    --                                                                        #
# │    └─Flatten: 2-7                      --                                                                        #
# │    └─Linear: 2-8                       4,617                                                                     #
# ├─ZZFeatureMapStatevector: 1-2           --                                                                        #
# ├─SamplerAnsatzLayer: 1-3                27                                                                        #
# ├─Linear: 1-4                            5,130                                                                     #
# ├─LogSoftmax: 1-5                        --                                                                        #
# =================================================================                                                  #
# Total params: 14,574                                                                                               #
# Trainable params: 14,574                                                                                           #
# Non-trainable params: 0                                                                                            #
# =================================================================                                                  #
######################################################################################################################

+---------+--------+--------+--------+--------+--------+--------+--------+--------+--------+--------+
|  Epoch  | TrLoss | TrAcc  | TrPrec | TrRec  |  TrF1  | VaLoss | VaAcc  | VaPrec | VaRec  |  VaF1  |
+=========+========+========+========+========+========+========+========+========+========+========+
|  001/050|  2.2581|  0.2302|  0.3867|  0.2302|  0.2152|  2.1700|  0.5368|  0.5812|  0.5368|  0.4846|
|  002/050|  2.0797|  0.5505|  0.5679|  0.5505|  0.5311|  1.9548|  0.5671|  0.5376|  0.5671|  0.4739|
|  003/050|  1.8644|  0.5624|  0.5626|  0.5624|  0.5223|  1.7303|  0.6277|  0.7374|  0.6277|  0.5735|
|  004/050|  1.6525|  0.5809|  0.5869|  0.5809|  0.5357|  1.5341|  0.5974|  0.6376|  0.5974|  0.5338|
|  005/050|  1.4629|  0.6319|  0.6306|  0.6319|  0.5952|  1.3601|  0.6580|  0.6585|  0.6580|  0.6343|
|  006/050|  1.3121|  0.6363|  0.6391|  0.6363|  0.6024|  1.2160|  0.6883|  0.6916|  0.6883|  0.6580|
|  007/050|  1.1768|  0.6797|  0.6604|  0.6797|  0.6559|  1.1089|  0.6797|  0.7445|  0.6797|  0.6362|
|  008/050|  1.0793|  0.7112|  0.6945|  0.7112|  0.6887|  1.0333|  0.7100|  0.7281|  0.7100|  0.6989|
|  009/050|  0.9853|  0.7242|  0.7091|  0.7242|  0.7091|  0.9388|  0.7403|  0.7506|  0.7403|  0.7221|
|  010/050|  0.9091|  0.7470|  0.7310|  0.7470|  0.7227|  0.8805|  0.7446|  0.7532|  0.7446|  0.7380|
|  011/050|  0.8423|  0.7774|  0.7626|  0.7774|  0.7643|  0.8594|  0.7403|  0.7428|  0.7403|  0.7239|
|  012/050|  0.7895|  0.8002|  0.7869|  0.8002|  0.7840|  0.8179|  0.7749|  0.7765|  0.7749|  0.7697|
|  013/050|  0.7439|  0.7959|  0.7881|  0.7959|  0.7833|  0.7928|  0.7706|  0.7795|  0.7706|  0.7584|
|  014/050|  0.7121|  0.8046|  0.7969|  0.8046|  0.7914|  0.7641|  0.7619|  0.7681|  0.7619|  0.7512|
|  015/050|  0.6676|  0.8208|  0.8094|  0.8208|  0.8060|  0.7298|  0.8052|  0.8131|  0.8052|  0.8016|
|  016/050|  0.6194|  0.8480|  0.8427|  0.8480|  0.8373|  0.6890|  0.8009|  0.8058|  0.8009|  0.7974|
|  017/050|  0.5769|  0.8491|  0.8409|  0.8491|  0.8375|  0.6929|  0.8009|  0.8090|  0.8009|  0.8011|
|  018/050|  0.5489|  0.8436|  0.8414|  0.8436|  0.8338|  0.6701|  0.8095|  0.8120|  0.8095|  0.8055|
|  019/050|  0.5192|  0.8730|  0.8765|  0.8730|  0.8665|  0.6661|  0.7922|  0.7983|  0.7922|  0.7901|
|  020/050|  0.4875|  0.8849|  0.8852|  0.8849|  0.8790|  0.6502|  0.8009|  0.8145|  0.8009|  0.8002|
|  021/050|  0.4515|  0.8860|  0.8897|  0.8860|  0.8800|  0.6293|  0.8182|  0.8287|  0.8182|  0.8168|
|  022/050|  0.4344|  0.9055|  0.9045|  0.9055|  0.9020|  0.6290|  0.8225|  0.8242|  0.8225|  0.8192|
|  023/050|  0.4128|  0.9099|  0.9130|  0.9099|  0.9053|  0.6662|  0.8095|  0.8081|  0.8095|  0.8034|
|  024/050|  0.3814|  0.9077|  0.9088|  0.9077|  0.9036|  0.5886|  0.8355|  0.8410|  0.8355|  0.8356|
|  025/050|  0.3476|  0.9207|  0.9227|  0.9207|  0.9165|  0.5903|  0.8312|  0.8388|  0.8312|  0.8328|
|  026/050|  0.3248|  0.9316|  0.9330|  0.9316|  0.9285|  0.5980|  0.8312|  0.8318|  0.8312|  0.8296|
|  027/050|  0.3055|  0.9490|  0.9506|  0.9490|  0.9478|  0.6159|  0.8139|  0.8291|  0.8139|  0.8143|
|  028/050|  0.2775|  0.9425|  0.9432|  0.9425|  0.9406|  0.6084|  0.8052|  0.8145|  0.8052|  0.8065|
|  029/050|  0.2657|  0.9522|  0.9528|  0.9522|  0.9507|  0.6165|  0.8009|  0.8094|  0.8009|  0.8012|
+---------+--------+--------+--------+--------+--------+--------+--------+--------+--------+--------+

######################################################################################################################
#                                                    TEST RESULTS                                                    #
######################################################################################################################
# LOSS      : 0.6323                                                                                                 #
# ACCURACY  : 0.7882                                                                                                 #
# PRECISION : 0.7897                                                                                                 #
# RECALL    : 0.7882                                                                                                 #
# F1        : 0.7830                                                                                                 #
# CONFUSION MATRIX:                                                                                                  #
# [[25  0  1  3  0  0  0  0  0  0]                                                                                   #
#  [ 1 26  0  1  0  0  1  0  0  0]                                                                                   #
#  [ 0  0 14  1  8  0  6  0  0  0]                                                                                   #
#  [ 0  0  0 24  4  0  1  0  0  0]                                                                                   #
#  [ 0  0  2  0 23  1  2  0  0  0]                                                                                   #
#  [ 0  0  0  0  0 23  0  3  0  2]                                                                                   #
#  [ 6  0  4  3  5  0 11  0  0  0]                                                                                   #
#  [ 0  0  0  0  0  1  0 27  0  1]                                                                                   #
#  [ 0  0  0  0  0  0  0  0 29  0]                                                                                   #
#  [ 0  0  0  0  0  1  0  3  0 25]]                                                                                  #
######################################################################################################################
